******************************************************************************
                  MSP430 Linker PC v4.3.3                      
******************************************************************************
>> Linked Mon Oct 20 19:57:54 2014

OUTPUT FILE NAME:   <Demo_KEY_LED_BLE.out>
ENTRY POINT SYMBOL: "_c_int00"  address: 00004c7a


MEMORY CONFIGURATION

         name            origin    length      used     unused   attr    fill
----------------------  --------  ---------  --------  --------  ----  --------
  SFR                   00000000   00000010  00000000  00000010  RWIX
  PERIPHERALS_8BIT      00000010   000000f0  00000000  000000f0  RWIX
  PERIPHERALS_16BIT     00000100   00000100  00000000  00000100  RWIX
  INFOD                 00001800   00000080  00000000  00000080  RWIX
  INFOC                 00001880   00000080  00000000  00000080  RWIX
  INFOB                 00001900   00000080  00000000  00000080  RWIX
  INFOA                 00001980   00000080  00000000  00000080  RWIX
  RAM                   00001c00   00002800  00000cbb  00001b45  RWIX
  FLASH                 00004400   0000bb80  00008cd2  00002eae  RWIX
  INT00                 0000ff80   00000002  00000000  00000002  RWIX
  INT01                 0000ff82   00000002  00000000  00000002  RWIX
  INT02                 0000ff84   00000002  00000000  00000002  RWIX
  INT03                 0000ff86   00000002  00000000  00000002  RWIX
  INT04                 0000ff88   00000002  00000000  00000002  RWIX
  INT05                 0000ff8a   00000002  00000000  00000002  RWIX
  INT06                 0000ff8c   00000002  00000000  00000002  RWIX
  INT07                 0000ff8e   00000002  00000000  00000002  RWIX
  INT08                 0000ff90   00000002  00000000  00000002  RWIX
  INT09                 0000ff92   00000002  00000000  00000002  RWIX
  INT10                 0000ff94   00000002  00000000  00000002  RWIX
  INT11                 0000ff96   00000002  00000000  00000002  RWIX
  INT12                 0000ff98   00000002  00000000  00000002  RWIX
  INT13                 0000ff9a   00000002  00000000  00000002  RWIX
  INT14                 0000ff9c   00000002  00000000  00000002  RWIX
  INT15                 0000ff9e   00000002  00000000  00000002  RWIX
  INT16                 0000ffa0   00000002  00000000  00000002  RWIX
  INT17                 0000ffa2   00000002  00000000  00000002  RWIX
  INT18                 0000ffa4   00000002  00000000  00000002  RWIX
  INT19                 0000ffa6   00000002  00000000  00000002  RWIX
  INT20                 0000ffa8   00000002  00000000  00000002  RWIX
  INT21                 0000ffaa   00000002  00000000  00000002  RWIX
  INT22                 0000ffac   00000002  00000000  00000002  RWIX
  INT23                 0000ffae   00000002  00000000  00000002  RWIX
  INT24                 0000ffb0   00000002  00000000  00000002  RWIX
  INT25                 0000ffb2   00000002  00000000  00000002  RWIX
  INT26                 0000ffb4   00000002  00000000  00000002  RWIX
  INT27                 0000ffb6   00000002  00000000  00000002  RWIX
  INT28                 0000ffb8   00000002  00000000  00000002  RWIX
  INT29                 0000ffba   00000002  00000000  00000002  RWIX
  INT30                 0000ffbc   00000002  00000000  00000002  RWIX
  INT31                 0000ffbe   00000002  00000000  00000002  RWIX
  INT32                 0000ffc0   00000002  00000000  00000002  RWIX
  INT33                 0000ffc2   00000002  00000000  00000002  RWIX
  INT34                 0000ffc4   00000002  00000000  00000002  RWIX
  INT35                 0000ffc6   00000002  00000000  00000002  RWIX
  INT36                 0000ffc8   00000002  00000000  00000002  RWIX
  INT37                 0000ffca   00000002  00000000  00000002  RWIX
  INT38                 0000ffcc   00000002  00000000  00000002  RWIX
  INT39                 0000ffce   00000002  00000000  00000002  RWIX
  INT40                 0000ffd0   00000002  00000000  00000002  RWIX
  INT41                 0000ffd2   00000002  00000002  00000000  RWIX
  INT42                 0000ffd4   00000002  00000002  00000000  RWIX
  INT43                 0000ffd6   00000002  00000002  00000000  RWIX
  INT44                 0000ffd8   00000002  00000002  00000000  RWIX
  INT45                 0000ffda   00000002  00000002  00000000  RWIX
  INT46                 0000ffdc   00000002  00000002  00000000  RWIX
  INT47                 0000ffde   00000002  00000002  00000000  RWIX
  INT48                 0000ffe0   00000002  00000002  00000000  RWIX
  INT49                 0000ffe2   00000002  00000002  00000000  RWIX
  INT50                 0000ffe4   00000002  00000002  00000000  RWIX
  INT51                 0000ffe6   00000002  00000002  00000000  RWIX
  INT52                 0000ffe8   00000002  00000002  00000000  RWIX
  INT53                 0000ffea   00000002  00000002  00000000  RWIX
  INT54                 0000ffec   00000002  00000002  00000000  RWIX
  INT55                 0000ffee   00000002  00000002  00000000  RWIX
  INT56                 0000fff0   00000002  00000002  00000000  RWIX
  INT57                 0000fff2   00000002  00000002  00000000  RWIX
  INT58                 0000fff4   00000002  00000002  00000000  RWIX
  INT59                 0000fff6   00000002  00000002  00000000  RWIX
  INT60                 0000fff8   00000002  00000002  00000000  RWIX
  INT61                 0000fffa   00000002  00000002  00000000  RWIX
  INT62                 0000fffc   00000002  00000002  00000000  RWIX
  RESET                 0000fffe   00000002  00000002  00000000  RWIX
  FLASH2                00010000   00014400  00000000  00014400  RWIX


SECTION ALLOCATION MAP

 output                                  attributes/
section   page    origin      length       input sections
--------  ----  ----------  ----------   ----------------
.init_array 
*          0    00004400    00000000     UNINITIALIZED

.bss       0    00001c00    000007a6     UNINITIALIZED
                  00001c00    00000106     (.common:tcu_spp_connect_event)
                  00001d06    00000102     (.common:tcu_mng_pin_request_event)
                  00001e08    00000100     (.common:au8SendBuff)
                  00001f08    00000100     (.common:cSPP_DATA_RECEIVE_buff)
                  00002008    00000100     (.common:rxUARTbuff)
                  00002108    000000a0     (.common:__TI_tmpnams)
                  000021a8    0000005a     (.common:gasTimerInfo)
                  00002202    00000024     (.common:tcu_mng_discover_remote_device_result_event)
                  00002226    00000020     (.common:Timer_Array)
                  00002246    00000020     (.common:gu8Rx0Buffer)
                  00002266    0000001c     (.common:tcu_mng_connection_status_event)
                  00002282    0000001a     (.common:stHRMChar)
                  0000229c    00000018     (.common:tcu_mng_discover_remote_service_event)
                  000022b4    00000016     (.common:tcu_mng_ssp_info_event)
                  000022ca    0000000e     (.common:stDevIdService)
                  000022d8    0000000e     (.common:stGAPService)
                  000022e6    0000000e     (.common:stHRService)
                  000022f4    0000000c     (.common:tcu_mng_connection_request_event)
                  00002300    0000000c     (.common:tcu_packet_format)
                  0000230c    0000000a     (.common:tcu_mng_init_req)
                  00002316    0000000a     (.common:tcu_mng_init_resp)
                  00002320    0000000a     (.common:tcu_mng_pin_write_resp)
                  0000232a    0000000a     (.common:tcu_spp_disconnect_event)
                  00002334    00000008     (.common:parmbuf)
                  0000233c    00000008     (.common:tcu_event)
                  00002344    00000008     (.common:tcu_spp_data_receive_event)
                  0000234c    00000006     (.common:tcu_mng_tcu_accept)
                  00002352    00000004     (.common:__TI_cleanup_ptr)
                  00002356    00000004     (.common:__TI_dtors_ptr)
                  0000235a    00000004     (.common:err)
                  0000235e    00000004     (.common:hci_event)
                  00002362    00000004     (.common:pCharDescUpdCallback)
                  00002366    00000004     (.common:pCharValUpdCallback)
                  0000236a    00000004     (.common:pUpdMultiCallback)
                  0000236e    00000004     (.common:pt_hci_event)
                  00002372    00000004     (.common:spsTimer1Info)
                  00002376    00000004     (.common:sys_base)
                  0000237a    00000004     (.common:sys_free)
                  0000237e    00000004     (.common:tcu_mng_connection_accept_resp)
                  00002382    00000004     (.common:tcu_mng_set_scan_resp)
                  00002386    00000004     (.common:tcu_mng_standard_hci_set_resp)
                  0000238a    00000004     (.common:tcu_mng_tcu_non_accept)
                  0000238e    00000004     (.common:tcu_spp_line_notify_event)
                  00002392    00000004     (.common:tcu_spp_setup_resp)
                  00002396    00000004     (.common:tcu_spp_shutdown_resp)
                  0000239a    00000004     (.common:tcu_spp_uuid_assign_resp)
                  0000239e    00000002     (.common:TimerActiveFlags)
                  000023a0    00000002     (.common:TimerEventFlags)
                  000023a2    00000002     (.common:gReceivePacketCountINT)
                  000023a4    00000002     (.common:memsize)

.TI.noinit 
*          0    00001c00    00000000     UNINITIALIZED

.data      0    000023a6    00000215     UNINITIALIZED
                  000023a6    000000c8     rts430x_lc_rd_eabi.lib : defs.obj (.data:_ftable)
                  0000246e    00000078                            : lowlev.obj (.data:_device)
                  000024e6    00000055     msp430_interrupt.obj (.data)
                  0000253b    00000001     CYC_SYS_ADC.obj (.data)
                  0000253c    0000003c     rts430x_lc_rd_eabi.lib : lowlev.obj (.data:_stream)
                  00002578    00000018     CYC_SYS_I2C.obj (.data)
                  00002590    00000008     CYC_SYS_Clock.obj (.data)
                  00002598    00000008     rts430x_lc_rd_eabi.lib : _lock.obj (.data)
                  000025a0    00000008     ucs.obj (.data)
                  000025a8    00000004     ble_api.obj (.data)
                  000025ac    00000004     bt_le_peripherial_DEMO.obj (.data)
                  000025b0    00000002     CYC_SYS_UART.obj (.data)
                  000025b2    00000002     HeartRate.obj (.data)
                  000025b4    00000002     bt_spp_drv.obj (.data)
                  000025b6    00000002     rts430x_lc_rd_eabi.lib : defs.obj (.data)
                  000025b8    00000002                            : memory.obj (.data)
                  000025ba    00000001     bt_uart_INT.obj (.data)

.TI.persistent 
*          0    000023a6    00000000     UNINITIALIZED

.sysmem    0    000025bc    00000140     UNINITIALIZED
                  000025bc    00000006     rts430x_lc_rd_eabi.lib : memory.obj (.sysmem)
                  000025c2    0000013a     --HOLE--

.cio       0    000026fc    00000120     UNINITIALIZED
                  000026fc    00000120     rts430x_lc_rd_eabi.lib : trgmsg.obj (.cio)

.stack     0    00004360    000000a0     UNINITIALIZED
                  00004360    00000004     rts430x_lc_rd_eabi.lib : boot.obj (.stack)
                  00004364    0000009c     --HOLE--

.const     0    00004400    00000498     
                  00004400    0000015e     HeartRate.obj (.const:.string)
                  0000455e    00000101     rts430x_lc_rd_eabi.lib : ctype.obj (.const:.string:_ctypes_)
                  0000465f    00000001     --HOLE-- [fill = 0]
                  00004660    000000f2     bt_hci_drv.obj (.const:.string:Patch_RF_LE_PARAM13)
                  00004752    000000a0     ble_api.obj (.const)
                  000047f2    00000024     rts430x_lc_rd_eabi.lib : _printfi.obj (.const:.string)
                  00004816    0000000f     bt_hci_drv.obj (.const:.string:Patch_RF_LE_PARAM14)
                  00004825    00000001     --HOLE-- [fill = 0]
                  00004826    0000000d     bt_hci_drv.obj (.const:.string:Patch_RF_LE_PARAM15)
                  00004833    00000001     --HOLE-- [fill = 0]
                  00004834    0000000c     bt_spp_api.obj (.const:.string:Device_Name)
                  00004840    00000008     le_gatt_command.obj (.const)
                  00004848    00000007     bt_le_peripherial_DEMO.obj (.const:.string:$P$T0$1)
                  0000484f    00000001     --HOLE-- [fill = 0]
                  00004850    00000007     bt_le_peripherial_DEMO.obj (.const:.string:$P$T1$2)
                  00004857    00000001     --HOLE-- [fill = 0]
                  00004858    00000006     bt_spp_api.obj (.const:.string:BD_ADDR)
                  0000485e    00000004     le_gatt_command.obj (.const:$P$T0$1)
                  00004862    00000002     HeartRate.obj (.const:.string:$P$T0$1)
                  00004864    00000002     le_gatt_command.obj (.const:.string:$P$T11$12)
                  00004866    00000002     le_gatt_command.obj (.const:.string:$P$T12$13)
                  00004868    00000002     le_gatt_command.obj (.const:.string:$P$T13$14)
                  0000486a    00000002     le_gatt_command.obj (.const:.string:$P$T15$16)
                  0000486c    00000002     le_gatt_command.obj (.const:.string:$P$T16$17)
                  0000486e    00000002     le_gatt_command.obj (.const:.string:$P$T17$18)
                  00004870    00000002     le_gatt_command.obj (.const:.string:$P$T18$19)
                  00004872    00000002     le_gatt_command.obj (.const:.string:$P$T19$20)
                  00004874    00000002     le_gatt_command.obj (.const:.string:$P$T20$21)
                  00004876    00000002     le_gatt_command.obj (.const:.string:$P$T21$22)
                  00004878    00000002     le_gatt_command.obj (.const:.string:$P$T22$23)
                  0000487a    00000002     le_gatt_command.obj (.const:.string:$P$T23$24)
                  0000487c    00000002     le_gatt_command.obj (.const:.string:$P$T24$25)
                  0000487e    00000002     le_gatt_command.obj (.const:.string:$P$T25$26)
                  00004880    00000002     le_gatt_command.obj (.const:.string:$P$T26$27)
                  00004882    00000002     le_gatt_command.obj (.const:.string:$P$T28$29)
                  00004884    00000002     le_gatt_command.obj (.const:.string:$P$T29$30)
                  00004886    00000002     le_gatt_command.obj (.const:.string:$P$T30$31)
                  00004888    00000002     le_gatt_command.obj (.const:.string:$P$T31$32)
                  0000488a    00000002     le_gatt_command.obj (.const:.string:$P$T32$33)
                  0000488c    00000002     le_gatt_command.obj (.const:.string:$P$T33$34)
                  0000488e    00000002     le_gatt_command.obj (.const:.string:$P$T34$35)
                  00004890    00000002     le_gatt_command.obj (.const:.string:$P$T35$36)
                  00004892    00000002     le_gatt_command.obj (.const:.string:$P$T4$5)
                  00004894    00000002     le_gatt_command.obj (.const:.string:$P$T7$8)
                  00004896    00000002     le_gatt_command.obj (.const:.string:$P$T9$10)

.text:_isr 
*          0    00004898    00000400     
                  00004898    000000c6     CYC_SYS_I2C.obj (.text:_isr:I2CB0_ISR)
                  0000495e    000000c2     CYC_SYS_ADC.obj (.text:_isr:ADC12_A_ISR)
                  00004a20    000000ba     msp430_interrupt.obj (.text:_isr:P2_ISR)
                  00004ada    0000009c     CYC_SYS_Timer.obj (.text:_isr:CYC_SYS_TMR_Timer1ISR)
                  00004b76    0000007a     msp430_interrupt.obj (.text:_isr:P1_ISR)
                  00004bf0    0000003a     CYC_SYS_UART.obj (.text:_isr:USCI_A0_ISR)
                  00004c2a    0000002a     CYC_SYS_UART.obj (.text:_isr:USCI_A1_ISR)
                  00004c54    00000026     CYC_SYS_Clock.obj (.text:_isr:NMI_ISR)
                  00004c7a    0000001c     rts430x_lc_rd_eabi.lib : boot.obj (.text:_isr:_c_int00_noargs)
                  00004c96    00000002     CYC_SYS_PWM.obj (.text:_isr:CYC_SYS_PWM_PWMTimer)

.text      0    00004c98    000083ae     
                  00004c98    00000520     bt_uart_INT.obj (.text:processPaketTCU)
                  000051b8    00000452     rts430x_lc_rd_eabi.lib : frcdivd.obj (.text:__TI_frcdivd)
                  0000560a    0000038e                            : llmath.obj (.text:__mspabi_divull)
                  00005998    000002e4                            : frcmpyd.obj (.text:__TI_frcmpyd)
                  00005c7c    000002d8                            : addd.obj (.text:__mspabi_addd)
                  00005f54    00000282                            : mpyd.obj (.text:__mspabi_mpyd)
                  000061d6    00000256                            : _printfi.obj (.text:_setfield)
                  0000642c    00000254     bt_uart_INT.obj (.text:processPaketHCI)
                  00006680    00000252     rts430x_lc_rd_eabi.lib : frcaddd.obj (.text:__TI_frcaddd)
                  000068d2    0000022c                            : _printfi.obj (.text:ecvt)
                  00006afe    00000222                            : divd.obj (.text:__mspabi_divd)
                  00006d20    0000021a                            : _printfi.obj (.text:fcvt)
                  00006f3a    00000202                            : _printfi.obj (.text:__TI_printfi)
                  0000713c    000001f8                            : _printfi.obj (.text:_pproc_fge)
                  00007334    000001aa                            : _printfi.obj (.text:_pconv_e)
                  000074de    00000188                            : _printfi.obj (.text:_getarg_diouxp)
                  00007666    00000182     pmm.obj (.text:PMM_setVCoreUp)
                  000077e8    00000178     bt_spp_api.obj (.text:BT_hci_init)
                  00007960    0000016c     ble_api.obj (.text:eBleSrv_AddCharacteristic)
                  00007acc    0000016a     HeartRate.obj (.text:eHRStartAdvertising)
                  00007c36    0000014c     rts430x_lc_rd_eabi.lib : _printfi.obj (.text:_pproc_diouxp)
                  00007d82    0000013c     ucs.obj (.text:privateUCSSourceClockFromDCO)
                  00007ebe    00000130     ble_api.obj (.text:eBleSrv_RegisterPrimaryService)
                  00007fee    0000012a     bt_le_peripherial_DEMO.obj (.text:app_BT_BLE_peripherial_DEMO)
                  00008118    0000012a     ble_api.obj (.text:eBleExtractDataEventGattSer)
                  00008242    00000128     ucs.obj (.text:UCS_initFLL)
                  0000836a    0000011e     ucs.obj (.text:privateUCSComputeCLKFrequency)
                  00008488    0000011a     le_gatt_command.obj (.text:eGetLeMngConnComplete_Event)
                  000085a2    00000114     le_gatt_command.obj (.text:eSetLeStartAdvertise_Req)
                  000086b6    0000010c     ucs.obj (.text:UCS_clockSignalInit)
                  000087c2    0000010c     rts430x_lc_rd_eabi.lib : _printfi.obj (.text:_pconv_g)
                  000088ce    00000102                            : _printfi.obj (.text:_ltostr)
                  000089d0    000000fe     bt_error.obj (.text:errorCode)
                  00008ace    000000fa     pmm.obj (.text:PMM_setVCoreDown)
                  00008bc8    000000fa     rts430x_lc_rd_eabi.lib : _printfi.obj (.text:_pproc_fwp)
                  00008cc2    000000f6     bt_uart_INT.obj (.text:bt_uart_manager)
                  00008db8    000000f4     CYC_SYS_Clock.obj (.text:CYC_SYS_CLK_SetSystemClock)
                  00008eac    000000f0     rts430x_lc_rd_eabi.lib : fputs.obj (.text:fputs)
                  00008f9c    000000ee     HeartRate.obj (.text:eHRAddHeartRateService)
                  0000908a    000000e4     usci_uart.obj (.text:USCI_UART_initAdvance)
                  0000916e    000000e4     ble_api.obj (.text:eBleSrv_WriteCharDescriptorHndlr)
                  00009252    000000e4     HeartRate.obj (.text:eHRAddGAPDevName_Appearance_Service)
                  00009336    000000e0     HeartRate.obj (.text:HRMainRoutine)
                  00009416    000000e0     rts430x_lc_rd_eabi.lib : setvbuf.obj (.text:setvbuf)
                  000094f6    000000de     le_gatt_command.obj (.text:eSetSdbGattAddCharacterEle_Req)
                  000095d4    000000d8     rts430x_lc_rd_eabi.lib : cmpd.obj (.text:__mspabi_cmpd)
                  000096ac    000000d6     ble_api.obj (.text:eBleSrv_ReadMultiEventHndlr)
                  00009782    000000c4     ble_api.obj (.text:eBleSrv_ReadCharDescriptorHndlr)
                  00009846    000000c4     ble_api.obj (.text:eBleSrv_ReadCharValHndlr)
                  0000990a    000000bc     ble_api.obj (.text:eBleSrv_SendNotification)
                  000099c6    000000ba     rts430x_lc_rd_eabi.lib : memory.obj (.text:malloc)
                  00009a80    000000b2                            : renormd.obj (.text:__TI_renormd)
                  00009b32    000000aa     ble_api.obj (.text:eBleSrv_AddIncludeToSvc)
                  00009bdc    000000a8     rts430x_lc_rd_eabi.lib : _printfi.obj (.text:_pproc_str)
                  00009c84    000000a6     bt_hci_drv.obj (.text:hci_M2_SET_DeepSleep)
                  00009d2a    000000a2     ble_api.obj (.text:eBleDeviceSrv_Init)
                  00009dcc    000000a0     CYC_SYS_UART.obj (.text:CYC_SYS_UART1_Initialize)
                  00009e6c    0000009e     rts430x_lc_rd_eabi.lib : trgdrv.obj (.text:HOSTlseek)
                  00009f0a    0000009c     le_gatt_command.obj (.text:eGetServerGattWriteCharDesc_Event)
                  00009fa6    0000009c     le_gatt_command.obj (.text:eGetServerGattWriteWithoutRespCmd_Event)
                  0000a042    0000009a     gpio.obj (.text:GPIO_setAsOutputPin)
                  0000a0dc    0000009a     gpio.obj (.text:GPIO_setAsPeripheralModuleFunctionInputPin)
                  0000a176    0000009a     gpio.obj (.text:GPIO_setAsPeripheralModuleFunctionOutputPin)
                  0000a210    00000098     ble_api.obj (.text:eBleSrv_ClientMtuExchangeHndlr)
                  0000a2a8    00000094     rts430x_lc_rd_eabi.lib : fltlid.obj (.text:__mspabi_fltlid)
                  0000a33c    00000094     le_gatt_command.obj (.text:eGetServerGattReadMulti_Event)
                  0000a3d0    00000094     le_gatt_command.obj (.text:eSetSdbGattAddCharacterDecl_Req)
                  0000a464    00000092     ble_api.obj (.text:eBleWaitForSpecificEvent)
                  0000a4f6    00000090     rts430x_lc_rd_eabi.lib : fputc.obj (.text:fputc)
                  0000a586    0000008e                            : memory.obj (.text:free)
                  0000a614    0000008a     CYC_SYS_UART.obj (.text:CYC_SYS_UART0_Initialize)
                  0000a69e    0000008a     le_gatt_command.obj (.text:eSetServerGattCharValNotification_Req)
                  0000a728    00000088     rts430x_lc_rd_eabi.lib : _printfi.obj (.text:_div)
                  0000a7b0    00000088                            : _printfi.obj (.text:_ecpy)
                  0000a838    00000088     le_gatt_command.obj (.text:eSetSdbGattAddInclSvc_Req)
                  0000a8c0    00000088     le_gatt_command.obj (.text:eSetSdbGattUpdateCharacterEle_Req)
                  0000a948    00000082     HeartRate.obj (.text:eHRInitialise)
                  0000a9ca    00000080     rts430x_lc_rd_eabi.lib : ltoa.obj (.text:ltoa)
                  0000aa4a    0000007e     ucs.obj (.text:UCS_LFXT1Start)
                  0000aac8    0000007e     rts430x_lc_rd_eabi.lib : _io_perm.obj (.text:__TI_wrt_ok)
                  0000ab46    0000007e                            : _printfi.obj (.text:_mcpy)
                  0000abc4    0000007e                            : _printfi.obj (.text:_pconv_f)
                  0000ac42    00000078     ble_api.obj (.text:eBleSrv_AddPrimServiceAttributes)
                  0000acba    00000078     le_gatt_command.obj (.text:eGetServerGattExgMtuAccept_Resp)
                  0000ad32    00000078     HeartRate.obj (.text:eHRAddDevIdentService)
                  0000adaa    00000078     le_gatt_command.obj (.text:eSetLeMngInit_Req)
                  0000ae22    00000078     le_gatt_command.obj (.text:eSetSdbGattAddPrimaryService_Req)
                  0000ae9a    00000078     gpio.obj (.text:privateGPIOGetBaseAddress)
                  0000af12    00000076     gpio.obj (.text:GPIO_setOutputHighOnPin)
                  0000af88    00000076     gpio.obj (.text:GPIO_setOutputLowOnPin)
                  0000affe    00000074     rts430x_lc_rd_eabi.lib : trgdrv.obj (.text:HOSTrename)
                  0000b072    00000072     bt_mng_drv.obj (.text:tcu_MNG_INIT_REQ)
                  0000b0e4    00000070     rts430x_lc_rd_eabi.lib : fclose.obj (.text:__TI_closefile)
                  0000b154    0000006e                            : trgdrv.obj (.text:HOSTopen)
                  0000b1c2    0000006e                            : autoinit.obj (.text:_auto_init_hold_wdt)
                  0000b230    0000006e     ble_api.obj (.text:eBlePerif_StartAdv)
                  0000b29e    0000006e     le_gatt_command.obj (.text:eGetServerGattExgMtu_Event)
                  0000b30c    0000006a     rts430x_lc_rd_eabi.lib : trgdrv.obj (.text:HOSTwrite)
                  0000b376    0000006a                            : fseek.obj (.text:fseek)
                  0000b3e0    00000068                            : trgdrv.obj (.text:HOSTread)
                  0000b448    00000068                            : fixdul.obj (.text:__mspabi_fixdul)
                  0000b4b0    00000068     ble_api.obj (.text:eBleSrv_GetEndGroupHandle)
                  0000b518    00000068     le_gatt_command.obj (.text:eGetServerGattReadCharDescriptor_Event)
                  0000b580    00000068     le_gatt_command.obj (.text:eGetServerGattReadCharVal_Event)
                  0000b5e8    00000068     le_gatt_command.obj (.text:eSetServerGattReadCharValAccept_Resp)
                  0000b650    00000066     rts430x_lc_rd_eabi.lib : fixdli.obj (.text:__mspabi_fixdli)
                  0000b6b6    00000066     ble_api.obj (.text:eBleExtractDataEventMng)
                  0000b71c    00000066     le_gatt_command.obj (.text:eSetServerGattReadMultiAccept_Req)
                  0000b782    00000064     rts430x_lc_rd_eabi.lib : fflush.obj (.text:__TI_doflush)
                  0000b7e6    00000064     le_gatt_command.obj (.text:eGetLeDisconnect_Event)
                  0000b84a    00000062     rts430x_lc_rd_eabi.lib : copy_decompress_rle.obj (.text:__TI_decompress_rle_core)
                  0000b8ac    00000062                            : atoi.obj (.text:atoi)
                  0000b90e    00000060     CYC_SYS_PWM.obj (.text:CYC_SYS_PWM_InitPWMTimer)
                  0000b96e    00000060     HeartRate.obj (.text:vPrintUnexpectedCMD)
                  0000b9ce    0000005a     rts430x_lc_rd_eabi.lib : mult64_f5hw.obj (.text:__mpyll)
                  0000ba28    0000005a                            : lowlev.obj (.text:close)
                  0000ba82    0000005a                            : lowlev.obj (.text:getdevice)
                  0000badc    00000058     CYC_SYS_UART.obj (.text:CYC_SYS_UART_TransmitData)
                  0000bb34    00000058     rts430x_lc_rd_eabi.lib : div32u.obj (.text)
                  0000bb8c    00000056     le_gatt_command.obj (.text:eGetLeAccept_Ack)
                  0000bbe2    00000056     le_gatt_command.obj (.text:eGetSdbGattAddCharacterDecl_Resp)
                  0000bc38    00000056     le_gatt_command.obj (.text:eGetSdbGattAddCharacterEle_Resp)
                  0000bc8e    00000056     le_gatt_command.obj (.text:eGetSdbGattAddInclSvc_Resp)
                  0000bce4    00000056     le_gatt_command.obj (.text:eGetSdbGattReturnEndGroupHandle_Resp)
                  0000bd3a    00000056     le_gatt_command.obj (.text:eGetServerGattReadCharDescriptorAccept_Resp)
                  0000bd90    00000056     le_gatt_command.obj (.text:eGetServerGattReadMultiAccept_Resp)
                  0000bde6    00000056     le_gatt_command.obj (.text:eGetServerGattWriteCharDespAccept_Resp)
                  0000be3c    00000056     le_gatt_command.obj (.text:eGetServerGattWriteCharValAccept_Resp)
                  0000be92    00000054     le_gatt_command.obj (.text:eGetSdbGattAddPrimaryService_Resp)
                  0000bee6    00000050     rts430x_lc_rd_eabi.lib : xdclass.obj (.text:_Dclass)
                  0000bf36    00000050     le_gatt_command.obj (.text:eGetServerGattValIndication_Event)
                  0000bf86    0000004e     rts430x_lc_rd_eabi.lib : _printfi.obj (.text:_fcpy)
                  0000bfd4    0000004e     bt_hci_drv.obj (.text:hci_Get_Version)
                  0000c022    0000004e     bluetooth.obj (.text:init_bluetooth)
                  0000c070    0000004c     rts430x_lc_rd_eabi.lib : trgdrv.obj (.text:HOSTclose)
                  0000c0bc    0000004a                            : printf.obj (.text:printf)
                  0000c106    00000048     le_gatt_command.obj (.text:eGetServerGattExgMtuAccept_Req)
                  0000c14e    00000048     le_gatt_command.obj (.text:eSetServerGattReadCharDescriptorAccept_Req)
                  0000c196    00000048     le_gatt_command.obj (.text:eSetServerGattReadCharValAccept_Req)
                  0000c1de    00000048     le_gatt_command.obj (.text:eSetServerGattWriteCharDescAccept_Req)
                  0000c226    00000048     CYC_BBU_APP_Demo_v2.obj (.text:main)
                  0000c26e    00000046     rts430x_lc_rd_eabi.lib : trgdrv.obj (.text:HOSTunlink)
                  0000c2b4    00000046                            : _printfi.obj (.text:_pproc_fflags)
                  0000c2fa    00000046     le_gatt_command.obj (.text:eGetLeMngInit_Resp)
                  0000c340    00000042     CYC_SYS_Timer.obj (.text:CYC_SYS_TMR_EnableTimer1)
                  0000c382    00000042     le_gatt_command.obj (.text:eGetServerGattValNotify_Event)
                  0000c3c4    00000042     rts430x_lc_rd_eabi.lib : memory.obj (.text:minit)
                  0000c406    00000040                            : div32s.obj (.text)
                  0000c446    0000003e     CYC_SYS_Timer.obj (.text:CYC_SYS_TMR_DelayInMilliSeconds)
                  0000c484    0000003e     bt_hci_drv.obj (.text:hci_Write_BD_ADDR)
                  0000c4c2    0000003e     rts430x_lc_rd_eabi.lib : asr32.obj (.text:l_asr_const)
                  0000c500    0000003e                            : lsl32.obj (.text:l_lsl_const)
                  0000c53e    0000003e                            : lsr32.obj (.text:l_lsr_const)
                  0000c57c    0000003e                            : lowlev.obj (.text:lseek)
                  0000c5ba    0000003c                            : lowlev.obj (.text:write)
                  0000c5f6    0000003a     pmm.obj (.text:PMM_setVCore)
                  0000c630    0000003a     rts430x_lc_rd_eabi.lib : llmath.obj (.text:__mspabi_sllll)
                  0000c66a    0000003a                            : llmath.obj (.text:__mspabi_srlll)
                  0000c6a4    00000038     ble_api.obj (.text:eBleExtractData)
                  0000c6dc    00000036     ucs.obj (.text:UCS_initFLLSettle)
                  0000c712    00000036     rts430x_lc_rd_eabi.lib : fopen.obj (.text:__TI_cleanup)
                  0000c748    00000036                            : trgmsg.obj (.text:__TI_writemsg)
                  0000c77e    00000032     CYC_SYS_Timer.obj (.text:CYC_SYS_TMR_InitTimer1)
                  0000c7b0    00000032     rts430x_lc_rd_eabi.lib : trgmsg.obj (.text:__TI_readmsg)
                  0000c7e2    00000032                            : subd.obj (.text:__mspabi_subd)
                  0000c814    00000032     bt_hci_drv.obj (.text:hci_SET_MODE)
                  0000c846    00000032     rts430x_lc_rd_eabi.lib : strncpy.obj (.text:strncpy)
                  0000c878    00000030     CYC_SYS_Init.obj (.text:CYC_SYS_InitializeTarget)
                  0000c8a8    00000030     rts430x_lc_rd_eabi.lib : lowlev.obj (.text:unlink)
                  0000c8d8    0000002e                            : negd.obj (.text:__mspabi_negd)
                  0000c906    0000002e     le_gatt_command.obj (.text:eSetSdbGattReturnEndGroupHandle_Req)
                  0000c934    0000002e     rts430x_lc_rd_eabi.lib : exit.obj (.text:exit)
                  0000c962    0000002e                            : lowlev.obj (.text:finddevice)
                  0000c990    0000002e     le_gatt_command.obj (.text:vCopyArrayParams)
                  0000c9be    0000002e     ble_api.obj (.text:vSmartWaitForAnyEvent)
                  0000c9ec    0000002c     ble_api.obj (.text:eBleApiInit)
                  0000ca18    0000002c     le_gatt_command.obj (.text:eGetSdbGattUpdateCharacterEle_Resp)
                  0000ca44    0000002c     le_gatt_command.obj (.text:eGetServerGattInit_Resp)
                  0000ca70    0000002c     le_gatt_command.obj (.text:eSendData)
                  0000ca9c    0000002c     rts430x_lc_rd_eabi.lib : div16s.obj (.text)
                  0000cac8    0000002a     le_gatt_command.obj (.text:eGetLeDisableAdvertise_Resp)
                  0000caf2    0000002a     le_gatt_command.obj (.text:eGetLeStartAdvertise_Resp)
                  0000cb1c    00000028     ucs.obj (.text:UCS_clearAllOscFlagsWithTimeout)
                  0000cb44    00000028     le_gatt_command.obj (.text:u16SetCmdHeaderUserLen)
                  0000cb6c    00000026     usci_uart.obj (.text:USCI_UART_enableInterrupt)
                  0000cb92    00000024     ucs.obj (.text:UCS_getACLK)
                  0000cbb6    00000024     rts430x_lc_rd_eabi.lib : copy_zero_init.obj (.text:decompress:ZI:__TI_zero_init)
                  0000cbda    00000022     bt_hci_drv.obj (.text:hci_RESET)
                  0000cbfc    00000022     rts430x_lc_rd_eabi.lib : mult32_f5hw.obj (.text)
                  0000cc1e    00000022     ble_api.obj (.text:vAppCallback)
                  0000cc40    00000022     le_gatt_command.obj (.text:vWrite2Array_16)
                  0000cc62    00000020     ucs.obj (.text:UCS_getSMCLK)
                  0000cc82    00000020     bt_hci_drv.obj (.text:hci_Patch13_RF_LE_param)
                  0000cca2    00000020     bt_hci_drv.obj (.text:hci_Patch14_RF_LE_param)
                  0000ccc2    00000020     bt_hci_drv.obj (.text:hci_Patch15_RF_LE_param)
                  0000cce2    00000020     rts430x_lc_rd_eabi.lib : memccpy.obj (.text:memccpy)
                  0000cd02    0000001c     CYC_IO_LEDS.obj (.text:CYC_IO_LEDS_IntializeLEDs)
                  0000cd1e    0000001c     ucs.obj (.text:UCS_getMCLK)
                  0000cd3a    0000001c     HeartRate.obj (.text:eUpdateMulti)
                  0000cd56    0000001c     rts430x_lc_rd_eabi.lib : strcmp.obj (.text:strcmp)
                  0000cd72    0000001a     ucs.obj (.text:UCS_setExternalClockSource)
                  0000cd8c    0000001a     le_gatt_command.obj (.text:eIsCmdMatching)
                  0000cda6    0000001a     rts430x_lc_rd_eabi.lib : strchr.obj (.text:strchr)
                  0000cdc0    0000001a     le_gatt_command.obj (.text:u16AutoSetCmdHeader)
                  0000cdda    00000018     le_gatt_command.obj (.text:eSetServerGattInit_Req)
                  0000cdf2    00000018     HeartRate.obj (.text:eUpdateCharDescriptor)
                  0000ce0a    00000018     HeartRate.obj (.text:eUpdateCharValue)
                  0000ce22    00000016     rts430x_lc_rd_eabi.lib : memchr.obj (.text:memchr)
                  0000ce38    00000016                            : memset.obj (.text:memset)
                  0000ce4e    00000016                            : div16u.obj (.text)
                  0000ce64    00000016                            : mult16_f5hw.obj (.text)
                  0000ce7a    00000014     ble_api.obj (.text:eBleRegisterCallback_CharDescUpdate)
                  0000ce8e    00000014     ble_api.obj (.text:eBleRegisterCallback_CharValUpdate)
                  0000cea2    00000014     ble_api.obj (.text:eBleRegisterCallback_MultiUpdate)
                  0000ceb6    00000014     ble_api.obj (.text:eBleRegisterCallback_UnexpEvnt)
                  0000ceca    00000014     rts430x_lc_rd_eabi.lib : memcpy.obj (.text:memcpy)
                  0000cede    00000014     ble_api.obj (.text:vSmartProcessPacket)
                  0000cef2    00000012     rts430x_lc_rd_eabi.lib : fixdu.obj (.text:__mspabi_fixdu)
                  0000cf04    00000012                            : copy_decompress_none.obj (.text:decompress:none:__TI_decompress_none)
                  0000cf16    00000012                            : strcpy.obj (.text:strcpy)
                  0000cf28    00000012                            : toupper.obj (.text:toupper)
                  0000cf3a    00000012     le_gatt_command.obj (.text:vWrite2Array_8)
                  0000cf4c    00000010     rts430x_lc_rd_eabi.lib : asr32.obj (.text:l_asr)
                  0000cf5c    00000010                            : lsl32.obj (.text:l_lsl)
                  0000cf6c    00000010                            : lsr32.obj (.text:l_lsr)
                  0000cf7c    0000000e     bt_uart_INT.obj (.text:send_tx)
                  0000cf8a    0000000e     rts430x_lc_rd_eabi.lib : strlen.obj (.text:strlen)
                  0000cf98    0000000c     adc12_a.obj (.text:ADC12_A_clearInterrupt)
                  0000cfa4    0000000c     usci_uart.obj (.text:USCI_UART_clearInterruptFlag)
                  0000cfb0    0000000c     ble_api.obj (.text:eBleSrv_ClientConnRequestHndlr)
                  0000cfbc    0000000c     le_gatt_command.obj (.text:vSetCmdLength)
                  0000cfc8    0000000a     CYC_SYS_GPIO.obj (.text:CYC_SYS_GPIO_SetPeripheralPinAsOutput)
                  0000cfd2    0000000a     sfr.obj (.text:SFR_clearInterrupt)
                  0000cfdc    0000000a     usci_uart.obj (.text:USCI_UART_queryStatusFlags)
                  0000cfe6    0000000a     usci_uart.obj (.text:USCI_UART_transmitData)
                  0000cff0    0000000a     rts430x_lc_rd_eabi.lib : abs.obj (.text:abs)
                  0000cffa    0000000a                            : lsl16.obj (.text)
                  0000d004    00000008     CYC_SYS_Reset.obj (.text:CYC_SYS_RST_StopWatchdog)
                  0000d00c    00000008     usci_uart.obj (.text:USCI_UART_receiveData)
                  0000d014    00000006     sfr.obj (.text:SFR_enableInterrupt)
                  0000d01a    00000006     usci_uart.obj (.text:USCI_UART_enable)
                  0000d020    00000006     rts430x_lc_rd_eabi.lib : isr_trap.obj (.text:__TI_ISR_TRAP)
                  0000d026    00000006                            : printf.obj (.text:_outc)
                  0000d02c    00000006                            : copy_decompress_rle.obj (.text:decompress:rle24:__TI_decompress_rle24)
                  0000d032    00000006     ble_api.obj (.text:eBleExtractDataEventGattCli)
                  0000d038    00000004     rts430x_lc_rd_eabi.lib : printf.obj (.text:_outs)
                  0000d03c    00000004                            : pre_init.obj (.text:_system_pre_init)
                  0000d040    00000004                            : exit.obj (.text:abort)
                  0000d044    00000002                            : _lock.obj (.text:_nop)

.cinit     0    0000d046    0000008c     
                  0000d046    0000005b     (.cinit..data.load) [load image, compression = rle]
                  0000d0a1    00000001     --HOLE-- [fill = 0]
                  0000d0a2    0000000c     (__TI_handler_table)
                  0000d0ae    00000006     (.cinit..bss.load) [load image, compression = zero_init]
                  0000d0b4    00000006     (.cinit..cio.load) [load image, compression = zero_init]
                  0000d0ba    00000018     (__TI_cinit_table)

RTC        0    0000ffd2    00000002     
                  0000ffd2    00000002     rts430x_lc_rd_eabi.lib : int41.obj (.int41)

PORT2      0    0000ffd4    00000002     
                  0000ffd4    00000002     msp430_interrupt.obj (.int42)

TIMER2_A1 
*          0    0000ffd6    00000002     
                  0000ffd6    00000002     rts430x_lc_rd_eabi.lib : int43.obj (.int43)

TIMER2_A0 
*          0    0000ffd8    00000002     
                  0000ffd8    00000002     rts430x_lc_rd_eabi.lib : int44.obj (.int44)

USCI_B1    0    0000ffda    00000002     
                  0000ffda    00000002     rts430x_lc_rd_eabi.lib : int45.obj (.int45)

USCI_A1    0    0000ffdc    00000002     
                  0000ffdc    00000002     CYC_SYS_UART.obj (.int46)

PORT1      0    0000ffde    00000002     
                  0000ffde    00000002     msp430_interrupt.obj (.int47)

TIMER1_A1 
*          0    0000ffe0    00000002     
                  0000ffe0    00000002     rts430x_lc_rd_eabi.lib : int48.obj (.int48)

TIMER1_A0 
*          0    0000ffe2    00000002     
                  0000ffe2    00000002     rts430x_lc_rd_eabi.lib : int49.obj (.int49)

DMA        0    0000ffe4    00000002     
                  0000ffe4    00000002     rts430x_lc_rd_eabi.lib : int50.obj (.int50)

LDO_PWR    0    0000ffe6    00000002     
                  0000ffe6    00000002     rts430x_lc_rd_eabi.lib : int51.obj (.int51)

TIMER0_A1 
*          0    0000ffe8    00000002     
                  0000ffe8    00000002     CYC_SYS_PWM.obj (.int52)

TIMER0_A0 
*          0    0000ffea    00000002     
                  0000ffea    00000002     rts430x_lc_rd_eabi.lib : int53.obj (.int53)

ADC12      0    0000ffec    00000002     
                  0000ffec    00000002     CYC_SYS_ADC.obj (.int54)

USCI_B0    0    0000ffee    00000002     
                  0000ffee    00000002     CYC_SYS_I2C.obj (.int55)

USCI_A0    0    0000fff0    00000002     
                  0000fff0    00000002     CYC_SYS_UART.obj (.int56)

WDT        0    0000fff2    00000002     
                  0000fff2    00000002     rts430x_lc_rd_eabi.lib : int57.obj (.int57)

TIMER0_B1 
*          0    0000fff4    00000002     
                  0000fff4    00000002     rts430x_lc_rd_eabi.lib : int58.obj (.int58)

TIMER0_B0 
*          0    0000fff6    00000002     
                  0000fff6    00000002     CYC_SYS_Timer.obj (.int59)

COMP_B     0    0000fff8    00000002     
                  0000fff8    00000002     rts430x_lc_rd_eabi.lib : int60.obj (.int60)

UNMI       0    0000fffa    00000002     
                  0000fffa    00000002     CYC_SYS_Clock.obj (.int61)

SYSNMI     0    0000fffc    00000002     
                  0000fffc    00000002     rts430x_lc_rd_eabi.lib : int62.obj (.int62)

.reset     0    0000fffe    00000002     
                  0000fffe    00000002     rts430x_lc_rd_eabi.lib : boot.obj (.reset)


LINKER GENERATED COPY TABLES

__TI_cinit_table @ 0000d0ba records: 3, size/record: 8, table size: 24
	.data: load addr=0000d046, load size=0000005b bytes, run addr=000023a6, run size=00000215 bytes, compression=rle
	.bss: load addr=0000d0ae, load size=00000006 bytes, run addr=00001c00, run size=000007a6 bytes, compression=zero_init
	.cio: load addr=0000d0b4, load size=00000006 bytes, run addr=000026fc, run size=00000120 bytes, compression=zero_init


LINKER GENERATED HANDLER TABLE

__TI_handler_table @ 0000d0a2 records: 3, size/record: 4, table size: 12
	index: 0, handler: __TI_zero_init
	index: 1, handler: __TI_decompress_rle24
	index: 2, handler: __TI_decompress_none


GLOBAL SYMBOLS: SORTED ALPHABETICALLY BY Name 

address    name
--------   ----
00000700   ADC12CTL0
00000701   ADC12CTL0_H
00000700   ADC12CTL0_L
00000702   ADC12CTL1
00000703   ADC12CTL1_H
00000702   ADC12CTL1_L
00000704   ADC12CTL2
00000705   ADC12CTL2_H
00000704   ADC12CTL2_L
0000070c   ADC12IE
0000070d   ADC12IE_H
0000070c   ADC12IE_L
0000070a   ADC12IFG
0000070b   ADC12IFG_H
0000070a   ADC12IFG_L
0000070e   ADC12IV
0000070f   ADC12IV_H
0000070e   ADC12IV_L
00000710   ADC12MCTL0
00000711   ADC12MCTL1
0000071a   ADC12MCTL10
0000071b   ADC12MCTL11
0000071c   ADC12MCTL12
0000071d   ADC12MCTL13
0000071e   ADC12MCTL14
0000071f   ADC12MCTL15
00000712   ADC12MCTL2
00000713   ADC12MCTL3
00000714   ADC12MCTL4
00000715   ADC12MCTL5
00000716   ADC12MCTL6
00000717   ADC12MCTL7
00000718   ADC12MCTL8
00000719   ADC12MCTL9
00000720   ADC12MEM0
00000721   ADC12MEM0_H
00000720   ADC12MEM0_L
00000722   ADC12MEM1
00000734   ADC12MEM10
00000735   ADC12MEM10_H
00000734   ADC12MEM10_L
00000736   ADC12MEM11
00000737   ADC12MEM11_H
00000736   ADC12MEM11_L
00000738   ADC12MEM12
00000739   ADC12MEM12_H
00000738   ADC12MEM12_L
0000073a   ADC12MEM13
0000073b   ADC12MEM13_H
0000073a   ADC12MEM13_L
0000073c   ADC12MEM14
0000073d   ADC12MEM14_H
0000073c   ADC12MEM14_L
0000073e   ADC12MEM15
0000073f   ADC12MEM15_H
0000073e   ADC12MEM15_L
00000723   ADC12MEM1_H
00000722   ADC12MEM1_L
00000724   ADC12MEM2
00000725   ADC12MEM2_H
00000724   ADC12MEM2_L
00000726   ADC12MEM3
00000727   ADC12MEM3_H
00000726   ADC12MEM3_L
00000728   ADC12MEM4
00000729   ADC12MEM4_H
00000728   ADC12MEM4_L
0000072a   ADC12MEM5
0000072b   ADC12MEM5_H
0000072a   ADC12MEM5_L
0000072c   ADC12MEM6
0000072d   ADC12MEM6_H
0000072c   ADC12MEM6_L
0000072e   ADC12MEM7
0000072f   ADC12MEM7_H
0000072e   ADC12MEM7_L
00000730   ADC12MEM8
00000731   ADC12MEM8_H
00000730   ADC12MEM8_L
00000732   ADC12MEM9
00000733   ADC12MEM9_H
00000732   ADC12MEM9_L
0000495e   ADC12_A_ISR
0000cf98   ADC12_A_clearInterrupt
0000253b   ADC_DATA_READY
00004858   BD_ADDR
000025b4   BT_Mode
000077e8   BT_hci_init
0000d040   C$$EXIT
0000c77a   C$$IO$$
000008c0   CBCTL0
000008c1   CBCTL0_H
000008c0   CBCTL0_L
000008c2   CBCTL1
000008c3   CBCTL1_H
000008c2   CBCTL1_L
000008c4   CBCTL2
000008c5   CBCTL2_H
000008c4   CBCTL2_L
000008c6   CBCTL3
000008c7   CBCTL3_H
000008c6   CBCTL3_L
000008cc   CBINT
000008cd   CBINT_H
000008cc   CBINT_L
000008ce   CBIV
00000150   CRCDI
00000152   CRCDIRB
00000153   CRCDIRB_H
00000152   CRCDIRB_L
00000151   CRCDI_H
00000150   CRCDI_L
00000154   CRCINIRES
00000155   CRCINIRES_H
00000154   CRCINIRES_L
00000156   CRCRESR
00000157   CRCRESR_H
00000156   CRCRESR_L
0000cd02   CYC_IO_LEDS_IntializeLEDs
00008db8   CYC_SYS_CLK_SetSystemClock
0000cfc8   CYC_SYS_GPIO_SetPeripheralPinAsOutput
0000c878   CYC_SYS_InitializeTarget
0000b90e   CYC_SYS_PWM_InitPWMTimer
00004c96   CYC_SYS_PWM_PWMTimer
0000d004   CYC_SYS_RST_StopWatchdog
0000c446   CYC_SYS_TMR_DelayInMilliSeconds
0000c340   CYC_SYS_TMR_EnableTimer1
0000c77e   CYC_SYS_TMR_InitTimer1
00004ada   CYC_SYS_TMR_Timer1ISR
0000a614   CYC_SYS_UART0_Initialize
00009dcc   CYC_SYS_UART1_Initialize
0000badc   CYC_SYS_UART_TransmitData
000025ba   DATA_FROM_BLUETOOTH_UART
00000510   DMA0CTL
00000511   DMA0CTL_H
00000510   DMA0CTL_L
00000516   DMA0DA
00000516   DMA0DAL
00000512   DMA0SA
00000512   DMA0SAL
0000051a   DMA0SZ
00000520   DMA1CTL
00000521   DMA1CTL_H
00000520   DMA1CTL_L
00000526   DMA1DA
00000526   DMA1DAL
00000522   DMA1SA
00000522   DMA1SAL
0000052a   DMA1SZ
00000530   DMA2CTL
00000531   DMA2CTL_H
00000530   DMA2CTL_L
00000536   DMA2DA
00000536   DMA2DAL
00000532   DMA2SA
00000532   DMA2SAL
0000053a   DMA2SZ
00000500   DMACTL0
00000501   DMACTL0_H
00000500   DMACTL0_L
00000502   DMACTL1
00000503   DMACTL1_H
00000502   DMACTL1_L
00000504   DMACTL2
00000505   DMACTL2_H
00000504   DMACTL2_L
00000506   DMACTL3
00000507   DMACTL3_H
00000506   DMACTL3_L
00000508   DMACTL4
00000509   DMACTL4_H
00000508   DMACTL4_L
0000050e   DMAIV
0000050f   DMAIV_H
0000050e   DMAIV_L
00004834   Device_Name
00000140   FCTL1
00000141   FCTL1_H
00000140   FCTL1_L
00000144   FCTL3
00000145   FCTL3_H
00000144   FCTL3_L
00000146   FCTL4
00000147   FCTL4_H
00000146   FCTL4_L
0000a042   GPIO_setAsOutputPin
0000a0dc   GPIO_setAsPeripheralModuleFunctionInputPin
0000a176   GPIO_setAsPeripheralModuleFunctionOutputPin
0000af12   GPIO_setOutputHighOnPin
0000af88   GPIO_setOutputLowOnPin
0000c070   HOSTclose
00009e6c   HOSTlseek
0000b154   HOSTopen
0000b3e0   HOSTread
0000affe   HOSTrename
0000c26e   HOSTunlink
0000b30c   HOSTwrite
00009336   HRMainRoutine
000025b3   HR_ready
00004898   I2CB0_ISR
00000900   LDOKEYPID
00000901   LDOKEYPID_H
00000900   LDOKEYPID_L
00000908   LDOPWRCTL
00000909   LDOPWRCTL_H
00000908   LDOPWRCTL_L
000004c4   MAC
000004da   MAC32H
000004db   MAC32H_H
000004da   MAC32H_L
000004d8   MAC32L
000004d9   MAC32L_H
000004d8   MAC32L_L
000004c6   MACS
000004de   MACS32H
000004df   MACS32H_H
000004de   MACS32H_L
000004dc   MACS32L
000004dd   MACS32L_H
000004dc   MACS32L_L
000004c7   MACS_H
000004c6   MACS_L
000004c5   MAC_H
000004c4   MAC_L
000004c0   MPY
000004ec   MPY32CTL0
000004ed   MPY32CTL0_H
000004ec   MPY32CTL0_L
000004d2   MPY32H
000004d3   MPY32H_H
000004d2   MPY32H_L
000004d0   MPY32L
000004d1   MPY32L_H
000004d0   MPY32L_L
000004c2   MPYS
000004d6   MPYS32H
000004d7   MPYS32H_H
000004d6   MPYS32H_L
000004d4   MPYS32L
000004d5   MPYS32L_H
000004d4   MPYS32L_L
000004c3   MPYS_H
000004c2   MPYS_L
000004c1   MPY_H
000004c0   MPY_L
00004c54   NMI_ISR
000004c8   OP2
000004e2   OP2H
000004e3   OP2H_H
000004e2   OP2H_L
000004e0   OP2L
000004e1   OP2L_H
000004e0   OP2L_L
000004c9   OP2_H
000004c8   OP2_L
0000020e   P1IV
00004b76   P1_ISR
0000021e   P2IV
00004a20   P2_ISR
000001e0   P4MAP01
000001e1   P4MAP01_H
000001e0   P4MAP01_L
000001e2   P4MAP23
000001e3   P4MAP23_H
000001e2   P4MAP23_L
000001e4   P4MAP45
000001e5   P4MAP45_H
000001e4   P4MAP45_L
000001e6   P4MAP67
000001e7   P4MAP67_H
000001e6   P4MAP67_L
00000204   PADIR
00000205   PADIR_H
00000204   PADIR_L
00000208   PADS
00000209   PADS_H
00000208   PADS_L
0000021a   PAIE
00000218   PAIES
00000219   PAIES_H
00000218   PAIES_L
0000021b   PAIE_H
0000021a   PAIE_L
0000021c   PAIFG
0000021d   PAIFG_H
0000021c   PAIFG_L
00000200   PAIN
00000201   PAIN_H
00000200   PAIN_L
00000202   PAOUT
00000203   PAOUT_H
00000202   PAOUT_L
00000206   PAREN
00000207   PAREN_H
00000206   PAREN_L
0000020a   PASEL
0000020b   PASEL_H
0000020a   PASEL_L
00000224   PBDIR
00000225   PBDIR_H
00000224   PBDIR_L
00000228   PBDS
00000229   PBDS_H
00000228   PBDS_L
00000220   PBIN
00000221   PBIN_H
00000220   PBIN_L
00000222   PBOUT
00000223   PBOUT_H
00000222   PBOUT_L
00000226   PBREN
00000227   PBREN_H
00000226   PBREN_L
0000022a   PBSEL
0000022b   PBSEL_H
0000022a   PBSEL_L
00000244   PCDIR
00000245   PCDIR_H
00000244   PCDIR_L
00000248   PCDS
00000249   PCDS_H
00000248   PCDS_L
00000240   PCIN
00000241   PCIN_H
00000240   PCIN_L
00000242   PCOUT
00000243   PCOUT_H
00000242   PCOUT_L
00000246   PCREN
00000247   PCREN_H
00000246   PCREN_L
0000024a   PCSEL
0000024b   PCSEL_H
0000024a   PCSEL_L
00000324   PJDIR
00000325   PJDIR_H
00000324   PJDIR_L
00000328   PJDS
00000329   PJDS_H
00000328   PJDS_L
00000320   PJIN
00000321   PJIN_H
00000320   PJIN_L
00000322   PJOUT
00000323   PJOUT_H
00000322   PJOUT_L
00000326   PJREN
00000327   PJREN_H
00000326   PJREN_L
00000130   PM5CTL0
00000131   PM5CTL0_H
00000130   PM5CTL0_L
000001c2   PMAPCTL
000001c3   PMAPCTL_H
000001c2   PMAPCTL_L
000001c0   PMAPKEYID
000001c1   PMAPKEYID_H
000001c0   PMAPKEYID_L
00000120   PMMCTL0
00000121   PMMCTL0_H
00000120   PMMCTL0_L
00000122   PMMCTL1
00000123   PMMCTL1_H
00000122   PMMCTL1_L
0000012c   PMMIFG
0000012d   PMMIFG_H
0000012c   PMMIFG_L
0000012e   PMMRIE
0000012f   PMMRIE_H
0000012e   PMMRIE_L
0000c5f6   PMM_setVCore
00008ace   PMM_setVCoreDown
00007666   PMM_setVCoreUp
00000904   PUCTL
00000905   PUCTL_H
00000904   PUCTL_L
00000158   RCCTL0
00000159   RCCTL0_H
00000158   RCCTL0_L
000001b0   REFCTL0
000001b1   REFCTL0_H
000001b0   REFCTL0_L
000004e4   RES0
000004e5   RES0_H
000004e4   RES0_L
000004e6   RES1
000004e7   RES1_H
000004e6   RES1_L
000004e8   RES2
000004e9   RES2_H
000004e8   RES2_L
000004ea   RES3
000004eb   RES3_H
000004ea   RES3_L
000004cc   RESHI
000004cd   RESHI_H
000004cc   RESHI_L
000004ca   RESLO
000004cb   RESLO_H
000004ca   RESLO_L
000004ba   RTCADOWDAY
000004bb   RTCADOWDAY_H
000004ba   RTCADOWDAY_L
000004b8   RTCAMINHR
000004b9   RTCAMINHR_H
000004b8   RTCAMINHR_L
000004a0   RTCCTL01
000004a1   RTCCTL01_H
000004a0   RTCCTL01_L
000004a2   RTCCTL23
000004a3   RTCCTL23_H
000004a2   RTCCTL23_L
000004b4   RTCDATE
000004b5   RTCDATE_H
000004b4   RTCDATE_L
000004ae   RTCIV
000004ac   RTCPS
000004a8   RTCPS0CTL
000004a9   RTCPS0CTL_H
000004a8   RTCPS0CTL_L
000004aa   RTCPS1CTL
000004ab   RTCPS1CTL_H
000004aa   RTCPS1CTL_L
000004ad   RTCPS_H
000004ac   RTCPS_L
000004b0   RTCTIM0
000004b1   RTCTIM0_H
000004b0   RTCTIM0_L
000004b2   RTCTIM1
000004b3   RTCTIM1_H
000004b2   RTCTIM1_L
000004b6   RTCYEAR
000004b7   RTCYEAR_H
000004b6   RTCYEAR_L
00000100   SFRIE1
00000101   SFRIE1_H
00000100   SFRIE1_L
00000102   SFRIFG1
00000103   SFRIFG1_H
00000102   SFRIFG1_L
00000104   SFRRPCR
00000105   SFRRPCR_H
00000104   SFRRPCR_L
0000cfd2   SFR_clearInterrupt
0000d014   SFR_enableInterrupt
000004ce   SUMEXT
000004cf   SUMEXT_H
000004ce   SUMEXT_L
00000124   SVSMHCTL
00000125   SVSMHCTL_H
00000124   SVSMHCTL_L
00000128   SVSMIO
00000129   SVSMIO_H
00000128   SVSMIO_L
00000126   SVSMLCTL
00000127   SVSMLCTL_H
00000126   SVSMLCTL_L
00000198   SYSBERRIV
00000199   SYSBERRIV_H
00000198   SYSBERRIV_L
00000182   SYSBSLC
00000183   SYSBSLC_H
00000182   SYSBSLC_L
00000180   SYSCTL
00000181   SYSCTL_H
00000180   SYSCTL_L
00000186   SYSJMBC
00000187   SYSJMBC_H
00000186   SYSJMBC_L
00000188   SYSJMBI0
00000189   SYSJMBI0_H
00000188   SYSJMBI0_L
0000018a   SYSJMBI1
0000018b   SYSJMBI1_H
0000018a   SYSJMBI1_L
0000018c   SYSJMBO0
0000018d   SYSJMBO0_H
0000018c   SYSJMBO0_L
0000018e   SYSJMBO1
0000018f   SYSJMBO1_H
0000018e   SYSJMBO1_L
0000019e   SYSRSTIV
0000019f   SYSRSTIV_H
0000019e   SYSRSTIV_L
0000019c   SYSSNIV
0000019d   SYSSNIV_H
0000019c   SYSSNIV_L
0000019a   SYSUNIV
0000019b   SYSUNIV_H
0000019a   SYSUNIV_L
00000352   TA0CCR0
00000354   TA0CCR1
00000356   TA0CCR2
00000358   TA0CCR3
0000035a   TA0CCR4
00000342   TA0CCTL0
00000344   TA0CCTL1
00000346   TA0CCTL2
00000348   TA0CCTL3
0000034a   TA0CCTL4
00000340   TA0CTL
00000360   TA0EX0
0000036e   TA0IV
00000350   TA0R
00000392   TA1CCR0
00000394   TA1CCR1
00000396   TA1CCR2
00000382   TA1CCTL0
00000384   TA1CCTL1
00000386   TA1CCTL2
00000380   TA1CTL
000003a0   TA1EX0
000003ae   TA1IV
00000390   TA1R
00000412   TA2CCR0
00000414   TA2CCR1
00000416   TA2CCR2
00000402   TA2CCTL0
00000404   TA2CCTL1
00000406   TA2CCTL2
00000400   TA2CTL
00000420   TA2EX0
0000042e   TA2IV
00000410   TA2R
000003d2   TB0CCR0
000003d4   TB0CCR1
000003d6   TB0CCR2
000003d8   TB0CCR3
000003da   TB0CCR4
000003dc   TB0CCR5
000003de   TB0CCR6
000003c2   TB0CCTL0
000003c4   TB0CCTL1
000003c6   TB0CCTL2
000003c8   TB0CCTL3
000003ca   TB0CCTL4
000003cc   TB0CCTL5
000003ce   TB0CCTL6
000003c0   TB0CTL
000003e0   TB0EX0
000003ee   TB0IV
000003d0   TB0R
000005d0   UCA0ABCTL
000005c6   UCA0BRW
000005c7   UCA0BRW_H
000005c6   UCA0BRW_L
000005c0   UCA0CTLW0
000005c1   UCA0CTLW0_H
000005c0   UCA0CTLW0_L
000005dc   UCA0ICTL
000005dd   UCA0ICTL_H
000005dc   UCA0ICTL_L
000005d2   UCA0IRCTL
000005d3   UCA0IRCTL_H
000005d2   UCA0IRCTL_L
000005de   UCA0IV
000005c8   UCA0MCTL
000005cc   UCA0RXBUF
000005ca   UCA0STAT
000005ce   UCA0TXBUF
00000610   UCA1ABCTL
00000606   UCA1BRW
00000607   UCA1BRW_H
00000606   UCA1BRW_L
00000600   UCA1CTLW0
00000601   UCA1CTLW0_H
00000600   UCA1CTLW0_L
0000061c   UCA1ICTL
0000061d   UCA1ICTL_H
0000061c   UCA1ICTL_L
00000612   UCA1IRCTL
00000613   UCA1IRCTL_H
00000612   UCA1IRCTL_L
0000061e   UCA1IV
00000608   UCA1MCTL
0000060c   UCA1RXBUF
0000060a   UCA1STAT
0000060e   UCA1TXBUF
000005e6   UCB0BRW
000005e7   UCB0BRW_H
000005e6   UCB0BRW_L
000005e0   UCB0CTLW0
000005e1   UCB0CTLW0_H
000005e0   UCB0CTLW0_L
000005f0   UCB0I2COA
000005f1   UCB0I2COA_H
000005f0   UCB0I2COA_L
000005f2   UCB0I2CSA
000005f3   UCB0I2CSA_H
000005f2   UCB0I2CSA_L
000005fc   UCB0ICTL
000005fd   UCB0ICTL_H
000005fc   UCB0ICTL_L
000005fe   UCB0IV
000005ec   UCB0RXBUF
000005ea   UCB0STAT
000005ee   UCB0TXBUF
00000626   UCB1BRW
00000627   UCB1BRW_H
00000626   UCB1BRW_L
00000620   UCB1CTLW0
00000621   UCB1CTLW0_H
00000620   UCB1CTLW0_L
00000630   UCB1I2COA
00000631   UCB1I2COA_H
00000630   UCB1I2COA_L
00000632   UCB1I2CSA
00000633   UCB1I2CSA_H
00000632   UCB1I2CSA_L
0000063c   UCB1ICTL
0000063d   UCB1ICTL_H
0000063c   UCB1ICTL_L
0000063e   UCB1IV
0000062c   UCB1RXBUF
0000062a   UCB1STAT
0000062e   UCB1TXBUF
00000160   UCSCTL0
00000161   UCSCTL0_H
00000160   UCSCTL0_L
00000162   UCSCTL1
00000163   UCSCTL1_H
00000162   UCSCTL1_L
00000164   UCSCTL2
00000165   UCSCTL2_H
00000164   UCSCTL2_L
00000166   UCSCTL3
00000167   UCSCTL3_H
00000166   UCSCTL3_L
00000168   UCSCTL4
00000169   UCSCTL4_H
00000168   UCSCTL4_L
0000016a   UCSCTL5
0000016b   UCSCTL5_H
0000016a   UCSCTL5_L
0000016c   UCSCTL6
0000016d   UCSCTL6_H
0000016c   UCSCTL6_L
0000016e   UCSCTL7
0000016f   UCSCTL7_H
0000016e   UCSCTL7_L
00000170   UCSCTL8
00000171   UCSCTL8_H
00000170   UCSCTL8_L
0000aa4a   UCS_LFXT1Start
000025a0   UCS_XT1ClockFrequency
000025a4   UCS_XT2ClockFrequency
0000cb1c   UCS_clearAllOscFlagsWithTimeout
000086b6   UCS_clockSignalInit
0000cb92   UCS_getACLK
0000cd1e   UCS_getMCLK
0000cc62   UCS_getSMCLK
00008242   UCS_initFLL
0000c6dc   UCS_initFLLSettle
0000cd72   UCS_setExternalClockSource
00004bf0   USCI_A0_ISR
00004c2a   USCI_A1_ISR
0000cfa4   USCI_UART_clearInterruptFlag
0000d01a   USCI_UART_enable
0000cb6c   USCI_UART_enableInterrupt
0000908a   USCI_UART_initAdvance
0000cfdc   USCI_UART_queryStatusFlags
0000d00c   USCI_UART_receiveData
0000cfe6   USCI_UART_transmitData
0000015c   WDTCTL
0000015d   WDTCTL_H
0000015c   WDTCTL_L
000026fc   _CIOBUF_
0000bee6   _Dclass
00004400   __STACK_END
000000a0   __STACK_SIZE
00000140   __SYSMEM_SIZE
0000d0ba   __TI_CINIT_Base
0000d0d2   __TI_CINIT_Limit
0000d0a2   __TI_Handler_Table_Base
0000d0ae   __TI_Handler_Table_Limit
UNDEFED    __TI_INITARRAY_Base
UNDEFED    __TI_INITARRAY_Limit
0000d020   __TI_ISR_TRAP
00000001   __TI_args_main
0000c712   __TI_cleanup
00002352   __TI_cleanup_ptr
0000b0e4   __TI_closefile
0000cf04   __TI_decompress_none
0000d02c   __TI_decompress_rle24
0000b782   __TI_doflush
00002356   __TI_dtors_ptr
00000001   __TI_exit
00006680   __TI_frcaddd
000051b8   __TI_frcdivd
00005998   __TI_frcmpyd
000025b6   __TI_ft_end
0000ffd2   __TI_int41
0000ffd4   __TI_int42
0000ffd6   __TI_int43
0000ffd8   __TI_int44
0000ffda   __TI_int45
0000ffdc   __TI_int46
0000ffde   __TI_int47
0000ffe0   __TI_int48
0000ffe2   __TI_int49
0000ffe4   __TI_int50
0000ffe6   __TI_int51
0000ffe8   __TI_int52
0000ffea   __TI_int53
0000ffec   __TI_int54
0000ffee   __TI_int55
0000fff0   __TI_int56
0000fff2   __TI_int57
0000fff4   __TI_int58
0000fff6   __TI_int59
0000fff8   __TI_int60
0000fffa   __TI_int61
0000fffc   __TI_int62
00006f3a   __TI_printfi
0000c7b0   __TI_readmsg
00009a80   __TI_renormd
00002108   __TI_tmpnams
0000c748   __TI_writemsg
0000aac8   __TI_wrt_ok
0000cbb6   __TI_zero_init
ffffffff   __binit__
ffffffff   __c_args__
00005c7c   __mspabi_addd
000095d4   __mspabi_cmpd
00006afe   __mspabi_divd
0000ca9c   __mspabi_divi
0000c406   __mspabi_divli
0000ce4e   __mspabi_divu
0000bb34   __mspabi_divul
0000560a   __mspabi_divull
0000b650   __mspabi_fixdli
0000cef2   __mspabi_fixdu
0000b448   __mspabi_fixdul
0000a2a8   __mspabi_fltlid
00005f54   __mspabi_mpyd
0000ce64   __mspabi_mpyi_f5hw
0000cbfc   __mspabi_mpyl_f5hw
0000b9ce   __mspabi_mpyll_f5hw
0000c8d8   __mspabi_negd
0000ca9c   __mspabi_remi
0000c406   __mspabi_remli
0000ce4e   __mspabi_remu
0000bb34   __mspabi_remul
0000cffa   __mspabi_slli
0000cf5c   __mspabi_slll
0000c538   __mspabi_slll_1
0000c514   __mspabi_slll_10
0000c510   __mspabi_slll_11
0000c50c   __mspabi_slll_12
0000c508   __mspabi_slll_13
0000c504   __mspabi_slll_14
0000c500   __mspabi_slll_15
0000c534   __mspabi_slll_2
0000c530   __mspabi_slll_3
0000c52c   __mspabi_slll_4
0000c528   __mspabi_slll_5
0000c524   __mspabi_slll_6
0000c520   __mspabi_slll_7
0000c51c   __mspabi_slll_8
0000c518   __mspabi_slll_9
0000c630   __mspabi_sllll
0000cf4c   __mspabi_sral
0000c4fa   __mspabi_sral_1
0000c4d6   __mspabi_sral_10
0000c4d2   __mspabi_sral_11
0000c4ce   __mspabi_sral_12
0000c4ca   __mspabi_sral_13
0000c4c6   __mspabi_sral_14
0000c4c2   __mspabi_sral_15
0000c4f6   __mspabi_sral_2
0000c4f2   __mspabi_sral_3
0000c4ee   __mspabi_sral_4
0000c4ea   __mspabi_sral_5
0000c4e6   __mspabi_sral_6
0000c4e2   __mspabi_sral_7
0000c4de   __mspabi_sral_8
0000c4da   __mspabi_sral_9
0000cf6c   __mspabi_srll
0000c576   __mspabi_srll_1
0000c552   __mspabi_srll_10
0000c54e   __mspabi_srll_11
0000c54a   __mspabi_srll_12
0000c546   __mspabi_srll_13
0000c542   __mspabi_srll_14
0000c53e   __mspabi_srll_15
0000c572   __mspabi_srll_2
0000c56e   __mspabi_srll_3
0000c56a   __mspabi_srll_4
0000c566   __mspabi_srll_5
0000c562   __mspabi_srll_6
0000c55e   __mspabi_srll_7
0000c55a   __mspabi_srll_8
0000c556   __mspabi_srll_9
0000c66a   __mspabi_srlll
0000c7e2   __mspabi_subd
0000b1c2   _auto_init_hold_wdt
00004c7a   _c_int00
00004c7a   _c_int00_noargs
0000455e   _ctypes_
000023a6   _ftable
00002598   _lock
0000d044   _nop
0000fffe   _reset_vector
00004360   _stack
000025bc   _sys_memory
0000d03c   _system_pre_init
0000259c   _unlock
0000d040   abort
0000cff0   abs
00007fee   app_BT_BLE_peripherial_DEMO
0000b8ac   atoi
00001e08   au8SendBuff
ffffffff   binit
000025ac   btQueueEVENT
00008cc2   bt_uart_manager
00001f08   cSPP_DATA_RECEIVE_buff
00002590   clockValue
0000ba28   close
0000c9ec   eBleApiInit
00009d2a   eBleDeviceSrv_Init
0000c6a4   eBleExtractData
0000d032   eBleExtractDataEventGattCli
00008118   eBleExtractDataEventGattSer
0000b6b6   eBleExtractDataEventMng
0000b230   eBlePerif_StartAdv
0000ce7a   eBleRegisterCallback_CharDescUpdate
0000ce8e   eBleRegisterCallback_CharValUpdate
0000cea2   eBleRegisterCallback_MultiUpdate
0000ceb6   eBleRegisterCallback_UnexpEvnt
00007960   eBleSrv_AddCharacteristic
00009b32   eBleSrv_AddIncludeToSvc
0000ac42   eBleSrv_AddPrimServiceAttributes
0000cfb0   eBleSrv_ClientConnRequestHndlr
0000a210   eBleSrv_ClientMtuExchangeHndlr
0000b4b0   eBleSrv_GetEndGroupHandle
00009782   eBleSrv_ReadCharDescriptorHndlr
00009846   eBleSrv_ReadCharValHndlr
000096ac   eBleSrv_ReadMultiEventHndlr
00007ebe   eBleSrv_RegisterPrimaryService
0000990a   eBleSrv_SendNotification
0000916e   eBleSrv_WriteCharDescriptorHndlr
0000a464   eBleWaitForSpecificEvent
0000bb8c   eGetLeAccept_Ack
0000cac8   eGetLeDisableAdvertise_Resp
0000b7e6   eGetLeDisconnect_Event
00008488   eGetLeMngConnComplete_Event
0000c2fa   eGetLeMngInit_Resp
0000caf2   eGetLeStartAdvertise_Resp
0000bbe2   eGetSdbGattAddCharacterDecl_Resp
0000bc38   eGetSdbGattAddCharacterEle_Resp
0000bc8e   eGetSdbGattAddInclSvc_Resp
0000be92   eGetSdbGattAddPrimaryService_Resp
0000bce4   eGetSdbGattReturnEndGroupHandle_Resp
0000ca18   eGetSdbGattUpdateCharacterEle_Resp
0000c106   eGetServerGattExgMtuAccept_Req
0000acba   eGetServerGattExgMtuAccept_Resp
0000b29e   eGetServerGattExgMtu_Event
0000ca44   eGetServerGattInit_Resp
0000bd3a   eGetServerGattReadCharDescriptorAccept_Resp
0000b518   eGetServerGattReadCharDescriptor_Event
0000b580   eGetServerGattReadCharVal_Event
0000bd90   eGetServerGattReadMultiAccept_Resp
0000a33c   eGetServerGattReadMulti_Event
0000bf36   eGetServerGattValIndication_Event
0000c382   eGetServerGattValNotify_Event
00009f0a   eGetServerGattWriteCharDesc_Event
0000bde6   eGetServerGattWriteCharDespAccept_Resp
0000be3c   eGetServerGattWriteCharValAccept_Resp
00009fa6   eGetServerGattWriteWithoutRespCmd_Event
0000ad32   eHRAddDevIdentService
00009252   eHRAddGAPDevName_Appearance_Service
00008f9c   eHRAddHeartRateService
0000a948   eHRInitialise
00007acc   eHRStartAdvertising
0000cd8c   eIsCmdMatching
0000ca70   eSendData
0000adaa   eSetLeMngInit_Req
000085a2   eSetLeStartAdvertise_Req
0000a3d0   eSetSdbGattAddCharacterDecl_Req
000094f6   eSetSdbGattAddCharacterEle_Req
0000a838   eSetSdbGattAddInclSvc_Req
0000ae22   eSetSdbGattAddPrimaryService_Req
0000c906   eSetSdbGattReturnEndGroupHandle_Req
0000a8c0   eSetSdbGattUpdateCharacterEle_Req
0000a69e   eSetServerGattCharValNotification_Req
0000cdda   eSetServerGattInit_Req
0000c14e   eSetServerGattReadCharDescriptorAccept_Req
0000c196   eSetServerGattReadCharValAccept_Req
0000b5e8   eSetServerGattReadCharValAccept_Resp
0000b71c   eSetServerGattReadMultiAccept_Req
0000c1de   eSetServerGattWriteCharDescAccept_Req
0000cdf2   eUpdateCharDescriptor
0000ce0a   eUpdateCharValue
0000cd3a   eUpdateMulti
0000235a   err
000089d0   errorCode
0000c934   exit
000025b2   fHR_1HZ_tick
0000a4f6   fputc
00008eac   fputs
0000a586   free
0000b376   fseek
000021a8   gasTimerInfo
0000253a   gu8InterruptCount
000024e6   gu8PowerOffMode
00002246   gu8Rx0Buffer
000025b0   gu8RxData
000025b1   gu8RxDataCount
0000bfd4   hci_Get_Version
00009c84   hci_M2_SET_DeepSleep
0000cc82   hci_Patch13_RF_LE_param
0000cca2   hci_Patch14_RF_LE_param
0000ccc2   hci_Patch15_RF_LE_param
0000cbda   hci_RESET
0000c814   hci_SET_MODE
0000c484   hci_Write_BD_ADDR
0000235e   hci_event
0000c022   init_bluetooth
0000c57c   lseek
0000a9ca   ltoa
0000c226   main
000099c6   malloc
0000cce2   memccpy
0000ce22   memchr
0000ceca   memcpy
0000ce38   memset
0000c3c4   minit
00002362   pCharDescUpdCallback
00002366   pCharValUpdCallback
0000236a   pUpdMultiCallback
0000c0bc   printf
0000642c   processPaketHCI
00004c98   processPaketTCU
000025a8   ptUnexEvtCallBack
0000236e   pt_hci_event
0000c8a8   remove
00002008   rxUARTbuff
0000cf7c   send_tx
00009416   setvbuf
000022ca   stDevIdService
000022d8   stGAPService
00002282   stHRMChar
000022e6   stHRService
00002594   status
0000cda6   strchr
0000cd56   strcmp
0000cf16   strcpy
0000cf8a   strlen
0000c846   strncpy
0000b072   tcu_MNG_INIT_REQ
0000233c   tcu_event
0000237e   tcu_mng_connection_accept_resp
000022f4   tcu_mng_connection_request_event
00002266   tcu_mng_connection_status_event
00002202   tcu_mng_discover_remote_device_result_event
0000229c   tcu_mng_discover_remote_service_event
0000230c   tcu_mng_init_req
00002316   tcu_mng_init_resp
00001d06   tcu_mng_pin_request_event
00002320   tcu_mng_pin_write_resp
00002382   tcu_mng_set_scan_resp
000022b4   tcu_mng_ssp_info_event
00002386   tcu_mng_standard_hci_set_resp
0000234c   tcu_mng_tcu_accept
0000238a   tcu_mng_tcu_non_accept
00002300   tcu_packet_format
00001c00   tcu_spp_connect_event
00002344   tcu_spp_data_receive_event
0000232a   tcu_spp_disconnect_event
0000238e   tcu_spp_line_notify_event
00002392   tcu_spp_setup_resp
00002396   tcu_spp_shutdown_resp
0000239a   tcu_spp_uuid_assign_resp
0000cf28   toupper
0000cdc0   u16AutoSetCmdHeader
0000cb44   u16SetCmdHeaderUserLen
0000c8a8   unlink
0000cc1e   vAppCallback
0000c990   vCopyArrayParams
0000b96e   vPrintUnexpectedCMD
0000cfbc   vSetCmdLength
0000cede   vSmartProcessPacket
0000c9be   vSmartWaitForAnyEvent
0000cc40   vWrite2Array_16
0000cf3a   vWrite2Array_8
0000c5ba   write


GLOBAL SYMBOLS: SORTED BY Symbol Address 

address    name
--------   ----
00000001   __TI_args_main
00000001   __TI_exit
000000a0   __STACK_SIZE
00000100   SFRIE1
00000100   SFRIE1_L
00000101   SFRIE1_H
00000102   SFRIFG1
00000102   SFRIFG1_L
00000103   SFRIFG1_H
00000104   SFRRPCR
00000104   SFRRPCR_L
00000105   SFRRPCR_H
00000120   PMMCTL0
00000120   PMMCTL0_L
00000121   PMMCTL0_H
00000122   PMMCTL1
00000122   PMMCTL1_L
00000123   PMMCTL1_H
00000124   SVSMHCTL
00000124   SVSMHCTL_L
00000125   SVSMHCTL_H
00000126   SVSMLCTL
00000126   SVSMLCTL_L
00000127   SVSMLCTL_H
00000128   SVSMIO
00000128   SVSMIO_L
00000129   SVSMIO_H
0000012c   PMMIFG
0000012c   PMMIFG_L
0000012d   PMMIFG_H
0000012e   PMMRIE
0000012e   PMMRIE_L
0000012f   PMMRIE_H
00000130   PM5CTL0
00000130   PM5CTL0_L
00000131   PM5CTL0_H
00000140   FCTL1
00000140   FCTL1_L
00000140   __SYSMEM_SIZE
00000141   FCTL1_H
00000144   FCTL3
00000144   FCTL3_L
00000145   FCTL3_H
00000146   FCTL4
00000146   FCTL4_L
00000147   FCTL4_H
00000150   CRCDI
00000150   CRCDI_L
00000151   CRCDI_H
00000152   CRCDIRB
00000152   CRCDIRB_L
00000153   CRCDIRB_H
00000154   CRCINIRES
00000154   CRCINIRES_L
00000155   CRCINIRES_H
00000156   CRCRESR
00000156   CRCRESR_L
00000157   CRCRESR_H
00000158   RCCTL0
00000158   RCCTL0_L
00000159   RCCTL0_H
0000015c   WDTCTL
0000015c   WDTCTL_L
0000015d   WDTCTL_H
00000160   UCSCTL0
00000160   UCSCTL0_L
00000161   UCSCTL0_H
00000162   UCSCTL1
00000162   UCSCTL1_L
00000163   UCSCTL1_H
00000164   UCSCTL2
00000164   UCSCTL2_L
00000165   UCSCTL2_H
00000166   UCSCTL3
00000166   UCSCTL3_L
00000167   UCSCTL3_H
00000168   UCSCTL4
00000168   UCSCTL4_L
00000169   UCSCTL4_H
0000016a   UCSCTL5
0000016a   UCSCTL5_L
0000016b   UCSCTL5_H
0000016c   UCSCTL6
0000016c   UCSCTL6_L
0000016d   UCSCTL6_H
0000016e   UCSCTL7
0000016e   UCSCTL7_L
0000016f   UCSCTL7_H
00000170   UCSCTL8
00000170   UCSCTL8_L
00000171   UCSCTL8_H
00000180   SYSCTL
00000180   SYSCTL_L
00000181   SYSCTL_H
00000182   SYSBSLC
00000182   SYSBSLC_L
00000183   SYSBSLC_H
00000186   SYSJMBC
00000186   SYSJMBC_L
00000187   SYSJMBC_H
00000188   SYSJMBI0
00000188   SYSJMBI0_L
00000189   SYSJMBI0_H
0000018a   SYSJMBI1
0000018a   SYSJMBI1_L
0000018b   SYSJMBI1_H
0000018c   SYSJMBO0
0000018c   SYSJMBO0_L
0000018d   SYSJMBO0_H
0000018e   SYSJMBO1
0000018e   SYSJMBO1_L
0000018f   SYSJMBO1_H
00000198   SYSBERRIV
00000198   SYSBERRIV_L
00000199   SYSBERRIV_H
0000019a   SYSUNIV
0000019a   SYSUNIV_L
0000019b   SYSUNIV_H
0000019c   SYSSNIV
0000019c   SYSSNIV_L
0000019d   SYSSNIV_H
0000019e   SYSRSTIV
0000019e   SYSRSTIV_L
0000019f   SYSRSTIV_H
000001b0   REFCTL0
000001b0   REFCTL0_L
000001b1   REFCTL0_H
000001c0   PMAPKEYID
000001c0   PMAPKEYID_L
000001c1   PMAPKEYID_H
000001c2   PMAPCTL
000001c2   PMAPCTL_L
000001c3   PMAPCTL_H
000001e0   P4MAP01
000001e0   P4MAP01_L
000001e1   P4MAP01_H
000001e2   P4MAP23
000001e2   P4MAP23_L
000001e3   P4MAP23_H
000001e4   P4MAP45
000001e4   P4MAP45_L
000001e5   P4MAP45_H
000001e6   P4MAP67
000001e6   P4MAP67_L
000001e7   P4MAP67_H
00000200   PAIN
00000200   PAIN_L
00000201   PAIN_H
00000202   PAOUT
00000202   PAOUT_L
00000203   PAOUT_H
00000204   PADIR
00000204   PADIR_L
00000205   PADIR_H
00000206   PAREN
00000206   PAREN_L
00000207   PAREN_H
00000208   PADS
00000208   PADS_L
00000209   PADS_H
0000020a   PASEL
0000020a   PASEL_L
0000020b   PASEL_H
0000020e   P1IV
00000218   PAIES
00000218   PAIES_L
00000219   PAIES_H
0000021a   PAIE
0000021a   PAIE_L
0000021b   PAIE_H
0000021c   PAIFG
0000021c   PAIFG_L
0000021d   PAIFG_H
0000021e   P2IV
00000220   PBIN
00000220   PBIN_L
00000221   PBIN_H
00000222   PBOUT
00000222   PBOUT_L
00000223   PBOUT_H
00000224   PBDIR
00000224   PBDIR_L
00000225   PBDIR_H
00000226   PBREN
00000226   PBREN_L
00000227   PBREN_H
00000228   PBDS
00000228   PBDS_L
00000229   PBDS_H
0000022a   PBSEL
0000022a   PBSEL_L
0000022b   PBSEL_H
00000240   PCIN
00000240   PCIN_L
00000241   PCIN_H
00000242   PCOUT
00000242   PCOUT_L
00000243   PCOUT_H
00000244   PCDIR
00000244   PCDIR_L
00000245   PCDIR_H
00000246   PCREN
00000246   PCREN_L
00000247   PCREN_H
00000248   PCDS
00000248   PCDS_L
00000249   PCDS_H
0000024a   PCSEL
0000024a   PCSEL_L
0000024b   PCSEL_H
00000320   PJIN
00000320   PJIN_L
00000321   PJIN_H
00000322   PJOUT
00000322   PJOUT_L
00000323   PJOUT_H
00000324   PJDIR
00000324   PJDIR_L
00000325   PJDIR_H
00000326   PJREN
00000326   PJREN_L
00000327   PJREN_H
00000328   PJDS
00000328   PJDS_L
00000329   PJDS_H
00000340   TA0CTL
00000342   TA0CCTL0
00000344   TA0CCTL1
00000346   TA0CCTL2
00000348   TA0CCTL3
0000034a   TA0CCTL4
00000350   TA0R
00000352   TA0CCR0
00000354   TA0CCR1
00000356   TA0CCR2
00000358   TA0CCR3
0000035a   TA0CCR4
00000360   TA0EX0
0000036e   TA0IV
00000380   TA1CTL
00000382   TA1CCTL0
00000384   TA1CCTL1
00000386   TA1CCTL2
00000390   TA1R
00000392   TA1CCR0
00000394   TA1CCR1
00000396   TA1CCR2
000003a0   TA1EX0
000003ae   TA1IV
000003c0   TB0CTL
000003c2   TB0CCTL0
000003c4   TB0CCTL1
000003c6   TB0CCTL2
000003c8   TB0CCTL3
000003ca   TB0CCTL4
000003cc   TB0CCTL5
000003ce   TB0CCTL6
000003d0   TB0R
000003d2   TB0CCR0
000003d4   TB0CCR1
000003d6   TB0CCR2
000003d8   TB0CCR3
000003da   TB0CCR4
000003dc   TB0CCR5
000003de   TB0CCR6
000003e0   TB0EX0
000003ee   TB0IV
00000400   TA2CTL
00000402   TA2CCTL0
00000404   TA2CCTL1
00000406   TA2CCTL2
00000410   TA2R
00000412   TA2CCR0
00000414   TA2CCR1
00000416   TA2CCR2
00000420   TA2EX0
0000042e   TA2IV
000004a0   RTCCTL01
000004a0   RTCCTL01_L
000004a1   RTCCTL01_H
000004a2   RTCCTL23
000004a2   RTCCTL23_L
000004a3   RTCCTL23_H
000004a8   RTCPS0CTL
000004a8   RTCPS0CTL_L
000004a9   RTCPS0CTL_H
000004aa   RTCPS1CTL
000004aa   RTCPS1CTL_L
000004ab   RTCPS1CTL_H
000004ac   RTCPS
000004ac   RTCPS_L
000004ad   RTCPS_H
000004ae   RTCIV
000004b0   RTCTIM0
000004b0   RTCTIM0_L
000004b1   RTCTIM0_H
000004b2   RTCTIM1
000004b2   RTCTIM1_L
000004b3   RTCTIM1_H
000004b4   RTCDATE
000004b4   RTCDATE_L
000004b5   RTCDATE_H
000004b6   RTCYEAR
000004b6   RTCYEAR_L
000004b7   RTCYEAR_H
000004b8   RTCAMINHR
000004b8   RTCAMINHR_L
000004b9   RTCAMINHR_H
000004ba   RTCADOWDAY
000004ba   RTCADOWDAY_L
000004bb   RTCADOWDAY_H
000004c0   MPY
000004c0   MPY_L
000004c1   MPY_H
000004c2   MPYS
000004c2   MPYS_L
000004c3   MPYS_H
000004c4   MAC
000004c4   MAC_L
000004c5   MAC_H
000004c6   MACS
000004c6   MACS_L
000004c7   MACS_H
000004c8   OP2
000004c8   OP2_L
000004c9   OP2_H
000004ca   RESLO
000004ca   RESLO_L
000004cb   RESLO_H
000004cc   RESHI
000004cc   RESHI_L
000004cd   RESHI_H
000004ce   SUMEXT
000004ce   SUMEXT_L
000004cf   SUMEXT_H
000004d0   MPY32L
000004d0   MPY32L_L
000004d1   MPY32L_H
000004d2   MPY32H
000004d2   MPY32H_L
000004d3   MPY32H_H
000004d4   MPYS32L
000004d4   MPYS32L_L
000004d5   MPYS32L_H
000004d6   MPYS32H
000004d6   MPYS32H_L
000004d7   MPYS32H_H
000004d8   MAC32L
000004d8   MAC32L_L
000004d9   MAC32L_H
000004da   MAC32H
000004da   MAC32H_L
000004db   MAC32H_H
000004dc   MACS32L
000004dc   MACS32L_L
000004dd   MACS32L_H
000004de   MACS32H
000004de   MACS32H_L
000004df   MACS32H_H
000004e0   OP2L
000004e0   OP2L_L
000004e1   OP2L_H
000004e2   OP2H
000004e2   OP2H_L
000004e3   OP2H_H
000004e4   RES0
000004e4   RES0_L
000004e5   RES0_H
000004e6   RES1
000004e6   RES1_L
000004e7   RES1_H
000004e8   RES2
000004e8   RES2_L
000004e9   RES2_H
000004ea   RES3
000004ea   RES3_L
000004eb   RES3_H
000004ec   MPY32CTL0
000004ec   MPY32CTL0_L
000004ed   MPY32CTL0_H
00000500   DMACTL0
00000500   DMACTL0_L
00000501   DMACTL0_H
00000502   DMACTL1
00000502   DMACTL1_L
00000503   DMACTL1_H
00000504   DMACTL2
00000504   DMACTL2_L
00000505   DMACTL2_H
00000506   DMACTL3
00000506   DMACTL3_L
00000507   DMACTL3_H
00000508   DMACTL4
00000508   DMACTL4_L
00000509   DMACTL4_H
0000050e   DMAIV
0000050e   DMAIV_L
0000050f   DMAIV_H
00000510   DMA0CTL
00000510   DMA0CTL_L
00000511   DMA0CTL_H
00000512   DMA0SA
00000512   DMA0SAL
00000516   DMA0DA
00000516   DMA0DAL
0000051a   DMA0SZ
00000520   DMA1CTL
00000520   DMA1CTL_L
00000521   DMA1CTL_H
00000522   DMA1SA
00000522   DMA1SAL
00000526   DMA1DA
00000526   DMA1DAL
0000052a   DMA1SZ
00000530   DMA2CTL
00000530   DMA2CTL_L
00000531   DMA2CTL_H
00000532   DMA2SA
00000532   DMA2SAL
00000536   DMA2DA
00000536   DMA2DAL
0000053a   DMA2SZ
000005c0   UCA0CTLW0
000005c0   UCA0CTLW0_L
000005c1   UCA0CTLW0_H
000005c6   UCA0BRW
000005c6   UCA0BRW_L
000005c7   UCA0BRW_H
000005c8   UCA0MCTL
000005ca   UCA0STAT
000005cc   UCA0RXBUF
000005ce   UCA0TXBUF
000005d0   UCA0ABCTL
000005d2   UCA0IRCTL
000005d2   UCA0IRCTL_L
000005d3   UCA0IRCTL_H
000005dc   UCA0ICTL
000005dc   UCA0ICTL_L
000005dd   UCA0ICTL_H
000005de   UCA0IV
000005e0   UCB0CTLW0
000005e0   UCB0CTLW0_L
000005e1   UCB0CTLW0_H
000005e6   UCB0BRW
000005e6   UCB0BRW_L
000005e7   UCB0BRW_H
000005ea   UCB0STAT
000005ec   UCB0RXBUF
000005ee   UCB0TXBUF
000005f0   UCB0I2COA
000005f0   UCB0I2COA_L
000005f1   UCB0I2COA_H
000005f2   UCB0I2CSA
000005f2   UCB0I2CSA_L
000005f3   UCB0I2CSA_H
000005fc   UCB0ICTL
000005fc   UCB0ICTL_L
000005fd   UCB0ICTL_H
000005fe   UCB0IV
00000600   UCA1CTLW0
00000600   UCA1CTLW0_L
00000601   UCA1CTLW0_H
00000606   UCA1BRW
00000606   UCA1BRW_L
00000607   UCA1BRW_H
00000608   UCA1MCTL
0000060a   UCA1STAT
0000060c   UCA1RXBUF
0000060e   UCA1TXBUF
00000610   UCA1ABCTL
00000612   UCA1IRCTL
00000612   UCA1IRCTL_L
00000613   UCA1IRCTL_H
0000061c   UCA1ICTL
0000061c   UCA1ICTL_L
0000061d   UCA1ICTL_H
0000061e   UCA1IV
00000620   UCB1CTLW0
00000620   UCB1CTLW0_L
00000621   UCB1CTLW0_H
00000626   UCB1BRW
00000626   UCB1BRW_L
00000627   UCB1BRW_H
0000062a   UCB1STAT
0000062c   UCB1RXBUF
0000062e   UCB1TXBUF
00000630   UCB1I2COA
00000630   UCB1I2COA_L
00000631   UCB1I2COA_H
00000632   UCB1I2CSA
00000632   UCB1I2CSA_L
00000633   UCB1I2CSA_H
0000063c   UCB1ICTL
0000063c   UCB1ICTL_L
0000063d   UCB1ICTL_H
0000063e   UCB1IV
00000700   ADC12CTL0
00000700   ADC12CTL0_L
00000701   ADC12CTL0_H
00000702   ADC12CTL1
00000702   ADC12CTL1_L
00000703   ADC12CTL1_H
00000704   ADC12CTL2
00000704   ADC12CTL2_L
00000705   ADC12CTL2_H
0000070a   ADC12IFG
0000070a   ADC12IFG_L
0000070b   ADC12IFG_H
0000070c   ADC12IE
0000070c   ADC12IE_L
0000070d   ADC12IE_H
0000070e   ADC12IV
0000070e   ADC12IV_L
0000070f   ADC12IV_H
00000710   ADC12MCTL0
00000711   ADC12MCTL1
00000712   ADC12MCTL2
00000713   ADC12MCTL3
00000714   ADC12MCTL4
00000715   ADC12MCTL5
00000716   ADC12MCTL6
00000717   ADC12MCTL7
00000718   ADC12MCTL8
00000719   ADC12MCTL9
0000071a   ADC12MCTL10
0000071b   ADC12MCTL11
0000071c   ADC12MCTL12
0000071d   ADC12MCTL13
0000071e   ADC12MCTL14
0000071f   ADC12MCTL15
00000720   ADC12MEM0
00000720   ADC12MEM0_L
00000721   ADC12MEM0_H
00000722   ADC12MEM1
00000722   ADC12MEM1_L
00000723   ADC12MEM1_H
00000724   ADC12MEM2
00000724   ADC12MEM2_L
00000725   ADC12MEM2_H
00000726   ADC12MEM3
00000726   ADC12MEM3_L
00000727   ADC12MEM3_H
00000728   ADC12MEM4
00000728   ADC12MEM4_L
00000729   ADC12MEM4_H
0000072a   ADC12MEM5
0000072a   ADC12MEM5_L
0000072b   ADC12MEM5_H
0000072c   ADC12MEM6
0000072c   ADC12MEM6_L
0000072d   ADC12MEM6_H
0000072e   ADC12MEM7
0000072e   ADC12MEM7_L
0000072f   ADC12MEM7_H
00000730   ADC12MEM8
00000730   ADC12MEM8_L
00000731   ADC12MEM8_H
00000732   ADC12MEM9
00000732   ADC12MEM9_L
00000733   ADC12MEM9_H
00000734   ADC12MEM10
00000734   ADC12MEM10_L
00000735   ADC12MEM10_H
00000736   ADC12MEM11
00000736   ADC12MEM11_L
00000737   ADC12MEM11_H
00000738   ADC12MEM12
00000738   ADC12MEM12_L
00000739   ADC12MEM12_H
0000073a   ADC12MEM13
0000073a   ADC12MEM13_L
0000073b   ADC12MEM13_H
0000073c   ADC12MEM14
0000073c   ADC12MEM14_L
0000073d   ADC12MEM14_H
0000073e   ADC12MEM15
0000073e   ADC12MEM15_L
0000073f   ADC12MEM15_H
000008c0   CBCTL0
000008c0   CBCTL0_L
000008c1   CBCTL0_H
000008c2   CBCTL1
000008c2   CBCTL1_L
000008c3   CBCTL1_H
000008c4   CBCTL2
000008c4   CBCTL2_L
000008c5   CBCTL2_H
000008c6   CBCTL3
000008c6   CBCTL3_L
000008c7   CBCTL3_H
000008cc   CBINT
000008cc   CBINT_L
000008cd   CBINT_H
000008ce   CBIV
00000900   LDOKEYPID
00000900   LDOKEYPID_L
00000901   LDOKEYPID_H
00000904   PUCTL
00000904   PUCTL_L
00000905   PUCTL_H
00000908   LDOPWRCTL
00000908   LDOPWRCTL_L
00000909   LDOPWRCTL_H
00001c00   tcu_spp_connect_event
00001d06   tcu_mng_pin_request_event
00001e08   au8SendBuff
00001f08   cSPP_DATA_RECEIVE_buff
00002008   rxUARTbuff
00002108   __TI_tmpnams
000021a8   gasTimerInfo
00002202   tcu_mng_discover_remote_device_result_event
00002246   gu8Rx0Buffer
00002266   tcu_mng_connection_status_event
00002282   stHRMChar
0000229c   tcu_mng_discover_remote_service_event
000022b4   tcu_mng_ssp_info_event
000022ca   stDevIdService
000022d8   stGAPService
000022e6   stHRService
000022f4   tcu_mng_connection_request_event
00002300   tcu_packet_format
0000230c   tcu_mng_init_req
00002316   tcu_mng_init_resp
00002320   tcu_mng_pin_write_resp
0000232a   tcu_spp_disconnect_event
0000233c   tcu_event
00002344   tcu_spp_data_receive_event
0000234c   tcu_mng_tcu_accept
00002352   __TI_cleanup_ptr
00002356   __TI_dtors_ptr
0000235a   err
0000235e   hci_event
00002362   pCharDescUpdCallback
00002366   pCharValUpdCallback
0000236a   pUpdMultiCallback
0000236e   pt_hci_event
0000237e   tcu_mng_connection_accept_resp
00002382   tcu_mng_set_scan_resp
00002386   tcu_mng_standard_hci_set_resp
0000238a   tcu_mng_tcu_non_accept
0000238e   tcu_spp_line_notify_event
00002392   tcu_spp_setup_resp
00002396   tcu_spp_shutdown_resp
0000239a   tcu_spp_uuid_assign_resp
000023a6   _ftable
000024e6   gu8PowerOffMode
0000253a   gu8InterruptCount
0000253b   ADC_DATA_READY
00002590   clockValue
00002594   status
00002598   _lock
0000259c   _unlock
000025a0   UCS_XT1ClockFrequency
000025a4   UCS_XT2ClockFrequency
000025a8   ptUnexEvtCallBack
000025ac   btQueueEVENT
000025b0   gu8RxData
000025b1   gu8RxDataCount
000025b2   fHR_1HZ_tick
000025b3   HR_ready
000025b4   BT_Mode
000025b6   __TI_ft_end
000025ba   DATA_FROM_BLUETOOTH_UART
000025bc   _sys_memory
000026fc   _CIOBUF_
00004360   _stack
00004400   __STACK_END
0000455e   _ctypes_
00004834   Device_Name
00004858   BD_ADDR
00004898   I2CB0_ISR
0000495e   ADC12_A_ISR
00004a20   P2_ISR
00004ada   CYC_SYS_TMR_Timer1ISR
00004b76   P1_ISR
00004bf0   USCI_A0_ISR
00004c2a   USCI_A1_ISR
00004c54   NMI_ISR
00004c7a   _c_int00
00004c7a   _c_int00_noargs
00004c96   CYC_SYS_PWM_PWMTimer
00004c98   processPaketTCU
000051b8   __TI_frcdivd
0000560a   __mspabi_divull
00005998   __TI_frcmpyd
00005c7c   __mspabi_addd
00005f54   __mspabi_mpyd
0000642c   processPaketHCI
00006680   __TI_frcaddd
00006afe   __mspabi_divd
00006f3a   __TI_printfi
00007666   PMM_setVCoreUp
000077e8   BT_hci_init
00007960   eBleSrv_AddCharacteristic
00007acc   eHRStartAdvertising
00007ebe   eBleSrv_RegisterPrimaryService
00007fee   app_BT_BLE_peripherial_DEMO
00008118   eBleExtractDataEventGattSer
00008242   UCS_initFLL
00008488   eGetLeMngConnComplete_Event
000085a2   eSetLeStartAdvertise_Req
000086b6   UCS_clockSignalInit
000089d0   errorCode
00008ace   PMM_setVCoreDown
00008cc2   bt_uart_manager
00008db8   CYC_SYS_CLK_SetSystemClock
00008eac   fputs
00008f9c   eHRAddHeartRateService
0000908a   USCI_UART_initAdvance
0000916e   eBleSrv_WriteCharDescriptorHndlr
00009252   eHRAddGAPDevName_Appearance_Service
00009336   HRMainRoutine
00009416   setvbuf
000094f6   eSetSdbGattAddCharacterEle_Req
000095d4   __mspabi_cmpd
000096ac   eBleSrv_ReadMultiEventHndlr
00009782   eBleSrv_ReadCharDescriptorHndlr
00009846   eBleSrv_ReadCharValHndlr
0000990a   eBleSrv_SendNotification
000099c6   malloc
00009a80   __TI_renormd
00009b32   eBleSrv_AddIncludeToSvc
00009c84   hci_M2_SET_DeepSleep
00009d2a   eBleDeviceSrv_Init
00009dcc   CYC_SYS_UART1_Initialize
00009e6c   HOSTlseek
00009f0a   eGetServerGattWriteCharDesc_Event
00009fa6   eGetServerGattWriteWithoutRespCmd_Event
0000a042   GPIO_setAsOutputPin
0000a0dc   GPIO_setAsPeripheralModuleFunctionInputPin
0000a176   GPIO_setAsPeripheralModuleFunctionOutputPin
0000a210   eBleSrv_ClientMtuExchangeHndlr
0000a2a8   __mspabi_fltlid
0000a33c   eGetServerGattReadMulti_Event
0000a3d0   eSetSdbGattAddCharacterDecl_Req
0000a464   eBleWaitForSpecificEvent
0000a4f6   fputc
0000a586   free
0000a614   CYC_SYS_UART0_Initialize
0000a69e   eSetServerGattCharValNotification_Req
0000a838   eSetSdbGattAddInclSvc_Req
0000a8c0   eSetSdbGattUpdateCharacterEle_Req
0000a948   eHRInitialise
0000a9ca   ltoa
0000aa4a   UCS_LFXT1Start
0000aac8   __TI_wrt_ok
0000ac42   eBleSrv_AddPrimServiceAttributes
0000acba   eGetServerGattExgMtuAccept_Resp
0000ad32   eHRAddDevIdentService
0000adaa   eSetLeMngInit_Req
0000ae22   eSetSdbGattAddPrimaryService_Req
0000af12   GPIO_setOutputHighOnPin
0000af88   GPIO_setOutputLowOnPin
0000affe   HOSTrename
0000b072   tcu_MNG_INIT_REQ
0000b0e4   __TI_closefile
0000b154   HOSTopen
0000b1c2   _auto_init_hold_wdt
0000b230   eBlePerif_StartAdv
0000b29e   eGetServerGattExgMtu_Event
0000b30c   HOSTwrite
0000b376   fseek
0000b3e0   HOSTread
0000b448   __mspabi_fixdul
0000b4b0   eBleSrv_GetEndGroupHandle
0000b518   eGetServerGattReadCharDescriptor_Event
0000b580   eGetServerGattReadCharVal_Event
0000b5e8   eSetServerGattReadCharValAccept_Resp
0000b650   __mspabi_fixdli
0000b6b6   eBleExtractDataEventMng
0000b71c   eSetServerGattReadMultiAccept_Req
0000b782   __TI_doflush
0000b7e6   eGetLeDisconnect_Event
0000b8ac   atoi
0000b90e   CYC_SYS_PWM_InitPWMTimer
0000b96e   vPrintUnexpectedCMD
0000b9ce   __mspabi_mpyll_f5hw
0000ba28   close
0000badc   CYC_SYS_UART_TransmitData
0000bb34   __mspabi_divul
0000bb34   __mspabi_remul
0000bb8c   eGetLeAccept_Ack
0000bbe2   eGetSdbGattAddCharacterDecl_Resp
0000bc38   eGetSdbGattAddCharacterEle_Resp
0000bc8e   eGetSdbGattAddInclSvc_Resp
0000bce4   eGetSdbGattReturnEndGroupHandle_Resp
0000bd3a   eGetServerGattReadCharDescriptorAccept_Resp
0000bd90   eGetServerGattReadMultiAccept_Resp
0000bde6   eGetServerGattWriteCharDespAccept_Resp
0000be3c   eGetServerGattWriteCharValAccept_Resp
0000be92   eGetSdbGattAddPrimaryService_Resp
0000bee6   _Dclass
0000bf36   eGetServerGattValIndication_Event
0000bfd4   hci_Get_Version
0000c022   init_bluetooth
0000c070   HOSTclose
0000c0bc   printf
0000c106   eGetServerGattExgMtuAccept_Req
0000c14e   eSetServerGattReadCharDescriptorAccept_Req
0000c196   eSetServerGattReadCharValAccept_Req
0000c1de   eSetServerGattWriteCharDescAccept_Req
0000c226   main
0000c26e   HOSTunlink
0000c2fa   eGetLeMngInit_Resp
0000c340   CYC_SYS_TMR_EnableTimer1
0000c382   eGetServerGattValNotify_Event
0000c3c4   minit
0000c406   __mspabi_divli
0000c406   __mspabi_remli
0000c446   CYC_SYS_TMR_DelayInMilliSeconds
0000c484   hci_Write_BD_ADDR
0000c4c2   __mspabi_sral_15
0000c4c6   __mspabi_sral_14
0000c4ca   __mspabi_sral_13
0000c4ce   __mspabi_sral_12
0000c4d2   __mspabi_sral_11
0000c4d6   __mspabi_sral_10
0000c4da   __mspabi_sral_9
0000c4de   __mspabi_sral_8
0000c4e2   __mspabi_sral_7
0000c4e6   __mspabi_sral_6
0000c4ea   __mspabi_sral_5
0000c4ee   __mspabi_sral_4
0000c4f2   __mspabi_sral_3
0000c4f6   __mspabi_sral_2
0000c4fa   __mspabi_sral_1
0000c500   __mspabi_slll_15
0000c504   __mspabi_slll_14
0000c508   __mspabi_slll_13
0000c50c   __mspabi_slll_12
0000c510   __mspabi_slll_11
0000c514   __mspabi_slll_10
0000c518   __mspabi_slll_9
0000c51c   __mspabi_slll_8
0000c520   __mspabi_slll_7
0000c524   __mspabi_slll_6
0000c528   __mspabi_slll_5
0000c52c   __mspabi_slll_4
0000c530   __mspabi_slll_3
0000c534   __mspabi_slll_2
0000c538   __mspabi_slll_1
0000c53e   __mspabi_srll_15
0000c542   __mspabi_srll_14
0000c546   __mspabi_srll_13
0000c54a   __mspabi_srll_12
0000c54e   __mspabi_srll_11
0000c552   __mspabi_srll_10
0000c556   __mspabi_srll_9
0000c55a   __mspabi_srll_8
0000c55e   __mspabi_srll_7
0000c562   __mspabi_srll_6
0000c566   __mspabi_srll_5
0000c56a   __mspabi_srll_4
0000c56e   __mspabi_srll_3
0000c572   __mspabi_srll_2
0000c576   __mspabi_srll_1
0000c57c   lseek
0000c5ba   write
0000c5f6   PMM_setVCore
0000c630   __mspabi_sllll
0000c66a   __mspabi_srlll
0000c6a4   eBleExtractData
0000c6dc   UCS_initFLLSettle
0000c712   __TI_cleanup
0000c748   __TI_writemsg
0000c77a   C$$IO$$
0000c77e   CYC_SYS_TMR_InitTimer1
0000c7b0   __TI_readmsg
0000c7e2   __mspabi_subd
0000c814   hci_SET_MODE
0000c846   strncpy
0000c878   CYC_SYS_InitializeTarget
0000c8a8   remove
0000c8a8   unlink
0000c8d8   __mspabi_negd
0000c906   eSetSdbGattReturnEndGroupHandle_Req
0000c934   exit
0000c990   vCopyArrayParams
0000c9be   vSmartWaitForAnyEvent
0000c9ec   eBleApiInit
0000ca18   eGetSdbGattUpdateCharacterEle_Resp
0000ca44   eGetServerGattInit_Resp
0000ca70   eSendData
0000ca9c   __mspabi_divi
0000ca9c   __mspabi_remi
0000cac8   eGetLeDisableAdvertise_Resp
0000caf2   eGetLeStartAdvertise_Resp
0000cb1c   UCS_clearAllOscFlagsWithTimeout
0000cb44   u16SetCmdHeaderUserLen
0000cb6c   USCI_UART_enableInterrupt
0000cb92   UCS_getACLK
0000cbb6   __TI_zero_init
0000cbda   hci_RESET
0000cbfc   __mspabi_mpyl_f5hw
0000cc1e   vAppCallback
0000cc40   vWrite2Array_16
0000cc62   UCS_getSMCLK
0000cc82   hci_Patch13_RF_LE_param
0000cca2   hci_Patch14_RF_LE_param
0000ccc2   hci_Patch15_RF_LE_param
0000cce2   memccpy
0000cd02   CYC_IO_LEDS_IntializeLEDs
0000cd1e   UCS_getMCLK
0000cd3a   eUpdateMulti
0000cd56   strcmp
0000cd72   UCS_setExternalClockSource
0000cd8c   eIsCmdMatching
0000cda6   strchr
0000cdc0   u16AutoSetCmdHeader
0000cdda   eSetServerGattInit_Req
0000cdf2   eUpdateCharDescriptor
0000ce0a   eUpdateCharValue
0000ce22   memchr
0000ce38   memset
0000ce4e   __mspabi_divu
0000ce4e   __mspabi_remu
0000ce64   __mspabi_mpyi_f5hw
0000ce7a   eBleRegisterCallback_CharDescUpdate
0000ce8e   eBleRegisterCallback_CharValUpdate
0000cea2   eBleRegisterCallback_MultiUpdate
0000ceb6   eBleRegisterCallback_UnexpEvnt
0000ceca   memcpy
0000cede   vSmartProcessPacket
0000cef2   __mspabi_fixdu
0000cf04   __TI_decompress_none
0000cf16   strcpy
0000cf28   toupper
0000cf3a   vWrite2Array_8
0000cf4c   __mspabi_sral
0000cf5c   __mspabi_slll
0000cf6c   __mspabi_srll
0000cf7c   send_tx
0000cf8a   strlen
0000cf98   ADC12_A_clearInterrupt
0000cfa4   USCI_UART_clearInterruptFlag
0000cfb0   eBleSrv_ClientConnRequestHndlr
0000cfbc   vSetCmdLength
0000cfc8   CYC_SYS_GPIO_SetPeripheralPinAsOutput
0000cfd2   SFR_clearInterrupt
0000cfdc   USCI_UART_queryStatusFlags
0000cfe6   USCI_UART_transmitData
0000cff0   abs
0000cffa   __mspabi_slli
0000d004   CYC_SYS_RST_StopWatchdog
0000d00c   USCI_UART_receiveData
0000d014   SFR_enableInterrupt
0000d01a   USCI_UART_enable
0000d020   __TI_ISR_TRAP
0000d02c   __TI_decompress_rle24
0000d032   eBleExtractDataEventGattCli
0000d03c   _system_pre_init
0000d040   C$$EXIT
0000d040   abort
0000d044   _nop
0000d0a2   __TI_Handler_Table_Base
0000d0ae   __TI_Handler_Table_Limit
0000d0ba   __TI_CINIT_Base
0000d0d2   __TI_CINIT_Limit
0000ffd2   __TI_int41
0000ffd4   __TI_int42
0000ffd6   __TI_int43
0000ffd8   __TI_int44
0000ffda   __TI_int45
0000ffdc   __TI_int46
0000ffde   __TI_int47
0000ffe0   __TI_int48
0000ffe2   __TI_int49
0000ffe4   __TI_int50
0000ffe6   __TI_int51
0000ffe8   __TI_int52
0000ffea   __TI_int53
0000ffec   __TI_int54
0000ffee   __TI_int55
0000fff0   __TI_int56
0000fff2   __TI_int57
0000fff4   __TI_int58
0000fff6   __TI_int59
0000fff8   __TI_int60
0000fffa   __TI_int61
0000fffc   __TI_int62
0000fffe   _reset_vector
ffffffff   __binit__
ffffffff   __c_args__
ffffffff   binit
UNDEFED    __TI_INITARRAY_Base
UNDEFED    __TI_INITARRAY_Limit

[986 symbols]
