<?xml version="1.0"?>
<link_info>
   <banner>MSP430 Linker PC v4.3.3</banner>
   <copyright>Copyright (c) 2003-2014 Texas Instruments Incorporated</copyright>
   <link_time>0x543f1884</link_time>
   <link_errors>0x0</link_errors>
   <output_file>Demo_KEY_LED_BLE.out</output_file>
   <entry_point>
      <name>_c_int00</name>
      <address>0x47e2</address>
   </entry_point>
   <input_file_list>
      <input_file id="fl-2">
         <path>.\driver development\</path>
         <kind>object</kind>
         <file>bluetooth.obj</file>
         <name>bluetooth.obj</name>
      </input_file>
      <input_file id="fl-3">
         <path>.\driver development\</path>
         <kind>object</kind>
         <file>eeprom.obj</file>
         <name>eeprom.obj</name>
      </input_file>
      <input_file id="fl-4">
         <path>.\driver development\</path>
         <kind>object</kind>
         <file>fuel_gauge.obj</file>
         <name>fuel_gauge.obj</name>
      </input_file>
      <input_file id="fl-5">
         <path>.\driver development\</path>
         <kind>object</kind>
         <file>mpu_9250.obj</file>
         <name>mpu_9250.obj</name>
      </input_file>
      <input_file id="fl-6">
         <path>.\driver development\bluetooth files\SPP_drv\source\</path>
         <kind>object</kind>
         <file>bt_OS.obj</file>
         <name>bt_OS.obj</name>
      </input_file>
      <input_file id="fl-7">
         <path>.\driver development\bluetooth files\SPP_drv\source\</path>
         <kind>object</kind>
         <file>bt_error.obj</file>
         <name>bt_error.obj</name>
      </input_file>
      <input_file id="fl-8">
         <path>.\driver development\bluetooth files\SPP_drv\source\</path>
         <kind>object</kind>
         <file>bt_hci_drv.obj</file>
         <name>bt_hci_drv.obj</name>
      </input_file>
      <input_file id="fl-9">
         <path>.\driver development\bluetooth files\SPP_drv\source\</path>
         <kind>object</kind>
         <file>bt_mng_drv.obj</file>
         <name>bt_mng_drv.obj</name>
      </input_file>
      <input_file id="fl-a">
         <path>.\driver development\bluetooth files\SPP_drv\source\</path>
         <kind>object</kind>
         <file>bt_spp_api.obj</file>
         <name>bt_spp_api.obj</name>
      </input_file>
      <input_file id="fl-b">
         <path>.\driver development\bluetooth files\SPP_drv\source\</path>
         <kind>object</kind>
         <file>bt_spp_drv.obj</file>
         <name>bt_spp_drv.obj</name>
      </input_file>
      <input_file id="fl-c">
         <path>.\driver development\bluetooth files\SPP_drv\source\</path>
         <kind>object</kind>
         <file>bt_uart_INT.obj</file>
         <name>bt_uart_INT.obj</name>
      </input_file>
      <input_file id="fl-d">
         <path>.\driver development\bluetooth files\SPP_drv\example app\</path>
         <kind>object</kind>
         <file>bt_spp_initiator_DEMO.obj</file>
         <name>bt_spp_initiator_DEMO.obj</name>
      </input_file>
      <input_file id="fl-e">
         <path>.\driver development\bluetooth files\BLE_drv\source\</path>
         <kind>object</kind>
         <file>ble_api.obj</file>
         <name>ble_api.obj</name>
      </input_file>
      <input_file id="fl-f">
         <path>.\driver development\bluetooth files\BLE_drv\source\</path>
         <kind>object</kind>
         <file>le_gatt_command.obj</file>
         <name>le_gatt_command.obj</name>
      </input_file>
      <input_file id="fl-10">
         <path>.\SYS\</path>
         <kind>object</kind>
         <file>CYC_SYS_ADC.obj</file>
         <name>CYC_SYS_ADC.obj</name>
      </input_file>
      <input_file id="fl-11">
         <path>.\SYS\</path>
         <kind>object</kind>
         <file>CYC_SYS_Clock.obj</file>
         <name>CYC_SYS_Clock.obj</name>
      </input_file>
      <input_file id="fl-12">
         <path>.\SYS\</path>
         <kind>object</kind>
         <file>CYC_SYS_GPIO.obj</file>
         <name>CYC_SYS_GPIO.obj</name>
      </input_file>
      <input_file id="fl-13">
         <path>.\SYS\</path>
         <kind>object</kind>
         <file>CYC_SYS_I2C.obj</file>
         <name>CYC_SYS_I2C.obj</name>
      </input_file>
      <input_file id="fl-14">
         <path>.\SYS\</path>
         <kind>object</kind>
         <file>CYC_SYS_Init.obj</file>
         <name>CYC_SYS_Init.obj</name>
      </input_file>
      <input_file id="fl-15">
         <path>.\SYS\</path>
         <kind>object</kind>
         <file>CYC_SYS_PWM.obj</file>
         <name>CYC_SYS_PWM.obj</name>
      </input_file>
      <input_file id="fl-16">
         <path>.\SYS\</path>
         <kind>object</kind>
         <file>CYC_SYS_Reset.obj</file>
         <name>CYC_SYS_Reset.obj</name>
      </input_file>
      <input_file id="fl-17">
         <path>.\SYS\</path>
         <kind>object</kind>
         <file>CYC_SYS_Timer.obj</file>
         <name>CYC_SYS_Timer.obj</name>
      </input_file>
      <input_file id="fl-18">
         <path>.\SYS\</path>
         <kind>object</kind>
         <file>CYC_SYS_UART.obj</file>
         <name>CYC_SYS_UART.obj</name>
      </input_file>
      <input_file id="fl-19">
         <path>.\SYS\</path>
         <kind>object</kind>
         <file>msp430_interrupt.obj</file>
         <name>msp430_interrupt.obj</name>
      </input_file>
      <input_file id="fl-1a">
         <path>.\SYS\MSP430Ware\</path>
         <kind>object</kind>
         <file>adc12_a.obj</file>
         <name>adc12_a.obj</name>
      </input_file>
      <input_file id="fl-1b">
         <path>.\SYS\MSP430Ware\</path>
         <kind>object</kind>
         <file>dma.obj</file>
         <name>dma.obj</name>
      </input_file>
      <input_file id="fl-1c">
         <path>.\SYS\MSP430Ware\</path>
         <kind>object</kind>
         <file>flash.obj</file>
         <name>flash.obj</name>
      </input_file>
      <input_file id="fl-1d">
         <path>.\SYS\MSP430Ware\</path>
         <kind>object</kind>
         <file>gpio.obj</file>
         <name>gpio.obj</name>
      </input_file>
      <input_file id="fl-1e">
         <path>.\SYS\MSP430Ware\</path>
         <kind>object</kind>
         <file>pmm.obj</file>
         <name>pmm.obj</name>
      </input_file>
      <input_file id="fl-1f">
         <path>.\SYS\MSP430Ware\</path>
         <kind>object</kind>
         <file>sfr.obj</file>
         <name>sfr.obj</name>
      </input_file>
      <input_file id="fl-20">
         <path>.\SYS\MSP430Ware\</path>
         <kind>object</kind>
         <file>sys.obj</file>
         <name>sys.obj</name>
      </input_file>
      <input_file id="fl-21">
         <path>.\SYS\MSP430Ware\</path>
         <kind>object</kind>
         <file>timer_a.obj</file>
         <name>timer_a.obj</name>
      </input_file>
      <input_file id="fl-22">
         <path>.\SYS\MSP430Ware\</path>
         <kind>object</kind>
         <file>timer_b.obj</file>
         <name>timer_b.obj</name>
      </input_file>
      <input_file id="fl-23">
         <path>.\SYS\MSP430Ware\</path>
         <kind>object</kind>
         <file>timer_d.obj</file>
         <name>timer_d.obj</name>
      </input_file>
      <input_file id="fl-24">
         <path>.\SYS\MSP430Ware\</path>
         <kind>object</kind>
         <file>ucs.obj</file>
         <name>ucs.obj</name>
      </input_file>
      <input_file id="fl-25">
         <path>.\SYS\MSP430Ware\</path>
         <kind>object</kind>
         <file>usci_b_i2c.obj</file>
         <name>usci_b_i2c.obj</name>
      </input_file>
      <input_file id="fl-26">
         <path>.\SYS\MSP430Ware\</path>
         <kind>object</kind>
         <file>usci_i2c.obj</file>
         <name>usci_i2c.obj</name>
      </input_file>
      <input_file id="fl-27">
         <path>.\SYS\MSP430Ware\</path>
         <kind>object</kind>
         <file>usci_uart.obj</file>
         <name>usci_uart.obj</name>
      </input_file>
      <input_file id="fl-28">
         <path>.\IO\eMPL\</path>
         <kind>object</kind>
         <file>inv_mpu.obj</file>
         <name>inv_mpu.obj</name>
      </input_file>
      <input_file id="fl-29">
         <path>.\IO\eMPL\</path>
         <kind>object</kind>
         <file>inv_mpu_dmp_motion_driver.obj</file>
         <name>inv_mpu_dmp_motion_driver.obj</name>
      </input_file>
      <input_file id="fl-2a">
         <path>.\IO\</path>
         <kind>object</kind>
         <file>CYC_IO_JSTK.obj</file>
         <name>CYC_IO_JSTK.obj</name>
      </input_file>
      <input_file id="fl-2b">
         <path>.\IO\</path>
         <kind>object</kind>
         <file>CYC_IO_KEYS.obj</file>
         <name>CYC_IO_KEYS.obj</name>
      </input_file>
      <input_file id="fl-2c">
         <path>.\IO\</path>
         <kind>object</kind>
         <file>CYC_IO_LEDS.obj</file>
         <name>CYC_IO_LEDS.obj</name>
      </input_file>
      <input_file id="fl-2d">
         <path>.\IO\</path>
         <kind>object</kind>
         <file>CYC_IO_MOTS_Config.obj</file>
         <name>CYC_IO_MOTS_Config.obj</name>
      </input_file>
      <input_file id="fl-2e">
         <path>.\APP\</path>
         <kind>object</kind>
         <file>CYC_BBU_APP_Demo_v2.obj</file>
         <name>CYC_BBU_APP_Demo_v2.obj</name>
      </input_file>
      <input_file id="fl-5e">
         <path>c:\ti\ccsv6\tools\compiler\msp430_4.3.3\lib\</path>
         <kind>archive</kind>
         <file>rts430x_lc_rd_eabi.lib</file>
         <name>asr32.obj</name>
      </input_file>
      <input_file id="fl-5f">
         <path>c:\ti\ccsv6\tools\compiler\msp430_4.3.3\lib\</path>
         <kind>archive</kind>
         <file>rts430x_lc_rd_eabi.lib</file>
         <name>boot.obj</name>
      </input_file>
      <input_file id="fl-60">
         <path>c:\ti\ccsv6\tools\compiler\msp430_4.3.3\lib\</path>
         <kind>archive</kind>
         <file>rts430x_lc_rd_eabi.lib</file>
         <name>copy_decompress_none.obj</name>
      </input_file>
      <input_file id="fl-61">
         <path>c:\ti\ccsv6\tools\compiler\msp430_4.3.3\lib\</path>
         <kind>archive</kind>
         <file>rts430x_lc_rd_eabi.lib</file>
         <name>copy_decompress_rle.obj</name>
      </input_file>
      <input_file id="fl-62">
         <path>c:\ti\ccsv6\tools\compiler\msp430_4.3.3\lib\</path>
         <kind>archive</kind>
         <file>rts430x_lc_rd_eabi.lib</file>
         <name>copy_zero_init.obj</name>
      </input_file>
      <input_file id="fl-63">
         <path>c:\ti\ccsv6\tools\compiler\msp430_4.3.3\lib\</path>
         <kind>archive</kind>
         <file>rts430x_lc_rd_eabi.lib</file>
         <name>div16s.obj</name>
      </input_file>
      <input_file id="fl-64">
         <path>c:\ti\ccsv6\tools\compiler\msp430_4.3.3\lib\</path>
         <kind>archive</kind>
         <file>rts430x_lc_rd_eabi.lib</file>
         <name>div16u.obj</name>
      </input_file>
      <input_file id="fl-65">
         <path>c:\ti\ccsv6\tools\compiler\msp430_4.3.3\lib\</path>
         <kind>archive</kind>
         <file>rts430x_lc_rd_eabi.lib</file>
         <name>div32s.obj</name>
      </input_file>
      <input_file id="fl-66">
         <path>c:\ti\ccsv6\tools\compiler\msp430_4.3.3\lib\</path>
         <kind>archive</kind>
         <file>rts430x_lc_rd_eabi.lib</file>
         <name>div32u.obj</name>
      </input_file>
      <input_file id="fl-67">
         <path>c:\ti\ccsv6\tools\compiler\msp430_4.3.3\lib\</path>
         <kind>archive</kind>
         <file>rts430x_lc_rd_eabi.lib</file>
         <name>exit.obj</name>
      </input_file>
      <input_file id="fl-68">
         <path>c:\ti\ccsv6\tools\compiler\msp430_4.3.3\lib\</path>
         <kind>archive</kind>
         <file>rts430x_lc_rd_eabi.lib</file>
         <name>fltuld.obj</name>
      </input_file>
      <input_file id="fl-69">
         <path>c:\ti\ccsv6\tools\compiler\msp430_4.3.3\lib\</path>
         <kind>archive</kind>
         <file>rts430x_lc_rd_eabi.lib</file>
         <name>fs_add.obj</name>
      </input_file>
      <input_file id="fl-6a">
         <path>c:\ti\ccsv6\tools\compiler\msp430_4.3.3\lib\</path>
         <kind>archive</kind>
         <file>rts430x_lc_rd_eabi.lib</file>
         <name>fs_cmp.obj</name>
      </input_file>
      <input_file id="fl-6b">
         <path>c:\ti\ccsv6\tools\compiler\msp430_4.3.3\lib\</path>
         <kind>archive</kind>
         <file>rts430x_lc_rd_eabi.lib</file>
         <name>fs_div.obj</name>
      </input_file>
      <input_file id="fl-6c">
         <path>c:\ti\ccsv6\tools\compiler\msp430_4.3.3\lib\</path>
         <kind>archive</kind>
         <file>rts430x_lc_rd_eabi.lib</file>
         <name>fs_itof.obj</name>
      </input_file>
      <input_file id="fl-6d">
         <path>c:\ti\ccsv6\tools\compiler\msp430_4.3.3\lib\</path>
         <kind>archive</kind>
         <file>rts430x_lc_rd_eabi.lib</file>
         <name>fs_ltof.obj</name>
      </input_file>
      <input_file id="fl-6e">
         <path>c:\ti\ccsv6\tools\compiler\msp430_4.3.3\lib\</path>
         <kind>archive</kind>
         <file>rts430x_lc_rd_eabi.lib</file>
         <name>fs_mpy.obj</name>
      </input_file>
      <input_file id="fl-6f">
         <path>c:\ti\ccsv6\tools\compiler\msp430_4.3.3\lib\</path>
         <kind>archive</kind>
         <file>rts430x_lc_rd_eabi.lib</file>
         <name>fs_tol.obj</name>
      </input_file>
      <input_file id="fl-70">
         <path>c:\ti\ccsv6\tools\compiler\msp430_4.3.3\lib\</path>
         <kind>archive</kind>
         <file>rts430x_lc_rd_eabi.lib</file>
         <name>fs_tou.obj</name>
      </input_file>
      <input_file id="fl-71">
         <path>c:\ti\ccsv6\tools\compiler\msp430_4.3.3\lib\</path>
         <kind>archive</kind>
         <file>rts430x_lc_rd_eabi.lib</file>
         <name>fs_ultof.obj</name>
      </input_file>
      <input_file id="fl-72">
         <path>c:\ti\ccsv6\tools\compiler\msp430_4.3.3\lib\</path>
         <kind>archive</kind>
         <file>rts430x_lc_rd_eabi.lib</file>
         <name>fs_utof.obj</name>
      </input_file>
      <input_file id="fl-73">
         <path>c:\ti\ccsv6\tools\compiler\msp430_4.3.3\lib\</path>
         <kind>archive</kind>
         <file>rts430x_lc_rd_eabi.lib</file>
         <name>int41.obj</name>
      </input_file>
      <input_file id="fl-74">
         <path>c:\ti\ccsv6\tools\compiler\msp430_4.3.3\lib\</path>
         <kind>archive</kind>
         <file>rts430x_lc_rd_eabi.lib</file>
         <name>int43.obj</name>
      </input_file>
      <input_file id="fl-75">
         <path>c:\ti\ccsv6\tools\compiler\msp430_4.3.3\lib\</path>
         <kind>archive</kind>
         <file>rts430x_lc_rd_eabi.lib</file>
         <name>int44.obj</name>
      </input_file>
      <input_file id="fl-76">
         <path>c:\ti\ccsv6\tools\compiler\msp430_4.3.3\lib\</path>
         <kind>archive</kind>
         <file>rts430x_lc_rd_eabi.lib</file>
         <name>int45.obj</name>
      </input_file>
      <input_file id="fl-77">
         <path>c:\ti\ccsv6\tools\compiler\msp430_4.3.3\lib\</path>
         <kind>archive</kind>
         <file>rts430x_lc_rd_eabi.lib</file>
         <name>int48.obj</name>
      </input_file>
      <input_file id="fl-78">
         <path>c:\ti\ccsv6\tools\compiler\msp430_4.3.3\lib\</path>
         <kind>archive</kind>
         <file>rts430x_lc_rd_eabi.lib</file>
         <name>int49.obj</name>
      </input_file>
      <input_file id="fl-79">
         <path>c:\ti\ccsv6\tools\compiler\msp430_4.3.3\lib\</path>
         <kind>archive</kind>
         <file>rts430x_lc_rd_eabi.lib</file>
         <name>int50.obj</name>
      </input_file>
      <input_file id="fl-7a">
         <path>c:\ti\ccsv6\tools\compiler\msp430_4.3.3\lib\</path>
         <kind>archive</kind>
         <file>rts430x_lc_rd_eabi.lib</file>
         <name>int51.obj</name>
      </input_file>
      <input_file id="fl-7b">
         <path>c:\ti\ccsv6\tools\compiler\msp430_4.3.3\lib\</path>
         <kind>archive</kind>
         <file>rts430x_lc_rd_eabi.lib</file>
         <name>int53.obj</name>
      </input_file>
      <input_file id="fl-7c">
         <path>c:\ti\ccsv6\tools\compiler\msp430_4.3.3\lib\</path>
         <kind>archive</kind>
         <file>rts430x_lc_rd_eabi.lib</file>
         <name>int57.obj</name>
      </input_file>
      <input_file id="fl-7d">
         <path>c:\ti\ccsv6\tools\compiler\msp430_4.3.3\lib\</path>
         <kind>archive</kind>
         <file>rts430x_lc_rd_eabi.lib</file>
         <name>int58.obj</name>
      </input_file>
      <input_file id="fl-7e">
         <path>c:\ti\ccsv6\tools\compiler\msp430_4.3.3\lib\</path>
         <kind>archive</kind>
         <file>rts430x_lc_rd_eabi.lib</file>
         <name>int60.obj</name>
      </input_file>
      <input_file id="fl-7f">
         <path>c:\ti\ccsv6\tools\compiler\msp430_4.3.3\lib\</path>
         <kind>archive</kind>
         <file>rts430x_lc_rd_eabi.lib</file>
         <name>int62.obj</name>
      </input_file>
      <input_file id="fl-80">
         <path>c:\ti\ccsv6\tools\compiler\msp430_4.3.3\lib\</path>
         <kind>archive</kind>
         <file>rts430x_lc_rd_eabi.lib</file>
         <name>isr_trap.obj</name>
      </input_file>
      <input_file id="fl-81">
         <path>c:\ti\ccsv6\tools\compiler\msp430_4.3.3\lib\</path>
         <kind>archive</kind>
         <file>rts430x_lc_rd_eabi.lib</file>
         <name>llmath.obj</name>
      </input_file>
      <input_file id="fl-82">
         <path>c:\ti\ccsv6\tools\compiler\msp430_4.3.3\lib\</path>
         <kind>archive</kind>
         <file>rts430x_lc_rd_eabi.lib</file>
         <name>lsl16.obj</name>
      </input_file>
      <input_file id="fl-83">
         <path>c:\ti\ccsv6\tools\compiler\msp430_4.3.3\lib\</path>
         <kind>archive</kind>
         <file>rts430x_lc_rd_eabi.lib</file>
         <name>lsl32.obj</name>
      </input_file>
      <input_file id="fl-84">
         <path>c:\ti\ccsv6\tools\compiler\msp430_4.3.3\lib\</path>
         <kind>archive</kind>
         <file>rts430x_lc_rd_eabi.lib</file>
         <name>lsr16.obj</name>
      </input_file>
      <input_file id="fl-85">
         <path>c:\ti\ccsv6\tools\compiler\msp430_4.3.3\lib\</path>
         <kind>archive</kind>
         <file>rts430x_lc_rd_eabi.lib</file>
         <name>lsr32.obj</name>
      </input_file>
      <input_file id="fl-86">
         <path>c:\ti\ccsv6\tools\compiler\msp430_4.3.3\lib\</path>
         <kind>archive</kind>
         <file>rts430x_lc_rd_eabi.lib</file>
         <name>memcmp.obj</name>
      </input_file>
      <input_file id="fl-87">
         <path>c:\ti\ccsv6\tools\compiler\msp430_4.3.3\lib\</path>
         <kind>archive</kind>
         <file>rts430x_lc_rd_eabi.lib</file>
         <name>memcpy.obj</name>
      </input_file>
      <input_file id="fl-88">
         <path>c:\ti\ccsv6\tools\compiler\msp430_4.3.3\lib\</path>
         <kind>archive</kind>
         <file>rts430x_lc_rd_eabi.lib</file>
         <name>memset.obj</name>
      </input_file>
      <input_file id="fl-89">
         <path>c:\ti\ccsv6\tools\compiler\msp430_4.3.3\lib\</path>
         <kind>archive</kind>
         <file>rts430x_lc_rd_eabi.lib</file>
         <name>mpu_init.obj</name>
      </input_file>
      <input_file id="fl-8a">
         <path>c:\ti\ccsv6\tools\compiler\msp430_4.3.3\lib\</path>
         <kind>archive</kind>
         <file>rts430x_lc_rd_eabi.lib</file>
         <name>mult1632_f5hw.obj</name>
      </input_file>
      <input_file id="fl-8b">
         <path>c:\ti\ccsv6\tools\compiler\msp430_4.3.3\lib\</path>
         <kind>archive</kind>
         <file>rts430x_lc_rd_eabi.lib</file>
         <name>mult16_f5hw.obj</name>
      </input_file>
      <input_file id="fl-8c">
         <path>c:\ti\ccsv6\tools\compiler\msp430_4.3.3\lib\</path>
         <kind>archive</kind>
         <file>rts430x_lc_rd_eabi.lib</file>
         <name>mult32_f5hw.obj</name>
      </input_file>
      <input_file id="fl-8d">
         <path>c:\ti\ccsv6\tools\compiler\msp430_4.3.3\lib\</path>
         <kind>archive</kind>
         <file>rts430x_lc_rd_eabi.lib</file>
         <name>mult64_f5hw.obj</name>
      </input_file>
      <input_file id="fl-8e">
         <path>c:\ti\ccsv6\tools\compiler\msp430_4.3.3\lib\</path>
         <kind>archive</kind>
         <file>rts430x_lc_rd_eabi.lib</file>
         <name>pre_init.obj</name>
      </input_file>
      <input_file id="fl-8f">
         <path>c:\ti\ccsv6\tools\compiler\msp430_4.3.3\lib\</path>
         <kind>archive</kind>
         <file>rts430x_lc_rd_eabi.lib</file>
         <name>strlen.obj</name>
      </input_file>
      <input_file id="fl-90">
         <path>c:\ti\ccsv6\tools\compiler\msp430_4.3.3\lib\</path>
         <kind>archive</kind>
         <file>rts430x_lc_rd_eabi.lib</file>
         <name>_lock.obj</name>
      </input_file>
      <input_file id="fl-91">
         <path>c:\ti\ccsv6\tools\compiler\msp430_4.3.3\lib\</path>
         <kind>archive</kind>
         <file>rts430x_lc_rd_eabi.lib</file>
         <name>args_main.obj</name>
      </input_file>
      <input_file id="fl-92">
         <path>c:\ti\ccsv6\tools\compiler\msp430_4.3.3\lib\</path>
         <kind>archive</kind>
         <file>rts430x_lc_rd_eabi.lib</file>
         <name>autoinit.obj</name>
      </input_file>
      <input_file id="fl-93">
         <path>c:\ti\ccsv6\tools\compiler\msp430_4.3.3\lib\</path>
         <kind>archive</kind>
         <file>rts430x_lc_rd_eabi.lib</file>
         <name>llabs.obj</name>
      </input_file>
   </input_file_list>
   <object_component_list>
      <object_component id="oc-97">
         <name>.stack</name>
         <uninitialized>true</uninitialized>
         <run_address>0x4360</run_address>
         <size>0x4</size>
         <input_file_ref idref="fl-5f"/>
      </object_component>
      <object_component id="oc-37a">
         <name>.stack</name>
         <uninitialized>true</uninitialized>
         <run_address>0x4360</run_address>
         <size>0x0</size>
      </object_component>
      <object_component id="oc-211">
         <name>.text:PMM_setVCoreUp</name>
         <load_address>0x4802</load_address>
         <run_address>0x4802</run_address>
         <size>0x182</size>
         <input_file_ref idref="fl-1e"/>
      </object_component>
      <object_component id="oc-2ed">
         <name>.text:privateUCSSourceClockFromDCO</name>
         <load_address>0x4984</load_address>
         <run_address>0x4984</run_address>
         <size>0x13c</size>
         <input_file_ref idref="fl-24"/>
      </object_component>
      <object_component id="oc-2c6">
         <name>.text:UCS_initFLL</name>
         <load_address>0x4ac0</load_address>
         <run_address>0x4ac0</run_address>
         <size>0x128</size>
         <input_file_ref idref="fl-24"/>
      </object_component>
      <object_component id="oc-2d0">
         <name>.text:privateUCSComputeCLKFrequency</name>
         <load_address>0x4be8</load_address>
         <run_address>0x4be8</run_address>
         <size>0x11e</size>
         <input_file_ref idref="fl-24"/>
      </object_component>
      <object_component id="oc-230">
         <name>.text:UCS_clockSignalInit</name>
         <load_address>0x4d06</load_address>
         <run_address>0x4d06</run_address>
         <size>0x10c</size>
         <input_file_ref idref="fl-24"/>
      </object_component>
      <object_component id="oc-217">
         <name>.text:PMM_setVCoreDown</name>
         <load_address>0x4e12</load_address>
         <run_address>0x4e12</run_address>
         <size>0xfa</size>
         <input_file_ref idref="fl-1e"/>
      </object_component>
      <object_component id="oc-1ae">
         <name>.text:CYC_SYS_CLK_SetSystemClock</name>
         <load_address>0x4f0c</load_address>
         <run_address>0x4f0c</run_address>
         <size>0xf4</size>
         <input_file_ref idref="fl-11"/>
      </object_component>
      <object_component id="oc-27f">
         <name>.text:USCI_UART_initAdvance</name>
         <load_address>0x5000</load_address>
         <run_address>0x5000</run_address>
         <size>0xe4</size>
         <input_file_ref idref="fl-27"/>
      </object_component>
      <object_component id="oc-1d9">
         <name>.text:GPIO_setAsOutputPin</name>
         <load_address>0x50e4</load_address>
         <run_address>0x50e4</run_address>
         <size>0x9a</size>
         <input_file_ref idref="fl-1d"/>
      </object_component>
      <object_component id="oc-279">
         <name>.text:GPIO_setAsPeripheralModuleFunctionInputPin</name>
         <load_address>0x517e</load_address>
         <run_address>0x517e</run_address>
         <size>0x9a</size>
         <input_file_ref idref="fl-1d"/>
      </object_component>
      <object_component id="oc-273">
         <name>.text:GPIO_setAsPeripheralModuleFunctionOutputPin</name>
         <load_address>0x5218</load_address>
         <run_address>0x5218</run_address>
         <size>0x9a</size>
         <input_file_ref idref="fl-1d"/>
      </object_component>
      <object_component id="oc-1c0">
         <name>.text:CYC_SYS_UART0_Initialize</name>
         <load_address>0x52b2</load_address>
         <run_address>0x52b2</run_address>
         <size>0x8a</size>
         <input_file_ref idref="fl-18"/>
      </object_component>
      <object_component id="oc-1d3">
         <name>.text:CYC_SYS_UART1_Initialize</name>
         <load_address>0x533c</load_address>
         <run_address>0x533c</run_address>
         <size>0x88</size>
         <input_file_ref idref="fl-18"/>
      </object_component>
      <object_component id="oc-22a">
         <name>.text:UCS_LFXT1Start</name>
         <load_address>0x53c4</load_address>
         <run_address>0x53c4</run_address>
         <size>0x7e</size>
         <input_file_ref idref="fl-24"/>
      </object_component>
      <object_component id="oc-29b">
         <name>.text:privateGPIOGetBaseAddress</name>
         <load_address>0x5442</load_address>
         <run_address>0x5442</run_address>
         <size>0x78</size>
         <input_file_ref idref="fl-1d"/>
      </object_component>
      <object_component id="oc-1e5">
         <name>.text:GPIO_setOutputHighOnPin</name>
         <load_address>0x54ba</load_address>
         <run_address>0x54ba</run_address>
         <size>0x76</size>
         <input_file_ref idref="fl-1d"/>
      </object_component>
      <object_component id="oc-1df">
         <name>.text:GPIO_setOutputLowOnPin</name>
         <load_address>0x5530</load_address>
         <run_address>0x5530</run_address>
         <size>0x76</size>
         <input_file_ref idref="fl-1d"/>
      </object_component>
      <object_component id="oc-13e">
         <name>.text:init_bluetooth</name>
         <load_address>0x55a6</load_address>
         <run_address>0x55a6</run_address>
         <size>0x70</size>
         <input_file_ref idref="fl-2"/>
      </object_component>
      <object_component id="oc-b8">
         <name>.text:_auto_init_hold_wdt</name>
         <load_address>0x5616</load_address>
         <run_address>0x5616</run_address>
         <size>0x6e</size>
         <input_file_ref idref="fl-92"/>
      </object_component>
      <object_component id="oc-103">
         <name>.text:__TI_decompress_rle_core</name>
         <load_address>0x5684</load_address>
         <run_address>0x5684</run_address>
         <size>0x62</size>
         <input_file_ref idref="fl-61"/>
      </object_component>
      <object_component id="oc-be">
         <name>.text:main</name>
         <load_address>0x56e6</load_address>
         <run_address>0x56e6</run_address>
         <size>0x62</size>
         <input_file_ref idref="fl-2e"/>
      </object_component>
      <object_component id="oc-1cc">
         <name>.text:CYC_SYS_PWM_InitPWMTimer</name>
         <load_address>0x5748</load_address>
         <run_address>0x5748</run_address>
         <size>0x60</size>
         <input_file_ref idref="fl-15"/>
      </object_component>
      <object_component id="oc-1ee">
         <name>.text:CYC_SYS_UART_TransmitData</name>
         <load_address>0x57a8</load_address>
         <run_address>0x57a8</run_address>
         <size>0x58</size>
         <input_file_ref idref="fl-18"/>
      </object_component>
      <object_component id="oc-26a">
         <name>.text</name>
         <load_address>0x5800</load_address>
         <run_address>0x5800</run_address>
         <size>0x58</size>
         <input_file_ref idref="fl-66"/>
      </object_component>
      <object_component id="oc-1ba">
         <name>.text:CYC_SYS_TMR_EnableTimer1</name>
         <load_address>0x5858</load_address>
         <run_address>0x5858</run_address>
         <size>0x42</size>
         <input_file_ref idref="fl-17"/>
      </object_component>
      <object_component id="oc-2f3">
         <name>.text</name>
         <load_address>0x589a</load_address>
         <run_address>0x589a</run_address>
         <size>0x40</size>
         <input_file_ref idref="fl-65"/>
      </object_component>
      <object_component id="oc-1a8">
         <name>.text:PMM_setVCore</name>
         <load_address>0x58da</load_address>
         <run_address>0x58da</run_address>
         <size>0x3a</size>
         <input_file_ref idref="fl-1e"/>
      </object_component>
      <object_component id="oc-236">
         <name>.text:UCS_initFLLSettle</name>
         <load_address>0x5914</load_address>
         <run_address>0x5914</run_address>
         <size>0x36</size>
         <input_file_ref idref="fl-24"/>
      </object_component>
      <object_component id="oc-1b4">
         <name>.text:CYC_SYS_TMR_InitTimer1</name>
         <load_address>0x594a</load_address>
         <run_address>0x594a</run_address>
         <size>0x32</size>
         <input_file_ref idref="fl-17"/>
      </object_component>
      <object_component id="oc-138">
         <name>.text:CYC_SYS_InitializeTarget</name>
         <load_address>0x597c</load_address>
         <run_address>0x597c</run_address>
         <size>0x30</size>
         <input_file_ref idref="fl-14"/>
      </object_component>
      <object_component id="oc-2f8">
         <name>.text</name>
         <load_address>0x59ac</load_address>
         <run_address>0x59ac</run_address>
         <size>0x2c</size>
         <input_file_ref idref="fl-63"/>
      </object_component>
      <object_component id="oc-16a">
         <name>.text:UCS_clearAllOscFlagsWithTimeout</name>
         <load_address>0x59d8</load_address>
         <run_address>0x59d8</run_address>
         <size>0x28</size>
         <input_file_ref idref="fl-24"/>
      </object_component>
      <object_component id="oc-291">
         <name>.text:USCI_UART_enableInterrupt</name>
         <load_address>0x5a00</load_address>
         <run_address>0x5a00</run_address>
         <size>0x26</size>
         <input_file_ref idref="fl-27"/>
      </object_component>
      <object_component id="oc-254">
         <name>.text:UCS_getACLK</name>
         <load_address>0x5a26</load_address>
         <run_address>0x5a26</run_address>
         <size>0x24</size>
         <input_file_ref idref="fl-24"/>
      </object_component>
      <object_component id="oc-8b">
         <name>.text:decompress:ZI:__TI_zero_init</name>
         <load_address>0x5a4a</load_address>
         <run_address>0x5a4a</run_address>
         <size>0x24</size>
         <input_file_ref idref="fl-62"/>
      </object_component>
      <object_component id="oc-300">
         <name>.text</name>
         <load_address>0x5a6e</load_address>
         <run_address>0x5a6e</run_address>
         <size>0x22</size>
         <input_file_ref idref="fl-8c"/>
      </object_component>
      <object_component id="oc-24e">
         <name>.text:UCS_getSMCLK</name>
         <load_address>0x5a90</load_address>
         <run_address>0x5a90</run_address>
         <size>0x20</size>
         <input_file_ref idref="fl-24"/>
      </object_component>
      <object_component id="oc-1c6">
         <name>.text:CYC_IO_LEDS_IntializeLEDs</name>
         <load_address>0x5ab0</load_address>
         <run_address>0x5ab0</run_address>
         <size>0x1c</size>
         <input_file_ref idref="fl-2c"/>
      </object_component>
      <object_component id="oc-248">
         <name>.text:UCS_getMCLK</name>
         <load_address>0x5acc</load_address>
         <run_address>0x5acc</run_address>
         <size>0x1c</size>
         <input_file_ref idref="fl-24"/>
      </object_component>
      <object_component id="oc-224">
         <name>.text:UCS_setExternalClockSource</name>
         <load_address>0x5ae8</load_address>
         <run_address>0x5ae8</run_address>
         <size>0x1a</size>
         <input_file_ref idref="fl-24"/>
      </object_component>
      <object_component id="oc-307">
         <name>.text</name>
         <load_address>0x5b02</load_address>
         <run_address>0x5b02</run_address>
         <size>0x16</size>
         <input_file_ref idref="fl-64"/>
      </object_component>
      <object_component id="oc-ef">
         <name>.text:memcpy</name>
         <load_address>0x5b18</load_address>
         <run_address>0x5b18</run_address>
         <size>0x14</size>
         <input_file_ref idref="fl-87"/>
      </object_component>
      <object_component id="oc-85">
         <name>.text:decompress:none:__TI_decompress_none</name>
         <load_address>0x5b2c</load_address>
         <run_address>0x5b2c</run_address>
         <size>0x12</size>
         <input_file_ref idref="fl-60"/>
      </object_component>
      <object_component id="oc-150">
         <name>.text:ADC12_A_clearInterrupt</name>
         <load_address>0x5b3e</load_address>
         <run_address>0x5b3e</run_address>
         <size>0xc</size>
         <input_file_ref idref="fl-1a"/>
      </object_component>
      <object_component id="oc-28b">
         <name>.text:USCI_UART_clearInterruptFlag</name>
         <load_address>0x5b4a</load_address>
         <run_address>0x5b4a</run_address>
         <size>0xc</size>
         <input_file_ref idref="fl-27"/>
      </object_component>
      <object_component id="oc-21e">
         <name>.text:CYC_SYS_GPIO_SetPeripheralPinAsOutput</name>
         <load_address>0x5b56</load_address>
         <run_address>0x5b56</run_address>
         <size>0xa</size>
         <input_file_ref idref="fl-12"/>
      </object_component>
      <object_component id="oc-23c">
         <name>.text:SFR_clearInterrupt</name>
         <load_address>0x5b60</load_address>
         <run_address>0x5b60</run_address>
         <size>0xa</size>
         <input_file_ref idref="fl-1f"/>
      </object_component>
      <object_component id="oc-2ac">
         <name>.text:USCI_UART_queryStatusFlags</name>
         <load_address>0x5b6a</load_address>
         <run_address>0x5b6a</run_address>
         <size>0xa</size>
         <input_file_ref idref="fl-27"/>
      </object_component>
      <object_component id="oc-2a6">
         <name>.text:USCI_UART_transmitData</name>
         <load_address>0x5b74</load_address>
         <run_address>0x5b74</run_address>
         <size>0xa</size>
         <input_file_ref idref="fl-27"/>
      </object_component>
      <object_component id="oc-118">
         <name>.text</name>
         <load_address>0x5b7e</load_address>
         <run_address>0x5b7e</run_address>
         <size>0xa</size>
         <input_file_ref idref="fl-82"/>
      </object_component>
      <object_component id="oc-1a2">
         <name>.text:CYC_SYS_RST_StopWatchdog</name>
         <load_address>0x5b88</load_address>
         <run_address>0x5b88</run_address>
         <size>0x8</size>
         <input_file_ref idref="fl-16"/>
      </object_component>
      <object_component id="oc-122">
         <name>.text:USCI_UART_receiveData</name>
         <load_address>0x5b90</load_address>
         <run_address>0x5b90</run_address>
         <size>0x8</size>
         <input_file_ref idref="fl-27"/>
      </object_component>
      <object_component id="oc-242">
         <name>.text:SFR_enableInterrupt</name>
         <load_address>0x5b98</load_address>
         <run_address>0x5b98</run_address>
         <size>0x6</size>
         <input_file_ref idref="fl-1f"/>
      </object_component>
      <object_component id="oc-285">
         <name>.text:USCI_UART_enable</name>
         <load_address>0x5b9e</load_address>
         <run_address>0x5b9e</run_address>
         <size>0x6</size>
         <input_file_ref idref="fl-27"/>
      </object_component>
      <object_component id="oc-9b">
         <name>.text:__TI_ISR_TRAP</name>
         <load_address>0x5ba4</load_address>
         <run_address>0x5ba4</run_address>
         <size>0x6</size>
         <input_file_ref idref="fl-80"/>
      </object_component>
      <object_component id="oc-91">
         <name>.text:decompress:rle24:__TI_decompress_rle24</name>
         <load_address>0x5baa</load_address>
         <run_address>0x5baa</run_address>
         <size>0x6</size>
         <input_file_ref idref="fl-61"/>
      </object_component>
      <object_component id="oc-b2">
         <name>.text:_system_pre_init</name>
         <load_address>0x5bb0</load_address>
         <run_address>0x5bb0</run_address>
         <size>0x4</size>
         <input_file_ref idref="fl-8e"/>
      </object_component>
      <object_component id="oc-c4">
         <name>.text:abort</name>
         <load_address>0x5bb4</load_address>
         <run_address>0x5bb4</run_address>
         <size>0x4</size>
         <input_file_ref idref="fl-67"/>
      </object_component>
      <object_component id="oc-d7">
         <name>.text:_isr:I2CB0_ISR</name>
         <load_address>0x4400</load_address>
         <run_address>0x4400</run_address>
         <size>0xc6</size>
         <input_file_ref idref="fl-13"/>
      </object_component>
      <object_component id="oc-d1">
         <name>.text:_isr:ADC12_A_ISR</name>
         <load_address>0x44c6</load_address>
         <run_address>0x44c6</run_address>
         <size>0xc2</size>
         <input_file_ref idref="fl-10"/>
      </object_component>
      <object_component id="oc-a0">
         <name>.text:_isr:P2_ISR</name>
         <load_address>0x4588</load_address>
         <run_address>0x4588</run_address>
         <size>0xba</size>
         <input_file_ref idref="fl-19"/>
      </object_component>
      <object_component id="oc-e3">
         <name>.text:_isr:CYC_SYS_TMR_Timer1ISR</name>
         <load_address>0x4642</load_address>
         <run_address>0x4642</run_address>
         <size>0x9c</size>
         <input_file_ref idref="fl-17"/>
      </object_component>
      <object_component id="oc-ac">
         <name>.text:_isr:P1_ISR</name>
         <load_address>0x46de</load_address>
         <run_address>0x46de</run_address>
         <size>0x7a</size>
         <input_file_ref idref="fl-19"/>
      </object_component>
      <object_component id="oc-dd">
         <name>.text:_isr:USCI_A0_ISR</name>
         <load_address>0x4758</load_address>
         <run_address>0x4758</run_address>
         <size>0x3a</size>
         <input_file_ref idref="fl-18"/>
      </object_component>
      <object_component id="oc-a6">
         <name>.text:_isr:USCI_A1_ISR</name>
         <load_address>0x4792</load_address>
         <run_address>0x4792</run_address>
         <size>0x2a</size>
         <input_file_ref idref="fl-18"/>
      </object_component>
      <object_component id="oc-e9">
         <name>.text:_isr:NMI_ISR</name>
         <load_address>0x47bc</load_address>
         <run_address>0x47bc</run_address>
         <size>0x26</size>
         <input_file_ref idref="fl-11"/>
      </object_component>
      <object_component id="oc-72">
         <name>.text:_isr:_c_int00_noexit</name>
         <load_address>0x47e2</load_address>
         <run_address>0x47e2</run_address>
         <size>0x1a</size>
         <input_file_ref idref="fl-5f"/>
      </object_component>
      <object_component id="oc-cb">
         <name>.text:_isr:CYC_SYS_PWM_PWMTimer</name>
         <load_address>0x47fc</load_address>
         <run_address>0x47fc</run_address>
         <size>0x2</size>
         <input_file_ref idref="fl-15"/>
      </object_component>
      <object_component id="oc-376">
         <name>__TI_handler_table</name>
         <load_address>0x5bb8</load_address>
         <run_address>0x5bb8</run_address>
         <size>0xc</size>
      </object_component>
      <object_component id="oc-379">
         <name>.cinit..data.load</name>
         <load_address>0x5bc4</load_address>
         <run_address>0x5bc4</run_address>
         <size>0x9</size>
      </object_component>
      <object_component id="oc-378">
         <name>.cinit..bss.load</name>
         <load_address>0x5bce</load_address>
         <run_address>0x5bce</run_address>
         <size>0x6</size>
      </object_component>
      <object_component id="oc-377">
         <name>__TI_cinit_table</name>
         <load_address>0x5bd4</load_address>
         <run_address>0x5bd4</run_address>
         <size>0x10</size>
      </object_component>
      <object_component id="oc-1eb">
         <name>.const:.string:$P$T0$1</name>
         <load_address>0x47fe</load_address>
         <run_address>0x47fe</run_address>
         <size>0x4</size>
         <input_file_ref idref="fl-2"/>
      </object_component>
      <object_component id="oc-69">
         <name>.int41</name>
         <load_address>0xffd2</load_address>
         <run_address>0xffd2</run_address>
         <size>0x2</size>
         <input_file_ref idref="fl-73"/>
      </object_component>
      <object_component id="oc-6a">
         <name>.int42</name>
         <load_address>0xffd4</load_address>
         <run_address>0xffd4</run_address>
         <size>0x2</size>
         <input_file_ref idref="fl-19"/>
      </object_component>
      <object_component id="oc-6b">
         <name>.int43</name>
         <load_address>0xffd6</load_address>
         <run_address>0xffd6</run_address>
         <size>0x2</size>
         <input_file_ref idref="fl-74"/>
      </object_component>
      <object_component id="oc-6c">
         <name>.int44</name>
         <load_address>0xffd8</load_address>
         <run_address>0xffd8</run_address>
         <size>0x2</size>
         <input_file_ref idref="fl-75"/>
      </object_component>
      <object_component id="oc-6d">
         <name>.int45</name>
         <load_address>0xffda</load_address>
         <run_address>0xffda</run_address>
         <size>0x2</size>
         <input_file_ref idref="fl-76"/>
      </object_component>
      <object_component id="oc-6e">
         <name>.int46</name>
         <load_address>0xffdc</load_address>
         <run_address>0xffdc</run_address>
         <size>0x2</size>
         <input_file_ref idref="fl-18"/>
      </object_component>
      <object_component id="oc-6f">
         <name>.int47</name>
         <load_address>0xffde</load_address>
         <run_address>0xffde</run_address>
         <size>0x2</size>
         <input_file_ref idref="fl-19"/>
      </object_component>
      <object_component id="oc-70">
         <name>.int48</name>
         <load_address>0xffe0</load_address>
         <run_address>0xffe0</run_address>
         <size>0x2</size>
         <input_file_ref idref="fl-77"/>
      </object_component>
      <object_component id="oc-71">
         <name>.int49</name>
         <load_address>0xffe2</load_address>
         <run_address>0xffe2</run_address>
         <size>0x2</size>
         <input_file_ref idref="fl-78"/>
      </object_component>
      <object_component id="oc-78">
         <name>.int50</name>
         <load_address>0xffe4</load_address>
         <run_address>0xffe4</run_address>
         <size>0x2</size>
         <input_file_ref idref="fl-79"/>
      </object_component>
      <object_component id="oc-79">
         <name>.int51</name>
         <load_address>0xffe6</load_address>
         <run_address>0xffe6</run_address>
         <size>0x2</size>
         <input_file_ref idref="fl-7a"/>
      </object_component>
      <object_component id="oc-7a">
         <name>.int52</name>
         <load_address>0xffe8</load_address>
         <run_address>0xffe8</run_address>
         <size>0x2</size>
         <input_file_ref idref="fl-15"/>
      </object_component>
      <object_component id="oc-7b">
         <name>.int53</name>
         <load_address>0xffea</load_address>
         <run_address>0xffea</run_address>
         <size>0x2</size>
         <input_file_ref idref="fl-7b"/>
      </object_component>
      <object_component id="oc-7c">
         <name>.int54</name>
         <load_address>0xffec</load_address>
         <run_address>0xffec</run_address>
         <size>0x2</size>
         <input_file_ref idref="fl-10"/>
      </object_component>
      <object_component id="oc-7d">
         <name>.int55</name>
         <load_address>0xffee</load_address>
         <run_address>0xffee</run_address>
         <size>0x2</size>
         <input_file_ref idref="fl-13"/>
      </object_component>
      <object_component id="oc-7e">
         <name>.int56</name>
         <load_address>0xfff0</load_address>
         <run_address>0xfff0</run_address>
         <size>0x2</size>
         <input_file_ref idref="fl-18"/>
      </object_component>
      <object_component id="oc-7f">
         <name>.int57</name>
         <load_address>0xfff2</load_address>
         <run_address>0xfff2</run_address>
         <size>0x2</size>
         <input_file_ref idref="fl-7c"/>
      </object_component>
      <object_component id="oc-80">
         <name>.int58</name>
         <load_address>0xfff4</load_address>
         <run_address>0xfff4</run_address>
         <size>0x2</size>
         <input_file_ref idref="fl-7d"/>
      </object_component>
      <object_component id="oc-81">
         <name>.int59</name>
         <load_address>0xfff6</load_address>
         <run_address>0xfff6</run_address>
         <size>0x2</size>
         <input_file_ref idref="fl-17"/>
      </object_component>
      <object_component id="oc-82">
         <name>.int60</name>
         <load_address>0xfff8</load_address>
         <run_address>0xfff8</run_address>
         <size>0x2</size>
         <input_file_ref idref="fl-7e"/>
      </object_component>
      <object_component id="oc-83">
         <name>.int61</name>
         <load_address>0xfffa</load_address>
         <run_address>0xfffa</run_address>
         <size>0x2</size>
         <input_file_ref idref="fl-11"/>
      </object_component>
      <object_component id="oc-84">
         <name>.int62</name>
         <load_address>0xfffc</load_address>
         <run_address>0xfffc</run_address>
         <size>0x2</size>
         <input_file_ref idref="fl-7f"/>
      </object_component>
      <object_component id="oc-9a">
         <name>.reset</name>
         <load_address>0xfffe</load_address>
         <run_address>0xfffe</run_address>
         <size>0x2</size>
         <input_file_ref idref="fl-5f"/>
      </object_component>
      <object_component id="oc-163">
         <name>.common:Timer_Array</name>
         <uninitialized>true</uninitialized>
         <run_address>0x1c5a</run_address>
         <size>0x20</size>
      </object_component>
      <object_component id="oc-25c">
         <name>.common:TimerActiveFlags</name>
         <uninitialized>true</uninitialized>
         <run_address>0x1c9e</run_address>
         <size>0x2</size>
      </object_component>
      <object_component id="oc-25d">
         <name>.common:TimerEventFlags</name>
         <uninitialized>true</uninitialized>
         <run_address>0x1ca0</run_address>
         <size>0x2</size>
      </object_component>
      <object_component id="oc-25f">
         <name>.common:spsTimer1Info</name>
         <uninitialized>true</uninitialized>
         <run_address>0x1c9a</run_address>
         <size>0x4</size>
      </object_component>
      <object_component id="oc-271">
         <name>.common:gasTimerInfo</name>
         <uninitialized>true</uninitialized>
         <run_address>0x1c00</run_address>
         <size>0x5a</size>
      </object_component>
      <object_component id="oc-15b">
         <name>.common:gu8Rx0Buffer</name>
         <uninitialized>true</uninitialized>
         <run_address>0x1c7a</run_address>
         <size>0x20</size>
      </object_component>
      <object_component id="oc-11d">
         <name>.data</name>
         <load_address>0x1ca2</load_address>
         <run_address>0x1ca2</run_address>
         <size>0x55</size>
         <input_file_ref idref="fl-19"/>
      </object_component>
      <object_component id="oc-128">
         <name>.data</name>
         <load_address>0x1d2a</load_address>
         <run_address>0x1d2a</run_address>
         <size>0x3</size>
         <input_file_ref idref="fl-18"/>
      </object_component>
      <object_component id="oc-12b">
         <name>.data:rx_buffer$1</name>
         <load_address>0x1d10</load_address>
         <run_address>0x1d10</run_address>
         <size>0xa</size>
         <input_file_ref idref="fl-18"/>
      </object_component>
      <object_component id="oc-14d">
         <name>.data</name>
         <load_address>0x1cf7</load_address>
         <run_address>0x1cf7</run_address>
         <size>0x1</size>
         <input_file_ref idref="fl-10"/>
      </object_component>
      <object_component id="oc-157">
         <name>.data</name>
         <load_address>0x1cf8</load_address>
         <run_address>0x1cf8</run_address>
         <size>0x18</size>
         <input_file_ref idref="fl-13"/>
      </object_component>
      <object_component id="oc-170">
         <name>.data</name>
         <load_address>0x1d1a</load_address>
         <run_address>0x1d1a</run_address>
         <size>0x8</size>
         <input_file_ref idref="fl-11"/>
      </object_component>
      <object_component id="oc-2c0">
         <name>.data</name>
         <load_address>0x1d22</load_address>
         <run_address>0x1d22</run_address>
         <size>0x8</size>
         <input_file_ref idref="fl-24"/>
      </object_component>
      <object_component id="oc-73">
         <name>.debug_info</name>
         <load_address>0x0</load_address>
         <run_address>0x0</run_address>
         <size>0x125</size>
         <input_file_ref idref="fl-5f"/>
      </object_component>
      <object_component id="oc-86">
         <name>.debug_info</name>
         <load_address>0x125</load_address>
         <run_address>0x125</run_address>
         <size>0x194</size>
         <input_file_ref idref="fl-60"/>
      </object_component>
      <object_component id="oc-8c">
         <name>.debug_info</name>
         <load_address>0x2b9</load_address>
         <run_address>0x2b9</run_address>
         <size>0x16f</size>
         <input_file_ref idref="fl-62"/>
      </object_component>
      <object_component id="oc-94">
         <name>.debug_info</name>
         <load_address>0x428</load_address>
         <run_address>0x428</run_address>
         <size>0x18e</size>
         <input_file_ref idref="fl-61"/>
      </object_component>
      <object_component id="oc-98">
         <name>.debug_info</name>
         <load_address>0x5b6</load_address>
         <run_address>0x5b6</run_address>
         <size>0xaa</size>
         <input_file_ref idref="fl-5f"/>
      </object_component>
      <object_component id="oc-9e">
         <name>.debug_info</name>
         <load_address>0x660</load_address>
         <run_address>0x660</run_address>
         <size>0xc2</size>
         <input_file_ref idref="fl-80"/>
      </object_component>
      <object_component id="oc-a1">
         <name>.debug_info</name>
         <load_address>0x722</load_address>
         <run_address>0x722</run_address>
         <size>0x1be</size>
         <input_file_ref idref="fl-19"/>
      </object_component>
      <object_component id="oc-a7">
         <name>.debug_info</name>
         <load_address>0x8e0</load_address>
         <run_address>0x8e0</run_address>
         <size>0x1ad</size>
         <input_file_ref idref="fl-18"/>
      </object_component>
      <object_component id="oc-ad">
         <name>.debug_info</name>
         <load_address>0xa8d</load_address>
         <run_address>0xa8d</run_address>
         <size>0x192</size>
         <input_file_ref idref="fl-19"/>
      </object_component>
      <object_component id="oc-b5">
         <name>.debug_info</name>
         <load_address>0xc1f</load_address>
         <run_address>0xc1f</run_address>
         <size>0xfd</size>
         <input_file_ref idref="fl-8e"/>
      </object_component>
      <object_component id="oc-b9">
         <name>.debug_info</name>
         <load_address>0xd1c</load_address>
         <run_address>0xd1c</run_address>
         <size>0x1a0</size>
         <input_file_ref idref="fl-92"/>
      </object_component>
      <object_component id="oc-bf">
         <name>.debug_info</name>
         <load_address>0xebc</load_address>
         <run_address>0xebc</run_address>
         <size>0x4f3</size>
         <input_file_ref idref="fl-2e"/>
      </object_component>
      <object_component id="oc-c5">
         <name>.debug_info</name>
         <load_address>0x13af</load_address>
         <run_address>0x13af</run_address>
         <size>0xcc</size>
         <input_file_ref idref="fl-67"/>
      </object_component>
      <object_component id="oc-cc">
         <name>.debug_info</name>
         <load_address>0x147b</load_address>
         <run_address>0x147b</run_address>
         <size>0x140</size>
         <input_file_ref idref="fl-15"/>
      </object_component>
      <object_component id="oc-d3">
         <name>.debug_info</name>
         <load_address>0x15bb</load_address>
         <run_address>0x15bb</run_address>
         <size>0x14e</size>
         <input_file_ref idref="fl-10"/>
      </object_component>
      <object_component id="oc-db">
         <name>.debug_info</name>
         <load_address>0x1709</load_address>
         <run_address>0x1709</run_address>
         <size>0x13e</size>
         <input_file_ref idref="fl-13"/>
      </object_component>
      <object_component id="oc-de">
         <name>.debug_info</name>
         <load_address>0x1847</load_address>
         <run_address>0x1847</run_address>
         <size>0x150</size>
         <input_file_ref idref="fl-18"/>
      </object_component>
      <object_component id="oc-e4">
         <name>.debug_info</name>
         <load_address>0x1997</load_address>
         <run_address>0x1997</run_address>
         <size>0x1a7</size>
         <input_file_ref idref="fl-17"/>
      </object_component>
      <object_component id="oc-ea">
         <name>.debug_info</name>
         <load_address>0x1b3e</load_address>
         <run_address>0x1b3e</run_address>
         <size>0x152</size>
         <input_file_ref idref="fl-11"/>
      </object_component>
      <object_component id="oc-f0">
         <name>.debug_info</name>
         <load_address>0x1c90</load_address>
         <run_address>0x1c90</run_address>
         <size>0x157</size>
         <input_file_ref idref="fl-87"/>
      </object_component>
      <object_component id="oc-f6">
         <name>.debug_info</name>
         <load_address>0x1de7</load_address>
         <run_address>0x1de7</run_address>
         <size>0x46</size>
         <input_file_ref idref="fl-60"/>
      </object_component>
      <object_component id="oc-fb">
         <name>.debug_info</name>
         <load_address>0x1e2d</load_address>
         <run_address>0x1e2d</run_address>
         <size>0x17b</size>
         <input_file_ref idref="fl-60"/>
      </object_component>
      <object_component id="oc-fd">
         <name>.debug_info</name>
         <load_address>0x1fa8</load_address>
         <run_address>0x1fa8</run_address>
         <size>0x46</size>
         <input_file_ref idref="fl-62"/>
      </object_component>
      <object_component id="oc-102">
         <name>.debug_info</name>
         <load_address>0x1fee</load_address>
         <run_address>0x1fee</run_address>
         <size>0x129</size>
         <input_file_ref idref="fl-62"/>
      </object_component>
      <object_component id="oc-105">
         <name>.debug_info</name>
         <load_address>0x2117</load_address>
         <run_address>0x2117</run_address>
         <size>0x1ef</size>
         <input_file_ref idref="fl-61"/>
      </object_component>
      <object_component id="oc-10a">
         <name>.debug_info</name>
         <load_address>0x2306</load_address>
         <run_address>0x2306</run_address>
         <size>0x138</size>
         <input_file_ref idref="fl-61"/>
      </object_component>
      <object_component id="oc-10b">
         <name>.debug_info</name>
         <load_address>0x243e</load_address>
         <run_address>0x243e</run_address>
         <size>0x39</size>
         <input_file_ref idref="fl-61"/>
      </object_component>
      <object_component id="oc-112">
         <name>.debug_info</name>
         <load_address>0x2477</load_address>
         <run_address>0x2477</run_address>
         <size>0x84</size>
         <input_file_ref idref="fl-2"/>
      </object_component>
      <object_component id="oc-119">
         <name>.debug_info</name>
         <load_address>0x24fb</load_address>
         <run_address>0x24fb</run_address>
         <size>0xd3</size>
         <input_file_ref idref="fl-82"/>
      </object_component>
      <object_component id="oc-11e">
         <name>.debug_info</name>
         <load_address>0x25ce</load_address>
         <run_address>0x25ce</run_address>
         <size>0x14b</size>
         <input_file_ref idref="fl-19"/>
      </object_component>
      <object_component id="oc-121">
         <name>.debug_info</name>
         <load_address>0x2719</load_address>
         <run_address>0x2719</run_address>
         <size>0x38d</size>
         <input_file_ref idref="fl-19"/>
      </object_component>
      <object_component id="oc-123">
         <name>.debug_info</name>
         <load_address>0x2aa6</load_address>
         <run_address>0x2aa6</run_address>
         <size>0x187</size>
         <input_file_ref idref="fl-27"/>
      </object_component>
      <object_component id="oc-129">
         <name>.debug_info</name>
         <load_address>0x2c2d</load_address>
         <run_address>0x2c2d</run_address>
         <size>0x117</size>
         <input_file_ref idref="fl-18"/>
      </object_component>
      <object_component id="oc-12d">
         <name>.debug_info</name>
         <load_address>0x2d44</load_address>
         <run_address>0x2d44</run_address>
         <size>0x5e6</size>
         <input_file_ref idref="fl-18"/>
      </object_component>
      <object_component id="oc-12f">
         <name>.debug_info</name>
         <load_address>0x332a</load_address>
         <run_address>0x332a</run_address>
         <size>0x18b</size>
         <input_file_ref idref="fl-2"/>
      </object_component>
      <object_component id="oc-137">
         <name>.debug_info</name>
         <load_address>0x34b5</load_address>
         <run_address>0x34b5</run_address>
         <size>0x2d8</size>
         <input_file_ref idref="fl-92"/>
      </object_component>
      <object_component id="oc-13b">
         <name>.debug_info</name>
         <load_address>0x378d</load_address>
         <run_address>0x378d</run_address>
         <size>0x263</size>
         <input_file_ref idref="fl-14"/>
      </object_component>
      <object_component id="oc-140">
         <name>.debug_info</name>
         <load_address>0x39f0</load_address>
         <run_address>0x39f0</run_address>
         <size>0x223</size>
         <input_file_ref idref="fl-2"/>
      </object_component>
      <object_component id="oc-145">
         <name>.debug_info</name>
         <load_address>0x3c13</load_address>
         <run_address>0x3c13</run_address>
         <size>0x83</size>
         <input_file_ref idref="fl-10"/>
      </object_component>
      <object_component id="oc-14a">
         <name>.debug_info</name>
         <load_address>0x3c96</load_address>
         <run_address>0x3c96</run_address>
         <size>0x7f3</size>
         <input_file_ref idref="fl-2e"/>
      </object_component>
      <object_component id="oc-14e">
         <name>.debug_info</name>
         <load_address>0x4489</load_address>
         <run_address>0x4489</run_address>
         <size>0xf3</size>
         <input_file_ref idref="fl-10"/>
      </object_component>
      <object_component id="oc-152">
         <name>.debug_info</name>
         <load_address>0x457c</load_address>
         <run_address>0x457c</run_address>
         <size>0x1ed</size>
         <input_file_ref idref="fl-1a"/>
      </object_component>
      <object_component id="oc-158">
         <name>.debug_info</name>
         <load_address>0x4769</load_address>
         <run_address>0x4769</run_address>
         <size>0x102</size>
         <input_file_ref idref="fl-13"/>
      </object_component>
      <object_component id="oc-15e">
         <name>.debug_info</name>
         <load_address>0x486b</load_address>
         <run_address>0x486b</run_address>
         <size>0x2fe</size>
         <input_file_ref idref="fl-17"/>
      </object_component>
      <object_component id="oc-16c">
         <name>.debug_info</name>
         <load_address>0x4b69</load_address>
         <run_address>0x4b69</run_address>
         <size>0x1db</size>
         <input_file_ref idref="fl-24"/>
      </object_component>
      <object_component id="oc-171">
         <name>.debug_info</name>
         <load_address>0x4d44</load_address>
         <run_address>0x4d44</run_address>
         <size>0x10a</size>
         <input_file_ref idref="fl-11"/>
      </object_component>
      <object_component id="oc-175">
         <name>.debug_info</name>
         <load_address>0x4e4e</load_address>
         <run_address>0x4e4e</run_address>
         <size>0x13b</size>
         <input_file_ref idref="fl-87"/>
      </object_component>
      <object_component id="oc-176">
         <name>.debug_info</name>
         <load_address>0x4f89</load_address>
         <run_address>0x4f89</run_address>
         <size>0x2c</size>
         <input_file_ref idref="fl-9"/>
      </object_component>
      <object_component id="oc-17d">
         <name>.debug_info</name>
         <load_address>0x4fb5</load_address>
         <run_address>0x4fb5</run_address>
         <size>0x2c</size>
         <input_file_ref idref="fl-60"/>
      </object_component>
      <object_component id="oc-18a">
         <name>.debug_info</name>
         <load_address>0x4fe1</load_address>
         <run_address>0x4fe1</run_address>
         <size>0xb3</size>
         <input_file_ref idref="fl-19"/>
      </object_component>
      <object_component id="oc-191">
         <name>.debug_info</name>
         <load_address>0x5094</load_address>
         <run_address>0x5094</run_address>
         <size>0xc8</size>
         <input_file_ref idref="fl-8"/>
      </object_component>
      <object_component id="oc-19d">
         <name>.debug_info</name>
         <load_address>0x515c</load_address>
         <run_address>0x515c</run_address>
         <size>0x39</size>
         <input_file_ref idref="fl-92"/>
      </object_component>
      <object_component id="oc-1a3">
         <name>.debug_info</name>
         <load_address>0x5195</load_address>
         <run_address>0x5195</run_address>
         <size>0x14d</size>
         <input_file_ref idref="fl-16"/>
      </object_component>
      <object_component id="oc-1a9">
         <name>.debug_info</name>
         <load_address>0x52e2</load_address>
         <run_address>0x52e2</run_address>
         <size>0x207</size>
         <input_file_ref idref="fl-1e"/>
      </object_component>
      <object_component id="oc-1af">
         <name>.debug_info</name>
         <load_address>0x54e9</load_address>
         <run_address>0x54e9</run_address>
         <size>0x39f</size>
         <input_file_ref idref="fl-11"/>
      </object_component>
      <object_component id="oc-1b5">
         <name>.debug_info</name>
         <load_address>0x5888</load_address>
         <run_address>0x5888</run_address>
         <size>0x14d</size>
         <input_file_ref idref="fl-17"/>
      </object_component>
      <object_component id="oc-1bb">
         <name>.debug_info</name>
         <load_address>0x59d5</load_address>
         <run_address>0x59d5</run_address>
         <size>0x166</size>
         <input_file_ref idref="fl-17"/>
      </object_component>
      <object_component id="oc-1c2">
         <name>.debug_info</name>
         <load_address>0x5b3b</load_address>
         <run_address>0x5b3b</run_address>
         <size>0x280</size>
         <input_file_ref idref="fl-18"/>
      </object_component>
      <object_component id="oc-1c9">
         <name>.debug_info</name>
         <load_address>0x5dbb</load_address>
         <run_address>0x5dbb</run_address>
         <size>0x1ca</size>
         <input_file_ref idref="fl-2c"/>
      </object_component>
      <object_component id="oc-1cd">
         <name>.debug_info</name>
         <load_address>0x5f85</load_address>
         <run_address>0x5f85</run_address>
         <size>0x1a3</size>
         <input_file_ref idref="fl-15"/>
      </object_component>
      <object_component id="oc-1d4">
         <name>.debug_info</name>
         <load_address>0x6128</load_address>
         <run_address>0x6128</run_address>
         <size>0x280</size>
         <input_file_ref idref="fl-18"/>
      </object_component>
      <object_component id="oc-1da">
         <name>.debug_info</name>
         <load_address>0x63a8</load_address>
         <run_address>0x63a8</run_address>
         <size>0x211</size>
         <input_file_ref idref="fl-1d"/>
      </object_component>
      <object_component id="oc-1e0">
         <name>.debug_info</name>
         <load_address>0x65b9</load_address>
         <run_address>0x65b9</run_address>
         <size>0x21a</size>
         <input_file_ref idref="fl-1d"/>
      </object_component>
      <object_component id="oc-1e6">
         <name>.debug_info</name>
         <load_address>0x67d3</load_address>
         <run_address>0x67d3</run_address>
         <size>0x21c</size>
         <input_file_ref idref="fl-1d"/>
      </object_component>
      <object_component id="oc-1ec">
         <name>.debug_info</name>
         <load_address>0x69ef</load_address>
         <run_address>0x69ef</run_address>
         <size>0xf1</size>
         <input_file_ref idref="fl-2"/>
      </object_component>
      <object_component id="oc-1ef">
         <name>.debug_info</name>
         <load_address>0x6ae0</load_address>
         <run_address>0x6ae0</run_address>
         <size>0x27e</size>
         <input_file_ref idref="fl-18"/>
      </object_component>
      <object_component id="oc-1f5">
         <name>.debug_info</name>
         <load_address>0x6d5e</load_address>
         <run_address>0x6d5e</run_address>
         <size>0x2e3</size>
         <input_file_ref idref="fl-2"/>
      </object_component>
      <object_component id="oc-1fd">
         <name>.debug_info</name>
         <load_address>0x7041</load_address>
         <run_address>0x7041</run_address>
         <size>0xee</size>
         <input_file_ref idref="fl-13"/>
      </object_component>
      <object_component id="oc-204">
         <name>.debug_info</name>
         <load_address>0x712f</load_address>
         <run_address>0x712f</run_address>
         <size>0xea</size>
         <input_file_ref idref="fl-13"/>
      </object_component>
      <object_component id="oc-20e">
         <name>.debug_info</name>
         <load_address>0x7219</load_address>
         <run_address>0x7219</run_address>
         <size>0x3f2</size>
         <input_file_ref idref="fl-8"/>
      </object_component>
      <object_component id="oc-212">
         <name>.debug_info</name>
         <load_address>0x760b</load_address>
         <run_address>0x760b</run_address>
         <size>0x22c</size>
         <input_file_ref idref="fl-1e"/>
      </object_component>
      <object_component id="oc-218">
         <name>.debug_info</name>
         <load_address>0x7837</load_address>
         <run_address>0x7837</run_address>
         <size>0x230</size>
         <input_file_ref idref="fl-1e"/>
      </object_component>
      <object_component id="oc-21f">
         <name>.debug_info</name>
         <load_address>0x7a67</load_address>
         <run_address>0x7a67</run_address>
         <size>0x1f2</size>
         <input_file_ref idref="fl-12"/>
      </object_component>
      <object_component id="oc-226">
         <name>.debug_info</name>
         <load_address>0x7c59</load_address>
         <run_address>0x7c59</run_address>
         <size>0x22c</size>
         <input_file_ref idref="fl-24"/>
      </object_component>
      <object_component id="oc-22c">
         <name>.debug_info</name>
         <load_address>0x7e85</load_address>
         <run_address>0x7e85</run_address>
         <size>0x1c0</size>
         <input_file_ref idref="fl-24"/>
      </object_component>
      <object_component id="oc-232">
         <name>.debug_info</name>
         <load_address>0x8045</load_address>
         <run_address>0x8045</run_address>
         <size>0x285</size>
         <input_file_ref idref="fl-24"/>
      </object_component>
      <object_component id="oc-238">
         <name>.debug_info</name>
         <load_address>0x82ca</load_address>
         <run_address>0x82ca</run_address>
         <size>0x1c4</size>
         <input_file_ref idref="fl-24"/>
      </object_component>
      <object_component id="oc-23e">
         <name>.debug_info</name>
         <load_address>0x848e</load_address>
         <run_address>0x848e</run_address>
         <size>0x1be</size>
         <input_file_ref idref="fl-1f"/>
      </object_component>
      <object_component id="oc-245">
         <name>.debug_info</name>
         <load_address>0x864c</load_address>
         <run_address>0x864c</run_address>
         <size>0x1d4</size>
         <input_file_ref idref="fl-1f"/>
      </object_component>
      <object_component id="oc-24a">
         <name>.debug_info</name>
         <load_address>0x8820</load_address>
         <run_address>0x8820</run_address>
         <size>0x1a9</size>
         <input_file_ref idref="fl-24"/>
      </object_component>
      <object_component id="oc-250">
         <name>.debug_info</name>
         <load_address>0x89c9</load_address>
         <run_address>0x89c9</run_address>
         <size>0x1f7</size>
         <input_file_ref idref="fl-24"/>
      </object_component>
      <object_component id="oc-256">
         <name>.debug_info</name>
         <load_address>0x8bc0</load_address>
         <run_address>0x8bc0</run_address>
         <size>0x1f1</size>
         <input_file_ref idref="fl-24"/>
      </object_component>
      <object_component id="oc-25b">
         <name>.debug_info</name>
         <load_address>0x8db1</load_address>
         <run_address>0x8db1</run_address>
         <size>0x454</size>
         <input_file_ref idref="fl-11"/>
      </object_component>
      <object_component id="oc-26b">
         <name>.debug_info</name>
         <load_address>0x9205</load_address>
         <run_address>0x9205</run_address>
         <size>0xd6</size>
         <input_file_ref idref="fl-66"/>
      </object_component>
      <object_component id="oc-274">
         <name>.debug_info</name>
         <load_address>0x92db</load_address>
         <run_address>0x92db</run_address>
         <size>0x244</size>
         <input_file_ref idref="fl-1d"/>
      </object_component>
      <object_component id="oc-27a">
         <name>.debug_info</name>
         <load_address>0x951f</load_address>
         <run_address>0x951f</run_address>
         <size>0x242</size>
         <input_file_ref idref="fl-1d"/>
      </object_component>
      <object_component id="oc-280">
         <name>.debug_info</name>
         <load_address>0x9761</load_address>
         <run_address>0x9761</run_address>
         <size>0x41d</size>
         <input_file_ref idref="fl-27"/>
      </object_component>
      <object_component id="oc-287">
         <name>.debug_info</name>
         <load_address>0x9b7e</load_address>
         <run_address>0x9b7e</run_address>
         <size>0x19d</size>
         <input_file_ref idref="fl-27"/>
      </object_component>
      <object_component id="oc-28d">
         <name>.debug_info</name>
         <load_address>0x9d1b</load_address>
         <run_address>0x9d1b</run_address>
         <size>0x1b3</size>
         <input_file_ref idref="fl-27"/>
      </object_component>
      <object_component id="oc-292">
         <name>.debug_info</name>
         <load_address>0x9ece</load_address>
         <run_address>0x9ece</run_address>
         <size>0x1d1</size>
         <input_file_ref idref="fl-27"/>
      </object_component>
      <object_component id="oc-29c">
         <name>.debug_info</name>
         <load_address>0xa09f</load_address>
         <run_address>0xa09f</run_address>
         <size>0x1be</size>
         <input_file_ref idref="fl-1d"/>
      </object_component>
      <object_component id="oc-2a7">
         <name>.debug_info</name>
         <load_address>0xa25d</load_address>
         <run_address>0xa25d</run_address>
         <size>0x1c7</size>
         <input_file_ref idref="fl-27"/>
      </object_component>
      <object_component id="oc-2ae">
         <name>.debug_info</name>
         <load_address>0xa424</load_address>
         <run_address>0xa424</run_address>
         <size>0x1b3</size>
         <input_file_ref idref="fl-27"/>
      </object_component>
      <object_component id="oc-2b5">
         <name>.debug_info</name>
         <load_address>0xa5d7</load_address>
         <run_address>0xa5d7</run_address>
         <size>0x5e1</size>
         <input_file_ref idref="fl-13"/>
      </object_component>
      <object_component id="oc-2b8">
         <name>.debug_info</name>
         <load_address>0xabb8</load_address>
         <run_address>0xabb8</run_address>
         <size>0x33a</size>
         <input_file_ref idref="fl-6"/>
      </object_component>
      <object_component id="oc-2c1">
         <name>.debug_info</name>
         <load_address>0xaef2</load_address>
         <run_address>0xaef2</run_address>
         <size>0x13f</size>
         <input_file_ref idref="fl-24"/>
      </object_component>
      <object_component id="oc-2c8">
         <name>.debug_info</name>
         <load_address>0xb031</load_address>
         <run_address>0xb031</run_address>
         <size>0x226</size>
         <input_file_ref idref="fl-24"/>
      </object_component>
      <object_component id="oc-2cd">
         <name>.debug_info</name>
         <load_address>0xb257</load_address>
         <run_address>0xb257</run_address>
         <size>0x253</size>
         <input_file_ref idref="fl-24"/>
      </object_component>
      <object_component id="oc-2d2">
         <name>.debug_info</name>
         <load_address>0xb4aa</load_address>
         <run_address>0xb4aa</run_address>
         <size>0x335</size>
         <input_file_ref idref="fl-24"/>
      </object_component>
      <object_component id="oc-2e7">
         <name>.debug_info</name>
         <load_address>0xb7df</load_address>
         <run_address>0xb7df</run_address>
         <size>0x186</size>
         <input_file_ref idref="fl-6"/>
      </object_component>
      <object_component id="oc-2ef">
         <name>.debug_info</name>
         <load_address>0xb965</load_address>
         <run_address>0xb965</run_address>
         <size>0x2b6</size>
         <input_file_ref idref="fl-24"/>
      </object_component>
      <object_component id="oc-2f5">
         <name>.debug_info</name>
         <load_address>0xbc1b</load_address>
         <run_address>0xbc1b</run_address>
         <size>0xeb</size>
         <input_file_ref idref="fl-65"/>
      </object_component>
      <object_component id="oc-2fa">
         <name>.debug_info</name>
         <load_address>0xbd06</load_address>
         <run_address>0xbd06</run_address>
         <size>0xe8</size>
         <input_file_ref idref="fl-63"/>
      </object_component>
      <object_component id="oc-302">
         <name>.debug_info</name>
         <load_address>0xbdee</load_address>
         <run_address>0xbdee</run_address>
         <size>0xe3</size>
         <input_file_ref idref="fl-8c"/>
      </object_component>
      <object_component id="oc-308">
         <name>.debug_info</name>
         <load_address>0xbed1</load_address>
         <run_address>0xbed1</run_address>
         <size>0xd4</size>
         <input_file_ref idref="fl-64"/>
      </object_component>
      <object_component id="oc-37c">
         <name>.debug_info</name>
         <load_address>0xbfa5</load_address>
         <run_address>0xbfa5</run_address>
         <size>0xb2</size>
      </object_component>
      <object_component id="oc-74">
         <name>.debug_aranges</name>
         <load_address>0x0</load_address>
         <run_address>0x0</run_address>
         <size>0x20</size>
         <input_file_ref idref="fl-5f"/>
      </object_component>
      <object_component id="oc-88">
         <name>.debug_aranges</name>
         <load_address>0x20</load_address>
         <run_address>0x20</run_address>
         <size>0x20</size>
         <input_file_ref idref="fl-60"/>
      </object_component>
      <object_component id="oc-8e">
         <name>.debug_aranges</name>
         <load_address>0x40</load_address>
         <run_address>0x40</run_address>
         <size>0x20</size>
         <input_file_ref idref="fl-62"/>
      </object_component>
      <object_component id="oc-93">
         <name>.debug_aranges</name>
         <load_address>0x60</load_address>
         <run_address>0x60</run_address>
         <size>0x20</size>
         <input_file_ref idref="fl-61"/>
      </object_component>
      <object_component id="oc-9c">
         <name>.debug_aranges</name>
         <load_address>0x80</load_address>
         <run_address>0x80</run_address>
         <size>0x20</size>
         <input_file_ref idref="fl-80"/>
      </object_component>
      <object_component id="oc-a3">
         <name>.debug_aranges</name>
         <load_address>0xa0</load_address>
         <run_address>0xa0</run_address>
         <size>0x20</size>
         <input_file_ref idref="fl-19"/>
      </object_component>
      <object_component id="oc-a8">
         <name>.debug_aranges</name>
         <load_address>0xc0</load_address>
         <run_address>0xc0</run_address>
         <size>0x20</size>
         <input_file_ref idref="fl-18"/>
      </object_component>
      <object_component id="oc-ae">
         <name>.debug_aranges</name>
         <load_address>0xe0</load_address>
         <run_address>0xe0</run_address>
         <size>0x20</size>
         <input_file_ref idref="fl-19"/>
      </object_component>
      <object_component id="oc-b6">
         <name>.debug_aranges</name>
         <load_address>0x100</load_address>
         <run_address>0x100</run_address>
         <size>0x20</size>
         <input_file_ref idref="fl-8e"/>
      </object_component>
      <object_component id="oc-ba">
         <name>.debug_aranges</name>
         <load_address>0x120</load_address>
         <run_address>0x120</run_address>
         <size>0x20</size>
         <input_file_ref idref="fl-92"/>
      </object_component>
      <object_component id="oc-c0">
         <name>.debug_aranges</name>
         <load_address>0x140</load_address>
         <run_address>0x140</run_address>
         <size>0x20</size>
         <input_file_ref idref="fl-2e"/>
      </object_component>
      <object_component id="oc-c6">
         <name>.debug_aranges</name>
         <load_address>0x160</load_address>
         <run_address>0x160</run_address>
         <size>0x20</size>
         <input_file_ref idref="fl-67"/>
      </object_component>
      <object_component id="oc-cd">
         <name>.debug_aranges</name>
         <load_address>0x180</load_address>
         <run_address>0x180</run_address>
         <size>0x20</size>
         <input_file_ref idref="fl-15"/>
      </object_component>
[...]
         <name>UCB1BRW_H</name>
         <value>0x627</value>
      </symbol>
      <symbol id="sm-248">
         <name>UCB1STAT</name>
         <value>0x62a</value>
      </symbol>
      <symbol id="sm-249">
         <name>UCB1RXBUF</name>
         <value>0x62c</value>
      </symbol>
      <symbol id="sm-24a">
         <name>UCB1TXBUF</name>
         <value>0x62e</value>
      </symbol>
      <symbol id="sm-24b">
         <name>UCB1I2COA</name>
         <value>0x630</value>
      </symbol>
      <symbol id="sm-24c">
         <name>UCB1I2COA_L</name>
         <value>0x630</value>
      </symbol>
      <symbol id="sm-24d">
         <name>UCB1I2COA_H</name>
         <value>0x631</value>
      </symbol>
      <symbol id="sm-24e">
         <name>UCB1I2CSA</name>
         <value>0x632</value>
      </symbol>
      <symbol id="sm-24f">
         <name>UCB1I2CSA_L</name>
         <value>0x632</value>
      </symbol>
      <symbol id="sm-250">
         <name>UCB1I2CSA_H</name>
         <value>0x633</value>
      </symbol>
      <symbol id="sm-251">
         <name>UCB1ICTL</name>
         <value>0x63c</value>
      </symbol>
      <symbol id="sm-252">
         <name>UCB1ICTL_L</name>
         <value>0x63c</value>
      </symbol>
      <symbol id="sm-253">
         <name>UCB1ICTL_H</name>
         <value>0x63d</value>
      </symbol>
      <symbol id="sm-254">
         <name>UCB1IV</name>
         <value>0x63e</value>
      </symbol>
      <symbol id="sm-255">
         <name>WDTCTL</name>
         <value>0x15c</value>
      </symbol>
      <symbol id="sm-256">
         <name>WDTCTL_L</name>
         <value>0x15c</value>
      </symbol>
      <symbol id="sm-257">
         <name>WDTCTL_H</name>
         <value>0x15d</value>
      </symbol>
      <symbol id="sm-258">
         <name>__TI_CINIT_Base</name>
         <value>0x5bd4</value>
      </symbol>
      <symbol id="sm-259">
         <name>__TI_CINIT_Limit</name>
         <value>0x5be4</value>
      </symbol>
      <symbol id="sm-25a">
         <name>__TI_Handler_Table_Base</name>
         <value>0x5bb8</value>
      </symbol>
      <symbol id="sm-25b">
         <name>__TI_Handler_Table_Limit</name>
         <value>0x5bc4</value>
      </symbol>
      <symbol id="sm-25c">
         <name>binit</name>
         <value>0xffffffff</value>
      </symbol>
      <symbol id="sm-25d">
         <name>__binit__</name>
         <value>0xffffffff</value>
      </symbol>
      <symbol id="sm-25e">
         <name>__STACK_SIZE</name>
         <value>0xa0</value>
      </symbol>
      <symbol id="sm-25f">
         <name>__STACK_END</name>
         <value>0x4400</value>
      </symbol>
      <symbol id="sm-260">
         <name>__c_args__</name>
         <value>0xffffffff</value>
      </symbol>
      <symbol id="sm-2d9">
         <name>init_bluetooth</name>
         <value>0x55a6</value>
         <object_component_ref idref="oc-13e"/>
      </symbol>
      <symbol id="sm-321">
         <name>__TI_int54</name>
         <value>0xffec</value>
         <object_component_ref idref="oc-7c"/>
      </symbol>
      <symbol id="sm-322">
         <name>ADC_DATA_READY</name>
         <value>0x1cf7</value>
         <object_component_ref idref="oc-14d"/>
      </symbol>
      <symbol id="sm-323">
         <name>ADC12_A_ISR</name>
         <value>0x44c6</value>
         <object_component_ref idref="oc-d1"/>
      </symbol>
      <symbol id="sm-33d">
         <name>NMI_ISR</name>
         <value>0x47bc</value>
         <object_component_ref idref="oc-e9"/>
      </symbol>
      <symbol id="sm-33e">
         <name>__TI_int61</name>
         <value>0xfffa</value>
         <object_component_ref idref="oc-83"/>
      </symbol>
      <symbol id="sm-33f">
         <name>clockValue</name>
         <value>0x1d1a</value>
         <object_component_ref idref="oc-170"/>
      </symbol>
      <symbol id="sm-340">
         <name>status</name>
         <value>0x1d1e</value>
         <object_component_ref idref="oc-170"/>
      </symbol>
      <symbol id="sm-341">
         <name>CYC_SYS_CLK_SetSystemClock</name>
         <value>0x4f0c</value>
         <object_component_ref idref="oc-1ae"/>
      </symbol>
      <symbol id="sm-34a">
         <name>CYC_SYS_GPIO_SetPeripheralPinAsOutput</name>
         <value>0x5b56</value>
         <object_component_ref idref="oc-21e"/>
      </symbol>
      <symbol id="sm-372">
         <name>__TI_int55</name>
         <value>0xffee</value>
         <object_component_ref idref="oc-7d"/>
      </symbol>
      <symbol id="sm-373">
         <name>I2CB0_ISR</name>
         <value>0x4400</value>
         <object_component_ref idref="oc-d7"/>
      </symbol>
      <symbol id="sm-37c">
         <name>CYC_SYS_InitializeTarget</name>
         <value>0x597c</value>
         <object_component_ref idref="oc-138"/>
      </symbol>
      <symbol id="sm-38d">
         <name>CYC_SYS_PWM_InitPWMTimer</name>
         <value>0x5748</value>
         <object_component_ref idref="oc-1cc"/>
      </symbol>
      <symbol id="sm-38e">
         <name>CYC_SYS_PWM_PWMTimer</name>
         <value>0x47fc</value>
         <object_component_ref idref="oc-cb"/>
      </symbol>
      <symbol id="sm-38f">
         <name>__TI_int52</name>
         <value>0xffe8</value>
         <object_component_ref idref="oc-7a"/>
      </symbol>
      <symbol id="sm-398">
         <name>CYC_SYS_RST_StopWatchdog</name>
         <value>0x5b88</value>
         <object_component_ref idref="oc-1a2"/>
      </symbol>
      <symbol id="sm-3bd">
         <name>gasTimerInfo</name>
         <value>0x1c00</value>
      </symbol>
      <symbol id="sm-3be">
         <name>CYC_SYS_TMR_EnableTimer1</name>
         <value>0x5858</value>
         <object_component_ref idref="oc-1ba"/>
      </symbol>
      <symbol id="sm-3bf">
         <name>__TI_int59</name>
         <value>0xfff6</value>
         <object_component_ref idref="oc-81"/>
      </symbol>
      <symbol id="sm-3c0">
         <name>CYC_SYS_TMR_Timer1ISR</name>
         <value>0x4642</value>
         <object_component_ref idref="oc-e3"/>
      </symbol>
      <symbol id="sm-3c1">
         <name>CYC_SYS_TMR_InitTimer1</name>
         <value>0x594a</value>
         <object_component_ref idref="oc-1b4"/>
      </symbol>
      <symbol id="sm-3fd">
         <name>gu8Rx0Buffer</name>
         <value>0x1c7a</value>
      </symbol>
      <symbol id="sm-3fe">
         <name>CYC_SYS_UART_TransmitData</name>
         <value>0x57a8</value>
         <object_component_ref idref="oc-1ee"/>
      </symbol>
      <symbol id="sm-3ff">
         <name>gu8RxData</name>
         <value>0x1d2a</value>
         <object_component_ref idref="oc-128"/>
      </symbol>
      <symbol id="sm-400">
         <name>__TI_int46</name>
         <value>0xffdc</value>
         <object_component_ref idref="oc-6e"/>
      </symbol>
      <symbol id="sm-401">
         <name>__TI_int56</name>
         <value>0xfff0</value>
         <object_component_ref idref="oc-7e"/>
      </symbol>
      <symbol id="sm-402">
         <name>USCI_A0_ISR</name>
         <value>0x4758</value>
         <object_component_ref idref="oc-dd"/>
      </symbol>
      <symbol id="sm-403">
         <name>USCI_A1_ISR</name>
         <value>0x4792</value>
         <object_component_ref idref="oc-a6"/>
      </symbol>
      <symbol id="sm-404">
         <name>CYC_SYS_UART1_Initialize</name>
         <value>0x533c</value>
         <object_component_ref idref="oc-1d3"/>
      </symbol>
      <symbol id="sm-405">
         <name>gu8RxDataCount</name>
         <value>0x1d2b</value>
         <object_component_ref idref="oc-128"/>
      </symbol>
      <symbol id="sm-406">
         <name>CYC_SYS_UART0_Initialize</name>
         <value>0x52b2</value>
         <object_component_ref idref="oc-1c0"/>
      </symbol>
      <symbol id="sm-433">
         <name>P1_ISR</name>
         <value>0x46de</value>
         <object_component_ref idref="oc-ac"/>
      </symbol>
      <symbol id="sm-434">
         <name>__TI_int47</name>
         <value>0xffde</value>
         <object_component_ref idref="oc-6f"/>
      </symbol>
      <symbol id="sm-435">
         <name>__TI_int42</name>
         <value>0xffd4</value>
         <object_component_ref idref="oc-6a"/>
      </symbol>
      <symbol id="sm-436">
         <name>P2_ISR</name>
         <value>0x4588</value>
         <object_component_ref idref="oc-a0"/>
      </symbol>
      <symbol id="sm-437">
         <name>gu8PowerOffMode</name>
         <value>0x1ca2</value>
         <object_component_ref idref="oc-11d"/>
      </symbol>
      <symbol id="sm-438">
         <name>gu8InterruptCount</name>
         <value>0x1cf6</value>
         <object_component_ref idref="oc-11d"/>
      </symbol>
      <symbol id="sm-441">
         <name>ADC12_A_clearInterrupt</name>
         <value>0x5b3e</value>
         <object_component_ref idref="oc-150"/>
      </symbol>
      <symbol id="sm-49e">
         <name>GPIO_setOutputHighOnPin</name>
         <value>0x54ba</value>
         <object_component_ref idref="oc-1e5"/>
      </symbol>
      <symbol id="sm-49f">
         <name>GPIO_setAsOutputPin</name>
         <value>0x50e4</value>
         <object_component_ref idref="oc-1d9"/>
      </symbol>
      <symbol id="sm-4a0">
         <name>GPIO_setOutputLowOnPin</name>
         <value>0x5530</value>
         <object_component_ref idref="oc-1df"/>
      </symbol>
      <symbol id="sm-4a1">
         <name>GPIO_setAsPeripheralModuleFunctionOutputPin</name>
         <value>0x5218</value>
         <object_component_ref idref="oc-273"/>
      </symbol>
      <symbol id="sm-4a2">
         <name>GPIO_setAsPeripheralModuleFunctionInputPin</name>
         <value>0x517e</value>
         <object_component_ref idref="oc-279"/>
      </symbol>
      <symbol id="sm-4c8">
         <name>PMM_setVCore</name>
         <value>0x58da</value>
         <object_component_ref idref="oc-1a8"/>
      </symbol>
      <symbol id="sm-4c9">
         <name>PMM_setVCoreDown</name>
         <value>0x4e12</value>
         <object_component_ref idref="oc-217"/>
      </symbol>
      <symbol id="sm-4ca">
         <name>PMM_setVCoreUp</name>
         <value>0x4802</value>
         <object_component_ref idref="oc-211"/>
      </symbol>
      <symbol id="sm-4da">
         <name>SFR_enableInterrupt</name>
         <value>0x5b98</value>
         <object_component_ref idref="oc-242"/>
      </symbol>
      <symbol id="sm-4db">
         <name>SFR_clearInterrupt</name>
         <value>0x5b60</value>
         <object_component_ref idref="oc-23c"/>
      </symbol>
      <symbol id="sm-567">
         <name>UCS_clearAllOscFlagsWithTimeout</name>
         <value>0x59d8</value>
         <object_component_ref idref="oc-16a"/>
      </symbol>
      <symbol id="sm-568">
         <name>UCS_XT2ClockFrequency</name>
         <value>0x1d26</value>
         <object_component_ref idref="oc-2c0"/>
      </symbol>
      <symbol id="sm-569">
         <name>UCS_XT1ClockFrequency</name>
         <value>0x1d22</value>
         <object_component_ref idref="oc-2c0"/>
      </symbol>
      <symbol id="sm-56a">
         <name>UCS_LFXT1Start</name>
         <value>0x53c4</value>
         <object_component_ref idref="oc-22a"/>
      </symbol>
      <symbol id="sm-56b">
         <name>UCS_initFLLSettle</name>
         <value>0x5914</value>
         <object_component_ref idref="oc-236"/>
      </symbol>
      <symbol id="sm-56c">
         <name>UCS_clockSignalInit</name>
         <value>0x4d06</value>
         <object_component_ref idref="oc-230"/>
      </symbol>
      <symbol id="sm-56d">
         <name>UCS_setExternalClockSource</name>
         <value>0x5ae8</value>
         <object_component_ref idref="oc-224"/>
      </symbol>
      <symbol id="sm-56e">
         <name>UCS_initFLL</name>
         <value>0x4ac0</value>
         <object_component_ref idref="oc-2c6"/>
      </symbol>
      <symbol id="sm-56f">
         <name>UCS_getSMCLK</name>
         <value>0x5a90</value>
         <object_component_ref idref="oc-24e"/>
      </symbol>
      <symbol id="sm-570">
         <name>UCS_getACLK</name>
         <value>0x5a26</value>
         <object_component_ref idref="oc-254"/>
      </symbol>
      <symbol id="sm-571">
         <name>UCS_getMCLK</name>
         <value>0x5acc</value>
         <object_component_ref idref="oc-248"/>
      </symbol>
      <symbol id="sm-5ac">
         <name>USCI_UART_transmitData</name>
         <value>0x5b74</value>
         <object_component_ref idref="oc-2a6"/>
      </symbol>
      <symbol id="sm-5ad">
         <name>USCI_UART_receiveData</name>
         <value>0x5b90</value>
         <object_component_ref idref="oc-122"/>
      </symbol>
      <symbol id="sm-5ae">
         <name>USCI_UART_enableInterrupt</name>
         <value>0x5a00</value>
         <object_component_ref idref="oc-291"/>
      </symbol>
      <symbol id="sm-5af">
         <name>USCI_UART_clearInterruptFlag</name>
         <value>0x5b4a</value>
         <object_component_ref idref="oc-28b"/>
      </symbol>
      <symbol id="sm-5b0">
         <name>USCI_UART_queryStatusFlags</name>
         <value>0x5b6a</value>
         <object_component_ref idref="oc-2ac"/>
      </symbol>
      <symbol id="sm-5b1">
         <name>USCI_UART_enable</name>
         <value>0x5b9e</value>
         <object_component_ref idref="oc-285"/>
      </symbol>
      <symbol id="sm-5b2">
         <name>USCI_UART_initAdvance</name>
         <value>0x5000</value>
         <object_component_ref idref="oc-27f"/>
      </symbol>
      <symbol id="sm-5bf">
         <name>CYC_IO_LEDS_IntializeLEDs</name>
         <value>0x5ab0</value>
         <object_component_ref idref="oc-1c6"/>
      </symbol>
      <symbol id="sm-5ce">
         <name>main</name>
         <value>0x56e6</value>
         <object_component_ref idref="oc-be"/>
      </symbol>
      <symbol id="sm-5df">
         <name>_c_int00_noexit</name>
         <value>0x47e2</value>
         <object_component_ref idref="oc-72"/>
      </symbol>
      <symbol id="sm-5e0">
         <name>_c_int00</name>
         <value>0x47e2</value>
         <object_component_ref idref="oc-72"/>
      </symbol>
      <symbol id="sm-5e1">
         <name>_stack</name>
         <value>0x4360</value>
         <object_component_ref idref="oc-97"/>
      </symbol>
      <symbol id="sm-5e2">
         <name>_reset_vector</name>
         <value>0xfffe</value>
         <object_component_ref idref="oc-9a"/>
      </symbol>
      <symbol id="sm-5f8">
         <name>__TI_decompress_none</name>
         <value>0x5b2c</value>
         <object_component_ref idref="oc-85"/>
      </symbol>
      <symbol id="sm-61a">
         <name>__TI_decompress_rle24</name>
         <value>0x5baa</value>
         <object_component_ref idref="oc-91"/>
      </symbol>
      <symbol id="sm-62d">
         <name>__TI_zero_init</name>
         <value>0x5a4a</value>
         <object_component_ref idref="oc-8b"/>
      </symbol>
      <symbol id="sm-639">
         <name>__mspabi_remi</name>
         <value>0x59ac</value>
         <object_component_ref idref="oc-2f8"/>
      </symbol>
      <symbol id="sm-63a">
         <name>__mspabi_divi</name>
         <value>0x59ac</value>
         <object_component_ref idref="oc-2f8"/>
      </symbol>
      <symbol id="sm-644">
         <name>__mspabi_remu</name>
         <value>0x5b02</value>
         <object_component_ref idref="oc-307"/>
      </symbol>
      <symbol id="sm-645">
         <name>__mspabi_divu</name>
         <value>0x5b02</value>
         <object_component_ref idref="oc-307"/>
      </symbol>
      <symbol id="sm-651">
         <name>__mspabi_remli</name>
         <value>0x589a</value>
         <object_component_ref idref="oc-2f3"/>
      </symbol>
      <symbol id="sm-652">
         <name>__mspabi_divli</name>
         <value>0x589a</value>
         <object_component_ref idref="oc-2f3"/>
      </symbol>
      <symbol id="sm-660">
         <name>__mspabi_remul</name>
         <value>0x5800</value>
         <object_component_ref idref="oc-26a"/>
      </symbol>
      <symbol id="sm-661">
         <name>__mspabi_divul</name>
         <value>0x5800</value>
         <object_component_ref idref="oc-26a"/>
      </symbol>
      <symbol id="sm-66b">
         <name>C$$EXIT</name>
         <value>0x5bb4</value>
         <object_component_ref idref="oc-c4"/>
      </symbol>
      <symbol id="sm-66c">
         <name>abort</name>
         <value>0x5bb4</value>
         <object_component_ref idref="oc-c4"/>
      </symbol>
      <symbol id="sm-67a">
         <name>__TI_int41</name>
         <value>0xffd2</value>
         <object_component_ref idref="oc-69"/>
      </symbol>
      <symbol id="sm-67d">
         <name>__TI_int43</name>
         <value>0xffd6</value>
         <object_component_ref idref="oc-6b"/>
      </symbol>
      <symbol id="sm-680">
         <name>__TI_int44</name>
         <value>0xffd8</value>
         <object_component_ref idref="oc-6c"/>
      </symbol>
      <symbol id="sm-683">
         <name>__TI_int45</name>
         <value>0xffda</value>
         <object_component_ref idref="oc-6d"/>
      </symbol>
      <symbol id="sm-686">
         <name>__TI_int48</name>
         <value>0xffe0</value>
         <object_component_ref idref="oc-70"/>
      </symbol>
      <symbol id="sm-689">
         <name>__TI_int49</name>
         <value>0xffe2</value>
         <object_component_ref idref="oc-71"/>
      </symbol>
      <symbol id="sm-68c">
         <name>__TI_int50</name>
         <value>0xffe4</value>
         <object_component_ref idref="oc-78"/>
      </symbol>
      <symbol id="sm-68f">
         <name>__TI_int51</name>
         <value>0xffe6</value>
         <object_component_ref idref="oc-79"/>
      </symbol>
      <symbol id="sm-692">
         <name>__TI_int53</name>
         <value>0xffea</value>
         <object_component_ref idref="oc-7b"/>
      </symbol>
      <symbol id="sm-695">
         <name>__TI_int57</name>
         <value>0xfff2</value>
         <object_component_ref idref="oc-7f"/>
      </symbol>
      <symbol id="sm-698">
         <name>__TI_int58</name>
         <value>0xfff4</value>
         <object_component_ref idref="oc-80"/>
      </symbol>
      <symbol id="sm-69b">
         <name>__TI_int60</name>
         <value>0xfff8</value>
         <object_component_ref idref="oc-82"/>
      </symbol>
      <symbol id="sm-69e">
         <name>__TI_int62</name>
         <value>0xfffc</value>
         <object_component_ref idref="oc-84"/>
      </symbol>
      <symbol id="sm-6a6">
         <name>__TI_ISR_TRAP</name>
         <value>0x5ba4</value>
         <object_component_ref idref="oc-9b"/>
      </symbol>
      <symbol id="sm-6b0">
         <name>__mspabi_slli</name>
         <value>0x5b7e</value>
         <object_component_ref idref="oc-118"/>
      </symbol>
      <symbol id="sm-6c2">
         <name>memcpy</name>
         <value>0x5b18</value>
         <object_component_ref idref="oc-ef"/>
      </symbol>
      <symbol id="sm-6ce">
         <name>__mspabi_mpyl_f5hw</name>
         <value>0x5a6e</value>
         <object_component_ref idref="oc-300"/>
      </symbol>
      <symbol id="sm-6d8">
         <name>_system_pre_init</name>
         <value>0x5bb0</value>
         <object_component_ref idref="oc-b2"/>
      </symbol>
      <symbol id="sm-6f2">
         <name>_auto_init_hold_wdt</name>
         <value>0x5616</value>
         <object_component_ref idref="oc-b8"/>
      </symbol>
      <symbol id="sm-6f4">
         <name>__TI_exit</name>
         <value>0x1</value>
      </symbol>
      <symbol id="sm-6f5">
         <name>__TI_args_main</name>
         <value>0x1</value>
      </symbol>
      <symbol id="sm-6f6">
         <name>__TI_INITARRAY_Base</name>
         <value>0x0</value>
      </symbol>
      <symbol id="sm-6f7">
         <name>__TI_INITARRAY_Limit</name>
         <value>0x0</value>
      </symbol>
   </symbol_table>
   <title>Link successful</title>
</link_info>
