******************************************************************************
                  MSP430 Linker PC v4.3.3                      
******************************************************************************
>> Linked Fri Oct 24 19:43:07 2014

OUTPUT FILE NAME:   <Demo_KEY_LED_BLE.out>
ENTRY POINT SYMBOL: "_c_int00"  address: 0000582e


MEMORY CONFIGURATION

         name            origin    length      used     unused   attr    fill
----------------------  --------  ---------  --------  --------  ----  --------
  SFR                   00000000   00000010  00000000  00000010  RWIX
  PERIPHERALS_8BIT      00000010   000000f0  00000000  000000f0  RWIX
  PERIPHERALS_16BIT     00000100   00000100  00000000  00000100  RWIX
  INFOD                 00001800   00000080  00000000  00000080  RWIX
  INFOC                 00001880   00000080  00000000  00000080  RWIX
  INFOB                 00001900   00000080  00000000  00000080  RWIX
  INFOA                 00001980   00000080  00000000  00000080  RWIX
  RAM                   00001c00   00002800  00000ebb  00001945  RWIX
  FLASH                 00004400   0000bb80  0000151e  0000a662  RWIX
  INT00                 0000ff80   00000002  00000000  00000002  RWIX
  INT01                 0000ff82   00000002  00000000  00000002  RWIX
  INT02                 0000ff84   00000002  00000000  00000002  RWIX
  INT03                 0000ff86   00000002  00000000  00000002  RWIX
  INT04                 0000ff88   00000002  00000000  00000002  RWIX
  INT05                 0000ff8a   00000002  00000000  00000002  RWIX
  INT06                 0000ff8c   00000002  00000000  00000002  RWIX
  INT07                 0000ff8e   00000002  00000000  00000002  RWIX
  INT08                 0000ff90   00000002  00000000  00000002  RWIX
  INT09                 0000ff92   00000002  00000000  00000002  RWIX
  INT10                 0000ff94   00000002  00000000  00000002  RWIX
  INT11                 0000ff96   00000002  00000000  00000002  RWIX
  INT12                 0000ff98   00000002  00000000  00000002  RWIX
  INT13                 0000ff9a   00000002  00000000  00000002  RWIX
  INT14                 0000ff9c   00000002  00000000  00000002  RWIX
  INT15                 0000ff9e   00000002  00000000  00000002  RWIX
  INT16                 0000ffa0   00000002  00000000  00000002  RWIX
  INT17                 0000ffa2   00000002  00000000  00000002  RWIX
  INT18                 0000ffa4   00000002  00000000  00000002  RWIX
  INT19                 0000ffa6   00000002  00000000  00000002  RWIX
  INT20                 0000ffa8   00000002  00000000  00000002  RWIX
  INT21                 0000ffaa   00000002  00000000  00000002  RWIX
  INT22                 0000ffac   00000002  00000000  00000002  RWIX
  INT23                 0000ffae   00000002  00000000  00000002  RWIX
  INT24                 0000ffb0   00000002  00000000  00000002  RWIX
  INT25                 0000ffb2   00000002  00000000  00000002  RWIX
  INT26                 0000ffb4   00000002  00000000  00000002  RWIX
  INT27                 0000ffb6   00000002  00000000  00000002  RWIX
  INT28                 0000ffb8   00000002  00000000  00000002  RWIX
  INT29                 0000ffba   00000002  00000000  00000002  RWIX
  INT30                 0000ffbc   00000002  00000000  00000002  RWIX
  INT31                 0000ffbe   00000002  00000000  00000002  RWIX
  INT32                 0000ffc0   00000002  00000000  00000002  RWIX
  INT33                 0000ffc2   00000002  00000000  00000002  RWIX
  INT34                 0000ffc4   00000002  00000000  00000002  RWIX
  INT35                 0000ffc6   00000002  00000000  00000002  RWIX
  INT36                 0000ffc8   00000002  00000000  00000002  RWIX
  INT37                 0000ffca   00000002  00000000  00000002  RWIX
  INT38                 0000ffcc   00000002  00000000  00000002  RWIX
  INT39                 0000ffce   00000002  00000000  00000002  RWIX
  INT40                 0000ffd0   00000002  00000000  00000002  RWIX
  INT41                 0000ffd2   00000002  00000002  00000000  RWIX
  INT42                 0000ffd4   00000002  00000002  00000000  RWIX
  INT43                 0000ffd6   00000002  00000002  00000000  RWIX
  INT44                 0000ffd8   00000002  00000002  00000000  RWIX
  INT45                 0000ffda   00000002  00000002  00000000  RWIX
  INT46                 0000ffdc   00000002  00000002  00000000  RWIX
  INT47                 0000ffde   00000002  00000002  00000000  RWIX
  INT48                 0000ffe0   00000002  00000002  00000000  RWIX
  INT49                 0000ffe2   00000002  00000002  00000000  RWIX
  INT50                 0000ffe4   00000002  00000002  00000000  RWIX
  INT51                 0000ffe6   00000002  00000002  00000000  RWIX
  INT52                 0000ffe8   00000002  00000002  00000000  RWIX
  INT53                 0000ffea   00000002  00000002  00000000  RWIX
  INT54                 0000ffec   00000002  00000002  00000000  RWIX
  INT55                 0000ffee   00000002  00000002  00000000  RWIX
  INT56                 0000fff0   00000002  00000002  00000000  RWIX
  INT57                 0000fff2   00000002  00000002  00000000  RWIX
  INT58                 0000fff4   00000002  00000002  00000000  RWIX
  INT59                 0000fff6   00000002  00000002  00000000  RWIX
  INT60                 0000fff8   00000002  00000002  00000000  RWIX
  INT61                 0000fffa   00000002  00000002  00000000  RWIX
  INT62                 0000fffc   00000002  00000002  00000000  RWIX
  RESET                 0000fffe   00000002  00000002  00000000  RWIX
  FLASH2                00010000   00014400  0000b16e  00009292  RWIX


SECTION ALLOCATION MAP

 output                                  attributes/
section   page    origin      length       input sections
--------  ----  ----------  ----------   ----------------
.init_array 
*          0    00004400    00000000     UNINITIALIZED

.bss       0    00001c00    00000879     UNINITIALIZED
                  00001c00    00000106     (.common:tcu_spp_connect_event)
                  00001d06    00000102     (.common:tcu_mng_pin_request_event)
                  00001e08    00000100     (.common:au8SendBuff)
                  00001f08    00000100     (.common:cSPP_DATA_RECEIVE_buff)
                  00002008    00000100     (.common:rxUARTbuff)
                  00002108    000000a0     (.common:__TI_tmpnams)
                  000021a8    0000005a     (.common:gasTimerInfo)
                  00002202    0000004a     (.common:stMPInit)
                  0000224c    00000028     (.common:eventArray)
                  00002274    00000024     (.common:tcu_mng_discover_remote_device_result_event)
                  00002298    00000020     (.common:Timer_Array)
                  000022b8    00000020     (.common:gu8Rx0Buffer)
                  000022d8    0000001c     (.common:tcu_mng_connection_status_event)
                  000022f4    0000001a     (.common:mpu)
                  0000230e    0000001a     (.common:mpu_data)
                  00002328    0000001a     (.common:stMyCharacteristic)
                  00002342    00000018     (.common:stConnectInfo)
                  0000235a    00000018     (.common:tcu_mng_discover_remote_service_event)
                  00002372    00000016     (.common:tcu_mng_ssp_info_event)
                  00002388    0000000e     (.common:stDevIdService)
                  00002396    0000000e     (.common:stGAPService)
                  000023a4    0000000e     (.common:stMyService)
                  000023b2    0000000c     (.common:eventQueue)
                  000023be    0000000c     (.common:tcu_mng_connection_request_event)
                  000023ca    0000000c     (.common:tcu_packet_format)
                  000023d6    0000000a     (.common:tcu_mng_init_req)
                  000023e0    0000000a     (.common:tcu_mng_init_resp)
                  000023ea    0000000a     (.common:tcu_mng_pin_write_resp)
                  000023f4    0000000a     (.common:tcu_spp_disconnect_event)
                  000023fe    00000008     (.common:parmbuf)
                  00002406    00000008     (.common:tcu_event)
                  0000240e    00000008     (.common:tcu_spp_data_receive_event)
                  00002416    00000006     (.common:tcu_mng_tcu_accept)
                  0000241c    00000004     (.common:__TI_cleanup_ptr)
                  00002420    00000004     (.common:__TI_dtors_ptr)
                  00002424    00000004     (.common:err)
                  00002428    00000004     (.common:hci_event)
                  0000242c    00000004     (.common:pCharDescUpdCallback)
                  00002430    00000004     (.common:pCharValUpdCallback)
                  00002434    00000004     (.common:pUpdMultiCallback)
                  00002438    00000004     (.common:pt_hci_event)
                  0000243c    00000004     (.common:spsTimer1Info)
                  00002440    00000004     (.common:sys_base)
                  00002444    00000004     (.common:sys_free)
                  00002448    00000004     (.common:tcu_mng_connection_accept_resp)
                  0000244c    00000004     (.common:tcu_mng_set_scan_resp)
                  00002450    00000004     (.common:tcu_mng_standard_hci_set_resp)
                  00002454    00000004     (.common:tcu_mng_tcu_non_accept)
                  00002458    00000004     (.common:tcu_spp_line_notify_event)
                  0000245c    00000004     (.common:tcu_spp_setup_resp)
                  00002460    00000004     (.common:tcu_spp_shutdown_resp)
                  00002464    00000004     (.common:tcu_spp_uuid_assign_resp)
                  00002468    00000002     (.common:FSM_State)
                  0000246a    00000002     (.common:TimerActiveFlags)
                  0000246c    00000002     (.common:TimerEventFlags)
                  0000246e    00000002     (.common:gReceivePacketCountINT)
                  00002470    00000002     (.common:intrruptCount)
                  00002472    00000002     (.common:mainError)
                  00002474    00000002     (.common:mainEvent)
                  00002476    00000002     (.common:memsize)
                  00002478    00000001     (.common:lastButtonStatus)

.TI.noinit 
*          0    00001c00    00000000     UNINITIALIZED

.data      0    0000247a    000002a2     UNINITIALIZED
                  0000247a    000000c8     rts430x_lc_rd_eabi.lib : defs.obj (.data:_ftable)
                  00002542    00000078                            : lowlev.obj (.data:_device)
                  000025ba    00000057     msp430_interrupt.obj (.data)
                  00002611    00000001     CYC_IO_KEYS.obj (.data)
                  00002612    0000003c     rts430x_lc_rd_eabi.lib : lowlev.obj (.data:_stream)
                  0000264e    00000036     inv_mpu.obj (.data)
                  00002684    00000018     CYC_SYS_I2C.obj (.data)
                  0000269c    00000014     CYC_BBU_APP_Demo_v3.obj (.data:my_data)
                  000026b0    00000014     my_profile.obj (.data:my_data)
                  000026c4    00000010     inv_mpu_dmp_motion_driver.obj (.data)
                  000026d4    0000000c     CYC_IO_MOTS_Config.obj (.data)
                  000026e0    00000009     CYC_IO_MOTS_Config.obj (.data:gyro_orientation)
                  000026e9    00000001     CYC_SYS_ADC.obj (.data)
                  000026ea    00000008     CYC_SYS_Clock.obj (.data)
                  000026f2    00000008     rts430x_lc_rd_eabi.lib : _lock.obj (.data)
                  000026fa    00000008     ucs.obj (.data)
                  00002702    00000005     my_profile_demo.obj (.data)
                  00002707    00000004     CYC_BBU_APP_Demo_v3.obj (.data)
                  0000270b    00000001     bt_uart_INT.obj (.data)
                  0000270c    00000004     ble_api.obj (.data)
                  00002710    00000004     my_profile.obj (.data)
                  00002714    00000002     CYC_SYS_UART.obj (.data)
                  00002716    00000002     bt_spp_drv.obj (.data)
                  00002718    00000002     rts430x_lc_rd_eabi.lib : defs.obj (.data)
                  0000271a    00000002                            : memory.obj (.data)

.TI.persistent 
*          0    0000247a    00000000     UNINITIALIZED

.sysmem    0    0000271c    00000140     UNINITIALIZED
                  0000271c    00000006     rts430x_lc_rd_eabi.lib : memory.obj (.sysmem)
                  00002722    0000013a     --HOLE--

.cio       0    0000285c    00000120     UNINITIALIZED
                  0000285c    00000120     rts430x_lc_rd_eabi.lib : trgmsg.obj (.cio)

.stack     0    000042c0    00000140     UNINITIALIZED
                  000042c0    00000004     rts430x_lc_rd_eabi.lib : boot.obj (.stack)
                  000042c4    0000013c     --HOLE--

.const     0    00004400    00001048     
                  00004400    00000bf6     inv_mpu_dmp_motion_driver.obj (.const:.string:dmp_memory)
                  00004ff6    0000011c     le_gatt_command.obj (.const)
                  00005112    00000101     rts430x_lc_rd_eabi.lib : ctype.obj (.const:.string:_ctypes_)
                  00005213    00000001     --HOLE-- [fill = 0]
                  00005214    000000f2     bt_hci_drv.obj (.const:.string:Patch_RF_LE_PARAM13)
                  00005306    00000066     inv_mpu.obj (.const)
                  0000536c    0000002c     my_profile.obj (.const:.string)
                  00005398    00000024     rts430x_lc_rd_eabi.lib : _printfi.obj (.const:.string)
                  000053bc    0000001a     CYC_IO_MOTS_Config.obj (.const)
                  000053d6    0000000f     bt_hci_drv.obj (.const:.string:Patch_RF_LE_PARAM14)
                  000053e5    00000001     --HOLE-- [fill = 0]
                  000053e6    0000000d     bt_hci_drv.obj (.const:.string:Patch_RF_LE_PARAM15)
                  000053f3    00000001     --HOLE-- [fill = 0]
                  000053f4    0000000c     inv_mpu_dmp_motion_driver.obj (.const:.string:$P$T4$5)
                  00005400    0000000c     bt_spp_api.obj (.const:.string:Device_Name)
                  0000540c    00000009     inv_mpu_dmp_motion_driver.obj (.const:.string:$P$T5$6)
                  00005415    00000001     --HOLE-- [fill = 0]
                  00005416    00000009     inv_mpu_dmp_motion_driver.obj (.const:.string:$P$T6$7)
                  0000541f    00000001     --HOLE-- [fill = 0]
                  00005420    00000007     my_profile_demo.obj (.const:.string:$P$T0$2)
                  00005427    00000001     --HOLE-- [fill = 0]
                  00005428    00000007     my_profile_demo.obj (.const:.string:$P$T1$3)
                  0000542f    00000001     --HOLE-- [fill = 0]
                  00005430    00000006     bt_spp_api.obj (.const:.string:BD_ADDR)
                  00005436    00000003     inv_mpu_dmp_motion_driver.obj (.const:.string:$P$T0$1)
                  00005439    00000001     --HOLE-- [fill = 0]
                  0000543a    00000003     inv_mpu_dmp_motion_driver.obj (.const:.string:$P$T1$2)
                  0000543d    00000001     --HOLE-- [fill = 0]
                  0000543e    00000003     inv_mpu_dmp_motion_driver.obj (.const:.string:$P$T2$3)
                  00005441    00000001     --HOLE-- [fill = 0]
                  00005442    00000003     inv_mpu_dmp_motion_driver.obj (.const:.string:$P$T3$4)
                  00005445    00000001     --HOLE-- [fill = 0]
                  00005446    00000002     inv_mpu_dmp_motion_driver.obj (.const)

.text:_isr 
*          0    00005448    00000404     
                  00005448    000000c6     CYC_SYS_I2C.obj (.text:_isr:I2CB0_ISR)
                  0000550e    000000c2     CYC_SYS_ADC.obj (.text:_isr:ADC12_A_ISR)
                  000055d0    000000ba     msp430_interrupt.obj (.text:_isr:P2_ISR)
                  0000568a    0000009c     CYC_SYS_Timer.obj (.text:_isr:CYC_SYS_TMR_Timer1ISR)
                  00005726    0000007e     msp430_interrupt.obj (.text:_isr:P1_ISR)
                  000057a4    0000003a     CYC_SYS_UART.obj (.text:_isr:USCI_A0_ISR)
                  000057de    0000002a     CYC_SYS_UART.obj (.text:_isr:USCI_A1_ISR)
                  00005808    00000026     CYC_SYS_Clock.obj (.text:_isr:NMI_ISR)
                  0000582e    0000001c     rts430x_lc_rd_eabi.lib : boot.obj (.text:_isr:_c_int00_noargs)
                  0000584a    00000002     CYC_SYS_PWM.obj (.text:_isr:CYC_SYS_PWM_PWMTimer)

.cinit     0    0000584c    000000d2     
                  0000584c    000000a1     (.cinit..data.load) [load image, compression = rle]
                  000058ed    00000001     --HOLE-- [fill = 0]
                  000058ee    0000000c     (__TI_handler_table)
                  000058fa    00000006     (.cinit..bss.load) [load image, compression = zero_init]
                  00005900    00000006     (.cinit..cio.load) [load image, compression = zero_init]
                  00005906    00000018     (__TI_cinit_table)

RTC        0    0000ffd2    00000002     
                  0000ffd2    00000002     rts430x_lc_rd_eabi.lib : int41.obj (.int41)

PORT2      0    0000ffd4    00000002     
                  0000ffd4    00000002     msp430_interrupt.obj (.int42)

TIMER2_A1 
*          0    0000ffd6    00000002     
                  0000ffd6    00000002     rts430x_lc_rd_eabi.lib : int43.obj (.int43)

TIMER2_A0 
*          0    0000ffd8    00000002     
                  0000ffd8    00000002     rts430x_lc_rd_eabi.lib : int44.obj (.int44)

USCI_B1    0    0000ffda    00000002     
                  0000ffda    00000002     rts430x_lc_rd_eabi.lib : int45.obj (.int45)

USCI_A1    0    0000ffdc    00000002     
                  0000ffdc    00000002     CYC_SYS_UART.obj (.int46)

PORT1      0    0000ffde    00000002     
                  0000ffde    00000002     msp430_interrupt.obj (.int47)

TIMER1_A1 
*          0    0000ffe0    00000002     
                  0000ffe0    00000002     rts430x_lc_rd_eabi.lib : int48.obj (.int48)

TIMER1_A0 
*          0    0000ffe2    00000002     
                  0000ffe2    00000002     rts430x_lc_rd_eabi.lib : int49.obj (.int49)

DMA        0    0000ffe4    00000002     
                  0000ffe4    00000002     rts430x_lc_rd_eabi.lib : int50.obj (.int50)

LDO_PWR    0    0000ffe6    00000002     
                  0000ffe6    00000002     rts430x_lc_rd_eabi.lib : int51.obj (.int51)

TIMER0_A1 
*          0    0000ffe8    00000002     
                  0000ffe8    00000002     CYC_SYS_PWM.obj (.int52)

TIMER0_A0 
*          0    0000ffea    00000002     
                  0000ffea    00000002     rts430x_lc_rd_eabi.lib : int53.obj (.int53)

ADC12      0    0000ffec    00000002     
                  0000ffec    00000002     CYC_SYS_ADC.obj (.int54)

USCI_B0    0    0000ffee    00000002     
                  0000ffee    00000002     CYC_SYS_I2C.obj (.int55)

USCI_A0    0    0000fff0    00000002     
                  0000fff0    00000002     CYC_SYS_UART.obj (.int56)

WDT        0    0000fff2    00000002     
                  0000fff2    00000002     rts430x_lc_rd_eabi.lib : int57.obj (.int57)

TIMER0_B1 
*          0    0000fff4    00000002     
                  0000fff4    00000002     rts430x_lc_rd_eabi.lib : int58.obj (.int58)

TIMER0_B0 
*          0    0000fff6    00000002     
                  0000fff6    00000002     CYC_SYS_Timer.obj (.int59)

COMP_B     0    0000fff8    00000002     
                  0000fff8    00000002     rts430x_lc_rd_eabi.lib : int60.obj (.int60)

UNMI       0    0000fffa    00000002     
                  0000fffa    00000002     CYC_SYS_Clock.obj (.int61)

SYSNMI     0    0000fffc    00000002     
                  0000fffc    00000002     rts430x_lc_rd_eabi.lib : int62.obj (.int62)

.reset     0    0000fffe    00000002     
                  0000fffe    00000002     rts430x_lc_rd_eabi.lib : boot.obj (.reset)

.text      0    00010000    0000b16e     
                  00010000    00000520     bt_uart_INT.obj (.text:processPaketTCU)
                  00010520    00000452     rts430x_lc_rd_eabi.lib : frcdivd.obj (.text:__TI_frcdivd)
                  00010972    0000038e                            : llmath.obj (.text:__mspabi_divull)
                  00010d00    000002e4                            : frcmpyd.obj (.text:__TI_frcmpyd)
                  00010fe4    000002e0     inv_mpu_dmp_motion_driver.obj (.text:dmp_read_fifo)
                  000112c4    000002d8     rts430x_lc_rd_eabi.lib : addd.obj (.text:__mspabi_addd)
                  0001159c    00000282                            : mpyd.obj (.text:__mspabi_mpyd)
                  0001181e    00000256                            : _printfi.obj (.text:_setfield)
                  00011a74    00000254     bt_uart_INT.obj (.text:processPaketHCI)
                  00011cc8    00000252     rts430x_lc_rd_eabi.lib : frcaddd.obj (.text:__TI_frcaddd)
                  00011f1a    0000022c                            : _printfi.obj (.text:ecvt)
                  00012146    00000226     inv_mpu_dmp_motion_driver.obj (.text:dmp_enable_feature)
                  0001236c    00000222     rts430x_lc_rd_eabi.lib : divd.obj (.text:__mspabi_divd)
                  0001258e    0000021a                            : _printfi.obj (.text:fcvt)
                  000127a8    0000020c     inv_mpu.obj (.text:setup_compass)
                  000129b4    00000202     rts430x_lc_rd_eabi.lib : _printfi.obj (.text:__TI_printfi)
                  00012bb6    00000202     CYC_BBU_APP_Demo_v3.obj (.text:led_color_changer)
                  00012db8    000001f8     rts430x_lc_rd_eabi.lib : _printfi.obj (.text:_pproc_fge)
                  00012fb0    000001d4     inv_mpu.obj (.text:mpu_reset_fifo)
                  00013184    000001aa     rts430x_lc_rd_eabi.lib : _printfi.obj (.text:_pconv_e)
                  0001332e    0000019e     inv_mpu_dmp_motion_driver.obj (.text:dmp_set_tap_thresh)
                  000134cc    0000019c     CYC_IO_MOTS_Config.obj (.text:CYC_IO_MOTS_Init)
                  00013668    0000019a     inv_mpu_dmp_motion_driver.obj (.text:dmp_set_orientation)
                  00013802    00000188     rts430x_lc_rd_eabi.lib : _printfi.obj (.text:_getarg_diouxp)
                  0001398a    00000188     my_profile.obj (.text:eMPStartAdvertising)
                  00013b12    00000182     pmm.obj (.text:PMM_setVCoreUp)
                  00013c94    00000182     CYC_BBU_APP_Demo_v3.obj (.text:RunControllerFSM)
                  00013e16    00000178     bt_spp_api.obj (.text:BT_hci_init)
                  00013f8e    00000154     inv_mpu.obj (.text:mpu_init)
                  000140e2    00000154     inv_mpu.obj (.text:mpu_set_sensors)
                  00014236    0000014c     rts430x_lc_rd_eabi.lib : _printfi.obj (.text:_pproc_diouxp)
                  00014382    0000013e     ble_api.obj (.text:eBleSrv_RegisterPrimaryService)
                  000144c0    0000013c     inv_mpu.obj (.text:mpu_set_bypass)
                  000145fc    0000013c     ucs.obj (.text:privateUCSSourceClockFromDCO)
                  00014738    00000138     ble_api.obj (.text:eBleExtractDataEventGattSer)
                  00014870    00000134     ble_api.obj (.text:eBleSrv_AddCharacteristic)
                  000149a4    00000130     my_profile_demo.obj (.text:my_profile_DEMO)
                  00014ad4    00000128     ucs.obj (.text:UCS_initFLL)
                  00014bfc    0000011e     ucs.obj (.text:privateUCSComputeCLKFrequency)
                  00014d1a    00000114     le_gatt_command.obj (.text:eSetLeStartAdvertise_Req)
                  00014e2e    0000010e     my_profile.obj (.text:MPMainRoutine)
                  00014f3c    0000010e     le_gatt_command.obj (.text:eGetLeMngConnComplete_Event)
                  0001504a    0000010c     ucs.obj (.text:UCS_clockSignalInit)
                  00015156    0000010c     rts430x_lc_rd_eabi.lib : _printfi.obj (.text:_pconv_g)
                  00015262    0000010a     inv_mpu.obj (.text:mpu_lp_accel_mode)
                  0001536c    00000102     rts430x_lc_rd_eabi.lib : _printfi.obj (.text:_ltostr)
                  0001546e    000000fe     bt_error.obj (.text:errorCode)
                  0001556c    000000fa     pmm.obj (.text:PMM_setVCoreDown)
                  00015666    000000fa     rts430x_lc_rd_eabi.lib : _printfi.obj (.text:_pproc_fwp)
                  00015760    000000f8     CYC_SYS_ADC.obj (.text:CYC_SYS_ADC_Init)
                  00015858    000000f6     bt_uart_INT.obj (.text:bt_uart_manager)
                  0001594e    000000f4     CYC_SYS_Clock.obj (.text:CYC_SYS_CLK_SetSystemClock)
                  00015a42    000000f0     rts430x_lc_rd_eabi.lib : fputs.obj (.text:fputs)
                  00015b32    000000e4     usci_uart.obj (.text:USCI_UART_initAdvance)
                  00015c16    000000e4     my_profile.obj (.text:eMPAddGAPDevName_Appearance_Service)
                  00015cfa    000000e0     my_profile.obj (.text:eMPAdd_controller_Service)
                  00015dda    000000e0     rts430x_lc_rd_eabi.lib : setvbuf.obj (.text:setvbuf)
                  00015eba    000000d8                            : cmpd.obj (.text:__mspabi_cmpd)
                  00015f92    000000d8     msp430_interrupt.obj (.text:msp430_reg_int_cb)
                  0001606a    000000c2     inv_mpu.obj (.text:mpu_load_firmware)
                  0001612c    000000c2     inv_mpu.obj (.text:mpu_read_fifo_stream)
                  000161ee    000000c0     le_gatt_command.obj (.text:eSetSdbGattAddCharacterEle_Req)
                  000162ae    000000be     gpio.obj (.text:GPIO_setAsInputPin)
                  0001636c    000000ba     ble_api.obj (.text:eBleSrv_ReadMultiEventHndlr)
                  00016426    000000ba     ble_api.obj (.text:eBleSrv_WriteCharDescriptorHndlr)
                  000164e0    000000ba     ble_api.obj (.text:eBleSrv_WriteCharValueHndlr)
                  0001659a    000000ba     rts430x_lc_rd_eabi.lib : memory.obj (.text:malloc)
                  00016654    000000b8     CYC_SYS_I2C.obj (.text:CYC_SYS_I2CB0_Enable)
                  0001670c    000000b6     rts430x_lc_rd_eabi.lib : fs_mpy.obj (.text)
                  000167c2    000000b2                            : renormd.obj (.text:__TI_renormd)
                  00016874    000000b2     inv_mpu.obj (.text:mpu_set_sample_rate)
                  00016926    000000b0     CYC_SYS_I2C.obj (.text:CYC_SYS_I2CB0_Read)
                  000169d6    000000b0     CYC_SYS_I2C.obj (.text:CYC_SYS_I2CB0_Write)
                  00016a86    000000ae     CYC_SYS_ADC.obj (.text:Read_ADC_Voltage)
                  00016b34    000000a8     rts430x_lc_rd_eabi.lib : _printfi.obj (.text:_pproc_str)
                  00016bdc    000000a8     ble_api.obj (.text:eBleSrv_ReadCharDescriptorHndlr)
                  00016c84    000000a8     ble_api.obj (.text:eBleSrv_ReadCharValHndlr)
                  00016d2c    000000a6     bt_hci_drv.obj (.text:hci_M2_SET_DeepSleep)
                  00016dd2    000000a0     CYC_SYS_UART.obj (.text:CYC_SYS_UART1_Initialize)
                  00016e72    0000009e     rts430x_lc_rd_eabi.lib : trgdrv.obj (.text:HOSTlseek)
                  00016f10    0000009a     gpio.obj (.text:GPIO_setAsOutputPin)
                  00016faa    0000009a     gpio.obj (.text:GPIO_setAsPeripheralModuleFunctionInputPin)
                  00017044    0000009a     gpio.obj (.text:GPIO_setAsPeripheralModuleFunctionOutputPin)
                  000170de    00000098     CYC_IO_JSTK.obj (.text:CYC_IO_JSTK_ReadJoystickData)
                  00017176    00000094     rts430x_lc_rd_eabi.lib : fltlid.obj (.text:__mspabi_fltlid)
                  0001720a    00000092     le_gatt_command.obj (.text:eGetServerGattWriteCharDesc_Event)
                  0001729c    00000092     le_gatt_command.obj (.text:eGetServerGattWriteCharVal_Event)
                  0001732e    00000092     le_gatt_command.obj (.text:eGetServerGattWriteWithoutRespCmd_Event)
                  000173c0    00000090     rts430x_lc_rd_eabi.lib : fputc.obj (.text:fputc)
                  00017450    0000008e     ble_api.obj (.text:eBleSrv_AddIncludeToSvc)
                  000174de    0000008e     rts430x_lc_rd_eabi.lib : memory.obj (.text:free)
                  0001756c    0000008e                            : fs_div.obj (.text)
                  000175fa    0000008a     CYC_SYS_UART.obj (.text:CYC_SYS_UART0_Initialize)
                  00017684    0000008a     ble_api.obj (.text:eBleWaitForSpecificEvent)
                  0001770e    00000088     rts430x_lc_rd_eabi.lib : _printfi.obj (.text:_div)
                  00017796    00000088                            : _printfi.obj (.text:_ecpy)
                  0001781e    00000088     le_gatt_command.obj (.text:eGetServerGattReadMulti_Event)
                  000178a6    00000082     ble_api.obj (.text:eBleSrv_SendNotification)
                  00017928    00000082     my_profile.obj (.text:eMPInitialise)
                  000179aa    00000080     CYC_IO_MOTS_Config.obj (.text:get_mpu_data)
                  00017a2a    00000080     rts430x_lc_rd_eabi.lib : ltoa.obj (.text:ltoa)
                  00017aaa    00000080     inv_mpu.obj (.text:mpu_set_dmp_state)
                  00017b2a    0000007e     ucs.obj (.text:UCS_LFXT1Start)
                  00017ba8    0000007e     rts430x_lc_rd_eabi.lib : _io_perm.obj (.text:__TI_wrt_ok)
                  00017c26    0000007e                            : _printfi.obj (.text:_mcpy)
                  00017ca4    0000007e                            : _printfi.obj (.text:_pconv_f)
                  00017d22    0000007e     inv_mpu.obj (.text:mpu_set_gyro_fsr)
                  00017da0    0000007c     ble_api.obj (.text:eBleSrv_ClientMtuExchangeHndlr)
                  00017e1c    0000007c     inv_mpu.obj (.text:mpu_set_lpf)
                  00017e98    0000007a     Event_Handler.obj (.text:RunEventHandler)
                  00017f12    0000007a     inv_mpu.obj (.text:mpu_read_mem)
                  00017f8c    0000007a     inv_mpu.obj (.text:mpu_write_mem)
                  00018006    00000078     ble_api.obj (.text:eBleDeviceSrv_Init)
                  0001807e    00000078     my_profile.obj (.text:eMPAddDevIdentService)
                  000180f6    00000078     inv_mpu.obj (.text:mpu_set_accel_fsr)
                  0001816e    00000078     gpio.obj (.text:privateGPIOGetBaseAddress)
                  000181e6    00000076     gpio.obj (.text:GPIO_setOutputHighOnPin)
                  0001825c    00000076     gpio.obj (.text:GPIO_setOutputLowOnPin)
                  000182d2    00000076     le_gatt_command.obj (.text:eSetSdbGattAddCharacterDecl_Req)
                  00018348    00000074     rts430x_lc_rd_eabi.lib : trgdrv.obj (.text:HOSTrename)
                  000183bc    00000074     inv_mpu_dmp_motion_driver.obj (.text:dmp_set_fifo_rate)
                  00018430    00000074     inv_mpu.obj (.text:set_int_enable)
                  000184a4    00000072     bt_mng_drv.obj (.text:tcu_MNG_INIT_REQ)
                  00018516    00000070     rts430x_lc_rd_eabi.lib : fclose.obj (.text:__TI_closefile)
                  00018586    0000006e                            : trgdrv.obj (.text:HOSTopen)
                  000185f4    0000006e                            : autoinit.obj (.text:_auto_init_hold_wdt)
                  00018662    0000006e     le_gatt_command.obj (.text:eGetServerGattExgMtuAccept_Resp)
                  000186d0    0000006c     CYC_SYS_UART.obj (.text:CYC_SYS_UART_TransmitData)
                  0001873c    0000006c     gpio.obj (.text:GPIO_getInputPinValue)
                  000187a8    0000006c     le_gatt_command.obj (.text:eSetServerGattCharValNotification_Req)
                  00018814    0000006a     rts430x_lc_rd_eabi.lib : trgdrv.obj (.text:HOSTwrite)
                  0001887e    0000006a     le_gatt_command.obj (.text:eSetSdbGattAddInclSvc_Req)
                  000188e8    0000006a     le_gatt_command.obj (.text:eSetSdbGattUpdateCharacterEle_Req)
                  00018952    0000006a     rts430x_lc_rd_eabi.lib : fseek.obj (.text:fseek)
                  000189bc    00000068                            : trgdrv.obj (.text:HOSTread)
                  00018a24    00000068                            : fixdul.obj (.text:__mspabi_fixdul)
                  00018a8c    00000066                            : fixdli.obj (.text:__mspabi_fixdli)
                  00018af2    00000066     ble_api.obj (.text:eBleExtractDataEventMng)
                  00018b58    00000066     le_gatt_command.obj (.text:eSetServerGattReadMultiAccept_Req)
                  00018bbe    00000066     inv_mpu.obj (.text:mpu_configure_fifo)
                  00018c24    00000064     rts430x_lc_rd_eabi.lib : fflush.obj (.text:__TI_doflush)
                  00018c88    00000064     le_gatt_command.obj (.text:eGetServerGattExgMtu_Event)
                  00018cec    00000064     msp430_interrupt.obj (.text:msp430_int_enable)
                  00018d50    00000062     rts430x_lc_rd_eabi.lib : copy_decompress_rle.obj (.text:__TI_decompress_rle_core)
                  00018db2    00000062                            : atoi.obj (.text:atoi)
                  00018e14    00000060     CYC_SYS_PWM.obj (.text:CYC_SYS_PWM_InitPWMTimer)
                  00018e74    00000060     inv_mpu.obj (.text:mpu_set_int_latched)
                  00018ed4    0000005e     le_gatt_command.obj (.text:eGetServerGattReadCharDescriptor_Event)
                  00018f32    0000005e     le_gatt_command.obj (.text:eGetServerGattReadCharVal_Event)
                  00018f90    0000005e     le_gatt_command.obj (.text:eSetServerGattReadCharValAccept_Resp)
                  00018fee    0000005c     ble_api.obj (.text:eBleSrv_AddPrimServiceAttributes)
                  0001904a    0000005a     rts430x_lc_rd_eabi.lib : mult64_f5hw.obj (.text:__mpyll)
                  000190a4    0000005a                            : lowlev.obj (.text:close)
                  000190fe    0000005a     le_gatt_command.obj (.text:eGetLeDisconnect_Event)
                  00019158    0000005a     le_gatt_command.obj (.text:eSetLeMngInit_Req)
                  000191b2    0000005a     le_gatt_command.obj (.text:eSetSdbGattAddPrimaryService_Req)
                  0001920c    0000005a     rts430x_lc_rd_eabi.lib : lowlev.obj (.text:getdevice)
                  00019266    0000005a     inv_mpu.obj (.text:mpu_set_compass_sample_rate)
                  000192c0    00000058     adc12_a.obj (.text:ADC12_A_init)
                  00019318    00000058     rts430x_lc_rd_eabi.lib : div32u.obj (.text)
                  00019370    00000056     gpio.obj (.text:GPIO_interruptEdgeSelect)
                  000193c6    00000056     inv_mpu_dmp_motion_driver.obj (.text:dmp_set_shake_reject_thresh)
                  0001941c    00000052     CYC_SYS_PWM.obj (.text:CYC_SYS_PWM_SetDutyCycle)
                  0001946e    00000052     ble_api.obj (.text:eBlePerif_StartAdv)
                  000194c0    00000050     rts430x_lc_rd_eabi.lib : xdclass.obj (.text:_Dclass)
                  00019510    00000050     inv_mpu_dmp_motion_driver.obj (.text:decode_gesture)
                  00019560    0000004e     rts430x_lc_rd_eabi.lib : _printfi.obj (.text:_fcpy)
                  000195ae    0000004e     le_gatt_command.obj (.text:eGetSdbGattAddCharacterDecl_Resp)
                  000195fc    0000004e     le_gatt_command.obj (.text:eGetSdbGattAddCharacterEle_Resp)
                  0001964a    0000004e     bt_hci_drv.obj (.text:hci_Get_Version)
                  00019698    0000004e     bluetooth.obj (.text:init_bluetooth)
                  000196e6    0000004c     rts430x_lc_rd_eabi.lib : trgdrv.obj (.text:HOSTclose)
                  00019732    0000004c     ble_api.obj (.text:eBleSrv_GetEndGroupHandle)
                  0001977e    0000004c     le_gatt_command.obj (.text:eGetSdbGattAddInclSvc_Resp)
                  000197ca    0000004c     le_gatt_command.obj (.text:eGetSdbGattAddPrimaryService_Resp)
                  00019816    0000004c     le_gatt_command.obj (.text:eGetSdbGattReturnEndGroupHandle_Resp)
                  00019862    0000004c     le_gatt_command.obj (.text:eGetServerGattReadCharDescriptorAccept_Resp)
                  000198ae    0000004c     le_gatt_command.obj (.text:eGetServerGattReadMultiAccept_Resp)
                  000198fa    0000004c     le_gatt_command.obj (.text:eGetServerGattWriteCharDespAccept_Resp)
                  00019946    0000004c     le_gatt_command.obj (.text:eGetServerGattWriteCharValAccept_Resp)
                  00019992    0000004a     CYC_IO_KEYS.obj (.text:CYC_IO_KEYS_InitializeUserButtons)
                  000199dc    0000004a     rts430x_lc_rd_eabi.lib : printf.obj (.text:printf)
                  00019a26    00000048     inv_mpu_dmp_motion_driver.obj (.text:dmp_enable_gyro_cal)
                  00019a6e    00000048     le_gatt_command.obj (.text:eGetServerGattExgMtuAccept_Req)
                  00019ab6    00000048     le_gatt_command.obj (.text:eSetServerGattReadCharDescriptorAccept_Req)
                  00019afe    00000048     le_gatt_command.obj (.text:eSetServerGattReadCharValAccept_Req)
                  00019b46    00000048     le_gatt_command.obj (.text:eSetServerGattWriteCharDescAccept_Req)
                  00019b8e    00000048     le_gatt_command.obj (.text:eSetServerGattWriteCharValAccept_Req)
                  00019bd6    00000046     CYC_IO_KEYS.obj (.text:CYC_IO_KEYS_ReadUserButtonsStatus)
                  00019c1c    00000046     rts430x_lc_rd_eabi.lib : trgdrv.obj (.text:HOSTunlink)
                  00019c62    00000046                            : _printfi.obj (.text:_pproc_fflags)
                  00019ca8    00000046     le_gatt_command.obj (.text:eGetServerGattValIndication_Event)
                  00019cee    00000046     rts430x_lc_rd_eabi.lib : fs_tou.obj (.text)
                  00019d34    00000044     gpio.obj (.text:GPIO_clearInterruptFlag)
                  00019d78    00000044     gpio.obj (.text:GPIO_enableInterrupt)
                  00019dbc    00000044     Event_Handler.obj (.text:GetEventFromQueue)
                  00019e00    00000044     inv_mpu_dmp_motion_driver.obj (.text:dmp_enable_6x_lp_quat)
                  00019e44    00000044     inv_mpu_dmp_motion_driver.obj (.text:dmp_enable_lp_quat)
                  00019e88    00000044     le_gatt_command.obj (.text:eGetLeAccept_Ack)
                  00019ecc    00000042     CYC_SYS_Timer.obj (.text:CYC_SYS_TMR_EnableTimer1)
                  00019f0e    00000042     rts430x_lc_rd_eabi.lib : memory.obj (.text:minit)
                  00019f50    00000040     adc12_a.obj (.text:ADC12_A_disableInterrupt)
                  00019f90    00000040     adc12_a.obj (.text:ADC12_A_enableInterrupt)
                  00019fd0    00000040     CYC_SYS_Init.obj (.text:CYC_SYS_InitializeTarget)
                  0001a010    00000040     inv_mpu.obj (.text:mpu_get_accel_fsr)
                  0001a050    00000040     rts430x_lc_rd_eabi.lib : div32s.obj (.text)
                  0001a090    0000003e     CYC_SYS_Timer.obj (.text:CYC_SYS_TMR_DelayInMilliSeconds)
                  0001a0ce    0000003e     ble_api.obj (.text:eBleSrv_UpdateCharacteristic)
                  0001a10c    0000003e     bt_hci_drv.obj (.text:hci_Write_BD_ADDR)
                  0001a14a    0000003e     rts430x_lc_rd_eabi.lib : asr32.obj (.text:l_asr_const)
                  0001a188    0000003e                            : lsl32.obj (.text:l_lsl_const)
                  0001a1c6    0000003e                            : lsr32.obj (.text:l_lsr_const)
                  0001a204    0000003e                            : lowlev.obj (.text:lseek)
                  0001a242    0000003c                            : lowlev.obj (.text:write)
                  0001a27e    0000003a     pmm.obj (.text:PMM_setVCore)
                  0001a2b8    0000003a     CYC_IO_KEYS.obj (.text:ReadAllButtons)
                  0001a2f2    0000003a     rts430x_lc_rd_eabi.lib : llmath.obj (.text:__mspabi_sllll)
                  0001a32c    0000003a                            : llmath.obj (.text:__mspabi_srlll)
                  0001a366    0000003a     le_gatt_command.obj (.text:eGetLeMngInit_Resp)
                  0001a3a0    0000003a     my_profile.obj (.text:transmit_bluetooth_packet)
                  0001a3da    00000038     Event_Handler.obj (.text:AddEventToQueue)
                  0001a412    00000038     ble_api.obj (.text:eBleExtractData)
                  0001a44a    00000038     le_gatt_command.obj (.text:eGetServerGattValNotify_Event)
                  0001a482    00000036     ucs.obj (.text:UCS_initFLLSettle)
                  0001a4b8    00000036     rts430x_lc_rd_eabi.lib : fopen.obj (.text:__TI_cleanup)
                  0001a4ee    00000036                            : trgmsg.obj (.text:__TI_writemsg)
                  0001a524    00000034     inv_mpu_dmp_motion_driver.obj (.text:dmp_set_tap_axes)
                  0001a558    00000034     le_gatt_command.obj (.text:eSetSdbGattReturnEndGroupHandle_Req)
                  0001a58c    00000032     adc12_a.obj (.text:ADC12_A_startConversion)
                  0001a5be    00000032     CYC_SYS_Timer.obj (.text:CYC_SYS_TMR_InitTimer1)
                  0001a5f0    00000032     rts430x_lc_rd_eabi.lib : trgmsg.obj (.text:__TI_readmsg)
                  0001a622    00000032                            : subd.obj (.text:__mspabi_subd)
                  0001a654    00000032     bt_hci_drv.obj (.text:hci_SET_MODE)
                  0001a686    00000032     rts430x_lc_rd_eabi.lib : strncpy.obj (.text:strncpy)
                  0001a6b8    00000030                            : lowlev.obj (.text:unlink)
                  0001a6e8    0000002e     CYC_SYS_Timer.obj (.text:InitTimer)
                  0001a716    0000002e     rts430x_lc_rd_eabi.lib : negd.obj (.text:__mspabi_negd)
                  0001a744    0000002e                            : exit.obj (.text:exit)
                  0001a772    0000002e                            : lowlev.obj (.text:finddevice)
                  0001a7a0    0000002e     le_gatt_command.obj (.text:vCopyArrayParams)
                  0001a7ce    0000002c     ble_api.obj (.text:eBleApiInit)
                  0001a7fa    0000002c     le_gatt_command.obj (.text:eSendData)
                  0001a826    0000002c     rts430x_lc_rd_eabi.lib : div16s.obj (.text)
                  0001a852    0000002a     adc12_a.obj (.text:ADC12_A_memoryConfigure)
                  0001a87c    00000028     adc12_a.obj (.text:ADC12_A_setupSamplingTimer)
                  0001a8a4    00000028     ucs.obj (.text:UCS_clearAllOscFlagsWithTimeout)
                  0001a8cc    00000028     inv_mpu_dmp_motion_driver.obj (.text:dmp_set_tap_count)
                  0001a8f4    00000028     CYC_BBU_APP_Demo_v3.obj (.text:main)
                  0001a91c    00000026     usci_uart.obj (.text:USCI_UART_enableInterrupt)
                  0001a942    00000026     inv_mpu_dmp_motion_driver.obj (.text:dmp_set_shake_reject_time)
                  0001a968    00000026     inv_mpu_dmp_motion_driver.obj (.text:dmp_set_shake_reject_timeout)
                  0001a98e    00000026     inv_mpu_dmp_motion_driver.obj (.text:dmp_set_tap_time)
                  0001a9b4    00000026     inv_mpu_dmp_motion_driver.obj (.text:dmp_set_tap_time_multi)
                  0001a9da    00000026     le_gatt_command.obj (.text:eGetSdbGattUpdateCharacterEle_Resp)
                  0001aa00    00000026     le_gatt_command.obj (.text:eGetServerGattInit_Resp)
                  0001aa26    00000026     rts430x_lc_rd_eabi.lib : memcmp.obj (.text:memcmp)
                  0001aa4c    00000026     le_gatt_command.obj (.text:u16SetCmdHeaderUserLen)
                  0001aa72    00000024     ucs.obj (.text:UCS_getACLK)
                  0001aa96    00000024     rts430x_lc_rd_eabi.lib : copy_zero_init.obj (.text:decompress:ZI:__TI_zero_init)
                  0001aaba    00000024     le_gatt_command.obj (.text:eGetLeDisableAdvertise_Resp)
                  0001aade    00000024     le_gatt_command.obj (.text:eGetLeStartAdvertise_Resp)
                  0001ab02    00000024     rts430x_lc_rd_eabi.lib : fs_utof.obj (.text)
                  0001ab26    00000022     CYC_SYS_GPIO.obj (.text:CYC_SYS_GPIO_GetInputPinStatus)
                  0001ab48    00000022     CYC_SYS_I2C.obj (.text:CYC_SYS_I2CB0_Disable)
                  0001ab6a    00000022     bt_hci_drv.obj (.text:hci_RESET)
                  0001ab8c    00000022     rts430x_lc_rd_eabi.lib : mult32_f5hw.obj (.text)
                  0001abae    00000022     le_gatt_command.obj (.text:u16AutoSetCmdHeader)
                  0001abd0    00000022     ble_api.obj (.text:vAppCallback)
                  0001abf2    00000022     le_gatt_command.obj (.text:vWrite2Array_16)
                  0001ac14    00000020     CYC_IO_KEYS.obj (.text:CYC_IO_KEYS_ReadNavButtonStatus)
                  0001ac34    00000020     CYC_SYS_Timer.obj (.text:CYC_SYS_TMR_GetClockMs)
                  0001ac54    00000020     CYC_BBU_APP_Demo_v3.obj (.text:InitSeebrightController)
                  0001ac74    00000020     ucs.obj (.text:UCS_getSMCLK)
                  0001ac94    00000020     le_gatt_command.obj (.text:eIsCmdMatching)
                  0001acb4    00000020     bt_hci_drv.obj (.text:hci_Patch13_RF_LE_param)
                  0001acd4    00000020     bt_hci_drv.obj (.text:hci_Patch14_RF_LE_param)
                  0001acf4    00000020     bt_hci_drv.obj (.text:hci_Patch15_RF_LE_param)
                  0001ad14    00000020     rts430x_lc_rd_eabi.lib : memccpy.obj (.text:memccpy)
                  0001ad34    0000001e     CYC_IO_KEYS.obj (.text:CYC_IO_KEYS_ReadTriggerButtonStatus)
                  0001ad52    0000001c     CYC_IO_LEDS.obj (.text:CYC_IO_LEDS_IntializeLEDs)
                  0001ad6e    0000001c     ucs.obj (.text:UCS_getMCLK)
                  0001ad8a    0000001c     my_profile.obj (.text:eUpdateMulti)
                  0001ada6    0000001c     rts430x_lc_rd_eabi.lib : strcmp.obj (.text:strcmp)
                  0001adc2    0000001a     ucs.obj (.text:UCS_setExternalClockSource)
                  0001addc    0000001a     le_gatt_command.obj (.text:eSetServerGattInit_Req)
                  0001adf6    0000001a     rts430x_lc_rd_eabi.lib : strchr.obj (.text:strchr)
                  0001ae10    00000018     Event_Handler.obj (.text:InitQueue)
                  0001ae28    00000018     inv_mpu_dmp_motion_driver.obj (.text:dmp_load_motion_driver_firmware)
                  0001ae40    00000018     my_profile.obj (.text:eUpdateCharValue)
                  0001ae58    00000016     adc12_a.obj (.text:ADC12_A_setResolution)
                  0001ae6e    00000016     CYC_SYS_Timer.obj (.text:IsTimerExpired)
                  0001ae84    00000016     rts430x_lc_rd_eabi.lib : memchr.obj (.text:memchr)
                  0001ae9a    00000016                            : memset.obj (.text:memset)
                  0001aeb0    00000016                            : div16u.obj (.text)
                  0001aec6    00000016                            : mult16_f5hw.obj (.text)
                  0001aedc    00000014     adc12_a.obj (.text:ADC12_A_setDataReadBackFormat)
                  0001aef0    00000014     CYC_SYS_Timer.obj (.text:ClearTimerExpiredFlag)
                  0001af04    00000014     ble_api.obj (.text:eBleRegisterCallback_CharDescUpdate)
                  0001af18    00000014     ble_api.obj (.text:eBleRegisterCallback_CharValUpdate)
                  0001af2c    00000014     ble_api.obj (.text:eBleRegisterCallback_MultiUpdate)
                  0001af40    00000014     ble_api.obj (.text:eBleRegisterCallback_UnexpEvnt)
                  0001af54    00000014     rts430x_lc_rd_eabi.lib : memcpy.obj (.text:memcpy)
                  0001af68    00000014     ble_api.obj (.text:vSmartProcessPacket)
                  0001af7c    00000012     rts430x_lc_rd_eabi.lib : fixdu.obj (.text:__mspabi_fixdu)
                  0001af8e    00000012                            : copy_decompress_none.obj (.text:decompress:none:__TI_decompress_none)
                  0001afa0    00000012                            : strcpy.obj (.text:strcpy)
                  0001afb2    00000012                            : toupper.obj (.text:toupper)
                  0001afc4    00000012     le_gatt_command.obj (.text:vWrite2Array_8)
                  0001afd6    00000010     adc12_a.obj (.text:ADC12_A_getResults)
                  0001afe6    00000010     rts430x_lc_rd_eabi.lib : asr32.obj (.text:l_asr)
                  0001aff6    00000010                            : lsl32.obj (.text:l_lsl)
                  0001b006    00000010                            : lsr32.obj (.text:l_lsr)
                  0001b016    0000000e     bt_uart_INT.obj (.text:send_tx)
                  0001b024    0000000e     rts430x_lc_rd_eabi.lib : strlen.obj (.text:strlen)
                  0001b032    0000000e     CYC_IO_MOTS_Config.obj (.text:tap_cb)
                  0001b040    0000000c     adc12_a.obj (.text:ADC12_A_clearInterrupt)
                  0001b04c    0000000c     CYC_IO_KEYS.obj (.text:CYC_IO_KEYS_InitializeNavButton)
                  0001b058    0000000c     Event_Handler.obj (.text:InitEventHandler)
                  0001b064    0000000c     usci_uart.obj (.text:USCI_UART_clearInterruptFlag)
                  0001b070    0000000c     ble_api.obj (.text:eBleSrv_ClientConnRequestHndlr)
                  0001b07c    0000000c     le_gatt_command.obj (.text:vSetCmdLength)
                  0001b088    0000000a     CYC_IO_KEYS.obj (.text:CYC_IO_KEYS_InitializeTriggerButton)
                  0001b092    0000000a     CYC_SYS_GPIO.obj (.text:CYC_SYS_GPIO_InterruptEdgeSelect)
                  0001b09c    0000000a     CYC_SYS_GPIO.obj (.text:CYC_SYS_GPIO_SetAsInputPin)
                  0001b0a6    0000000a     CYC_SYS_GPIO.obj (.text:CYC_SYS_GPIO_SetPeripheralPinAsInput)
                  0001b0b0    0000000a     CYC_SYS_GPIO.obj (.text:CYC_SYS_GPIO_SetPeripheralPinAsOutput)
                  0001b0ba    0000000a     sfr.obj (.text:SFR_clearInterrupt)
                  0001b0c4    0000000a     usci_uart.obj (.text:USCI_UART_queryStatusFlags)
                  0001b0ce    0000000a     usci_uart.obj (.text:USCI_UART_transmitData)
                  0001b0d8    0000000a     rts430x_lc_rd_eabi.lib : abs.obj (.text:abs)
                  0001b0e2    0000000a     CYC_IO_MOTS_Config.obj (.text:gyro_data_ready_cb)
                  0001b0ec    0000000a     rts430x_lc_rd_eabi.lib : lsl16.obj (.text)
                  0001b0f6    0000000a                            : lsr16.obj (.text)
                  0001b100    00000008     adc12_a.obj (.text:ADC12_A_enable)
                  0001b108    00000008     CYC_SYS_Reset.obj (.text:CYC_SYS_RST_StopWatchdog)
                  0001b110    00000008     usci_uart.obj (.text:USCI_UART_receiveData)
                  0001b118    00000008     inv_mpu_dmp_motion_driver.obj (.text:dmp_register_android_orient_cb)
                  0001b120    00000008     inv_mpu_dmp_motion_driver.obj (.text:dmp_register_tap_cb)
                  0001b128    00000006     msp430_interrupt.obj (.text:ClearMPU_9250InterruptFlag)
                  0001b12e    00000006     msp430_interrupt.obj (.text:GetMPU_9250FlagStatus)
                  0001b134    00000006     sfr.obj (.text:SFR_enableInterrupt)
                  0001b13a    00000006     usci_uart.obj (.text:USCI_UART_enable)
                  0001b140    00000006     rts430x_lc_rd_eabi.lib : isr_trap.obj (.text:__TI_ISR_TRAP)
                  0001b146    00000006                            : printf.obj (.text:_outc)
                  0001b14c    00000006                            : copy_decompress_rle.obj (.text:decompress:rle24:__TI_decompress_rle24)
                  0001b152    00000006     ble_api.obj (.text:eBleExtractDataEventGattCli)
                  0001b158    00000004     rts430x_lc_rd_eabi.lib : printf.obj (.text:_outs)
                  0001b15c    00000004                            : pre_init.obj (.text:_system_pre_init)
                  0001b160    00000004                            : exit.obj (.text:abort)
                  0001b164    00000004     my_profile.obj (.text:eUpdateCharDescriptor)
                  0001b168    00000002     rts430x_lc_rd_eabi.lib : _lock.obj (.text:_nop)
                  0001b16a    00000002     CYC_IO_MOTS_Config.obj (.text:android_orient_cb)
                  0001b16c    00000002     my_profile.obj (.text:vPrintUnexpectedCMD)


LINKER GENERATED COPY TABLES

__TI_cinit_table @ 00005906 records: 3, size/record: 8, table size: 24
	.data: load addr=0000584c, load size=000000a1 bytes, run addr=0000247a, run size=000002a2 bytes, compression=rle
	.bss: load addr=000058fa, load size=00000006 bytes, run addr=00001c00, run size=00000879 bytes, compression=zero_init
	.cio: load addr=00005900, load size=00000006 bytes, run addr=0000285c, run size=00000120 bytes, compression=zero_init


LINKER GENERATED HANDLER TABLE

__TI_handler_table @ 000058ee records: 3, size/record: 4, table size: 12
	index: 0, handler: __TI_zero_init
	index: 1, handler: __TI_decompress_rle24
	index: 2, handler: __TI_decompress_none


GLOBAL SYMBOLS: SORTED ALPHABETICALLY BY Name 

address    name
--------   ----
00000700   ADC12CTL0
00000701   ADC12CTL0_H
00000700   ADC12CTL0_L
00000702   ADC12CTL1
00000703   ADC12CTL1_H
00000702   ADC12CTL1_L
00000704   ADC12CTL2
00000705   ADC12CTL2_H
00000704   ADC12CTL2_L
0000070c   ADC12IE
0000070d   ADC12IE_H
0000070c   ADC12IE_L
0000070a   ADC12IFG
0000070b   ADC12IFG_H
0000070a   ADC12IFG_L
0000070e   ADC12IV
0000070f   ADC12IV_H
0000070e   ADC12IV_L
00000710   ADC12MCTL0
00000711   ADC12MCTL1
0000071a   ADC12MCTL10
0000071b   ADC12MCTL11
0000071c   ADC12MCTL12
0000071d   ADC12MCTL13
0000071e   ADC12MCTL14
0000071f   ADC12MCTL15
00000712   ADC12MCTL2
00000713   ADC12MCTL3
00000714   ADC12MCTL4
00000715   ADC12MCTL5
00000716   ADC12MCTL6
00000717   ADC12MCTL7
00000718   ADC12MCTL8
00000719   ADC12MCTL9
00000720   ADC12MEM0
00000721   ADC12MEM0_H
00000720   ADC12MEM0_L
00000722   ADC12MEM1
00000734   ADC12MEM10
00000735   ADC12MEM10_H
00000734   ADC12MEM10_L
00000736   ADC12MEM11
00000737   ADC12MEM11_H
00000736   ADC12MEM11_L
00000738   ADC12MEM12
00000739   ADC12MEM12_H
00000738   ADC12MEM12_L
0000073a   ADC12MEM13
0000073b   ADC12MEM13_H
0000073a   ADC12MEM13_L
0000073c   ADC12MEM14
0000073d   ADC12MEM14_H
0000073c   ADC12MEM14_L
0000073e   ADC12MEM15
0000073f   ADC12MEM15_H
0000073e   ADC12MEM15_L
00000723   ADC12MEM1_H
00000722   ADC12MEM1_L
00000724   ADC12MEM2
00000725   ADC12MEM2_H
00000724   ADC12MEM2_L
00000726   ADC12MEM3
00000727   ADC12MEM3_H
00000726   ADC12MEM3_L
00000728   ADC12MEM4
00000729   ADC12MEM4_H
00000728   ADC12MEM4_L
0000072a   ADC12MEM5
0000072b   ADC12MEM5_H
0000072a   ADC12MEM5_L
0000072c   ADC12MEM6
0000072d   ADC12MEM6_H
0000072c   ADC12MEM6_L
0000072e   ADC12MEM7
0000072f   ADC12MEM7_H
0000072e   ADC12MEM7_L
00000730   ADC12MEM8
00000731   ADC12MEM8_H
00000730   ADC12MEM8_L
00000732   ADC12MEM9
00000733   ADC12MEM9_H
00000732   ADC12MEM9_L
0000550e   ADC12_A_ISR
0001b040   ADC12_A_clearInterrupt
00019f50   ADC12_A_disableInterrupt
0001b100   ADC12_A_enable
00019f90   ADC12_A_enableInterrupt
0001afd6   ADC12_A_getResults
000192c0   ADC12_A_init
0001a852   ADC12_A_memoryConfigure
0001aedc   ADC12_A_setDataReadBackFormat
0001ae58   ADC12_A_setResolution
0001a87c   ADC12_A_setupSamplingTimer
0001a58c   ADC12_A_startConversion
000026e9   ADC_DATA_READY
0001a3da   AddEventToQueue
00005430   BD_ADDR
00002716   BT_Mode
00013e16   BT_hci_init
0001b160   C$$EXIT
0001a520   C$$IO$$
000008c0   CBCTL0
000008c1   CBCTL0_H
000008c0   CBCTL0_L
000008c2   CBCTL1
000008c3   CBCTL1_H
000008c2   CBCTL1_L
000008c4   CBCTL2
000008c5   CBCTL2_H
000008c4   CBCTL2_L
000008c6   CBCTL3
000008c7   CBCTL3_H
000008c6   CBCTL3_L
000008cc   CBINT
000008cd   CBINT_H
000008cc   CBINT_L
000008ce   CBIV
00002712   CONNECTED
00000150   CRCDI
00000152   CRCDIRB
00000153   CRCDIRB_H
00000152   CRCDIRB_L
00000151   CRCDI_H
00000150   CRCDI_L
00000154   CRCINIRES
00000155   CRCINIRES_H
00000154   CRCINIRES_L
00000156   CRCRESR
00000157   CRCRESR_H
00000156   CRCRESR_L
000170de   CYC_IO_JSTK_ReadJoystickData
0001b04c   CYC_IO_KEYS_InitializeNavButton
0001b088   CYC_IO_KEYS_InitializeTriggerButton
00019992   CYC_IO_KEYS_InitializeUserButtons
0001ac14   CYC_IO_KEYS_ReadNavButtonStatus
0001ad34   CYC_IO_KEYS_ReadTriggerButtonStatus
00019bd6   CYC_IO_KEYS_ReadUserButtonsStatus
0001ad52   CYC_IO_LEDS_IntializeLEDs
000134cc   CYC_IO_MOTS_Init
00015760   CYC_SYS_ADC_Init
0001594e   CYC_SYS_CLK_SetSystemClock
0001ab26   CYC_SYS_GPIO_GetInputPinStatus
0001b092   CYC_SYS_GPIO_InterruptEdgeSelect
0001b09c   CYC_SYS_GPIO_SetAsInputPin
0001b0a6   CYC_SYS_GPIO_SetPeripheralPinAsInput
0001b0b0   CYC_SYS_GPIO_SetPeripheralPinAsOutput
0001ab48   CYC_SYS_I2CB0_Disable
00016654   CYC_SYS_I2CB0_Enable
00016926   CYC_SYS_I2CB0_Read
000169d6   CYC_SYS_I2CB0_Write
00019fd0   CYC_SYS_InitializeTarget
00018e14   CYC_SYS_PWM_InitPWMTimer
0000584a   CYC_SYS_PWM_PWMTimer
0001941c   CYC_SYS_PWM_SetDutyCycle
0001b108   CYC_SYS_RST_StopWatchdog
0001a090   CYC_SYS_TMR_DelayInMilliSeconds
00019ecc   CYC_SYS_TMR_EnableTimer1
0001ac34   CYC_SYS_TMR_GetClockMs
0001a5be   CYC_SYS_TMR_InitTimer1
0000568a   CYC_SYS_TMR_Timer1ISR
000175fa   CYC_SYS_UART0_Initialize
00016dd2   CYC_SYS_UART1_Initialize
000186d0   CYC_SYS_UART_TransmitData
0001b128   ClearMPU_9250InterruptFlag
0001aef0   ClearTimerExpiredFlag
0000270b   DATA_FROM_BLUETOOTH_UART
00000510   DMA0CTL
00000511   DMA0CTL_H
00000510   DMA0CTL_L
00000516   DMA0DA
00000516   DMA0DAL
00000512   DMA0SA
00000512   DMA0SAL
0000051a   DMA0SZ
00000520   DMA1CTL
00000521   DMA1CTL_H
00000520   DMA1CTL_L
00000526   DMA1DA
00000526   DMA1DAL
00000522   DMA1SA
00000522   DMA1SAL
0000052a   DMA1SZ
00000530   DMA2CTL
00000531   DMA2CTL_H
00000530   DMA2CTL_L
00000536   DMA2DA
00000536   DMA2DAL
00000532   DMA2SA
00000532   DMA2SAL
0000053a   DMA2SZ
00000500   DMACTL0
00000501   DMACTL0_H
00000500   DMACTL0_L
00000502   DMACTL1
00000503   DMACTL1_H
00000502   DMACTL1_L
00000504   DMACTL2
00000505   DMACTL2_H
00000504   DMACTL2_L
00000506   DMACTL3
00000507   DMACTL3_H
00000506   DMACTL3_L
00000508   DMACTL4
00000509   DMACTL4_H
00000508   DMACTL4_L
0000050e   DMAIV
0000050f   DMAIV_H
0000050e   DMAIV_L
00005400   Device_Name
00000140   FCTL1
00000141   FCTL1_H
00000140   FCTL1_L
00000144   FCTL3
00000145   FCTL3_H
00000144   FCTL3_L
00000146   FCTL4
00000147   FCTL4_H
00000146   FCTL4_L
00019d34   GPIO_clearInterruptFlag
00019d78   GPIO_enableInterrupt
0001873c   GPIO_getInputPinValue
00019370   GPIO_interruptEdgeSelect
000162ae   GPIO_setAsInputPin
00016f10   GPIO_setAsOutputPin
00016faa   GPIO_setAsPeripheralModuleFunctionInputPin
00017044   GPIO_setAsPeripheralModuleFunctionOutputPin
000181e6   GPIO_setOutputHighOnPin
0001825c   GPIO_setOutputLowOnPin
00019dbc   GetEventFromQueue
0001b12e   GetMPU_9250FlagStatus
000196e6   HOSTclose
00016e72   HOSTlseek
00018586   HOSTopen
000189bc   HOSTread
00018348   HOSTrename
00019c1c   HOSTunlink
00018814   HOSTwrite
00005448   I2CB0_ISR
0001b058   InitEventHandler
0001ae10   InitQueue
0001ac54   InitSeebrightController
0001a6e8   InitTimer
0001ae6e   IsTimerExpired
00000900   LDOKEYPID
00000901   LDOKEYPID_H
00000900   LDOKEYPID_L
00000908   LDOPWRCTL
00000909   LDOPWRCTL_H
00000908   LDOPWRCTL_L
000004c4   MAC
000004da   MAC32H
000004db   MAC32H_H
000004da   MAC32H_L
000004d8   MAC32L
000004d9   MAC32L_H
000004d8   MAC32L_L
000004c6   MACS
000004de   MACS32H
000004df   MACS32H_H
000004de   MACS32H_L
000004dc   MACS32L
000004dd   MACS32L_H
000004dc   MACS32L_L
000004c7   MACS_H
000004c6   MACS_L
000004c5   MAC_H
000004c4   MAC_L
00014e2e   MPMainRoutine
000004c0   MPY
000004ec   MPY32CTL0
000004ed   MPY32CTL0_H
000004ec   MPY32CTL0_L
000004d2   MPY32H
000004d3   MPY32H_H
000004d2   MPY32H_L
000004d0   MPY32L
000004d1   MPY32L_H
000004d0   MPY32L_L
000004c2   MPYS
000004d6   MPYS32H
000004d7   MPYS32H_H
000004d6   MPYS32H_L
000004d4   MPYS32L
000004d5   MPYS32L_H
000004d4   MPYS32L_L
000004c3   MPYS_H
000004c2   MPYS_L
000004c1   MPY_H
000004c0   MPY_L
00005808   NMI_ISR
00002711   NOTIFY_CLIENT
000004c8   OP2
000004e2   OP2H
000004e3   OP2H_H
000004e2   OP2H_L
000004e0   OP2L
000004e1   OP2L_H
000004e0   OP2L_L
000004c9   OP2_H
000004c8   OP2_L
0000020e   P1IV
00005726   P1_ISR
0000021e   P2IV
000055d0   P2_ISR
000001e0   P4MAP01
000001e1   P4MAP01_H
000001e0   P4MAP01_L
000001e2   P4MAP23
000001e3   P4MAP23_H
000001e2   P4MAP23_L
000001e4   P4MAP45
000001e5   P4MAP45_H
000001e4   P4MAP45_L
000001e6   P4MAP67
000001e7   P4MAP67_H
000001e6   P4MAP67_L
00000204   PADIR
00000205   PADIR_H
00000204   PADIR_L
00000208   PADS
00000209   PADS_H
00000208   PADS_L
0000021a   PAIE
00000218   PAIES
00000219   PAIES_H
00000218   PAIES_L
0000021b   PAIE_H
0000021a   PAIE_L
0000021c   PAIFG
0000021d   PAIFG_H
0000021c   PAIFG_L
00000200   PAIN
00000201   PAIN_H
00000200   PAIN_L
00000202   PAOUT
00000203   PAOUT_H
00000202   PAOUT_L
00000206   PAREN
00000207   PAREN_H
00000206   PAREN_L
0000020a   PASEL
0000020b   PASEL_H
0000020a   PASEL_L
00000224   PBDIR
00000225   PBDIR_H
00000224   PBDIR_L
00000228   PBDS
00000229   PBDS_H
00000228   PBDS_L
00000220   PBIN
00000221   PBIN_H
00000220   PBIN_L
00000222   PBOUT
00000223   PBOUT_H
00000222   PBOUT_L
00000226   PBREN
00000227   PBREN_H
00000226   PBREN_L
0000022a   PBSEL
0000022b   PBSEL_H
0000022a   PBSEL_L
00000244   PCDIR
00000245   PCDIR_H
00000244   PCDIR_L
00000248   PCDS
00000249   PCDS_H
00000248   PCDS_L
00000240   PCIN
00000241   PCIN_H
00000240   PCIN_L
00000242   PCOUT
00000243   PCOUT_H
00000242   PCOUT_L
00000246   PCREN
00000247   PCREN_H
00000246   PCREN_L
0000024a   PCSEL
0000024b   PCSEL_H
0000024a   PCSEL_L
00000324   PJDIR
00000325   PJDIR_H
00000324   PJDIR_L
00000328   PJDS
00000329   PJDS_H
00000328   PJDS_L
00000320   PJIN
00000321   PJIN_H
00000320   PJIN_L
00000322   PJOUT
00000323   PJOUT_H
00000322   PJOUT_L
00000326   PJREN
00000327   PJREN_H
00000326   PJREN_L
00000130   PM5CTL0
00000131   PM5CTL0_H
00000130   PM5CTL0_L
000001c2   PMAPCTL
000001c3   PMAPCTL_H
000001c2   PMAPCTL_L
000001c0   PMAPKEYID
000001c1   PMAPKEYID_H
000001c0   PMAPKEYID_L
00000120   PMMCTL0
00000121   PMMCTL0_H
00000120   PMMCTL0_L
00000122   PMMCTL1
00000123   PMMCTL1_H
00000122   PMMCTL1_L
0000012c   PMMIFG
0000012d   PMMIFG_H
0000012c   PMMIFG_L
0000012e   PMMRIE
0000012f   PMMRIE_H
0000012e   PMMRIE_L
0001a27e   PMM_setVCore
0001556c   PMM_setVCoreDown
00013b12   PMM_setVCoreUp
00000904   PUCTL
00000905   PUCTL_H
00000904   PUCTL_L
00000158   RCCTL0
00000159   RCCTL0_H
00000158   RCCTL0_L
000001b0   REFCTL0
000001b1   REFCTL0_H
000001b0   REFCTL0_L
000004e4   RES0
000004e5   RES0_H
000004e4   RES0_L
000004e6   RES1
000004e7   RES1_H
000004e6   RES1_L
000004e8   RES2
000004e9   RES2_H
000004e8   RES2_L
000004ea   RES3
000004eb   RES3_H
000004ea   RES3_L
000004cc   RESHI
000004cd   RESHI_H
000004cc   RESHI_L
000004ca   RESLO
000004cb   RESLO_H
000004ca   RESLO_L
000004ba   RTCADOWDAY
000004bb   RTCADOWDAY_H
000004ba   RTCADOWDAY_L
000004b8   RTCAMINHR
000004b9   RTCAMINHR_H
000004b8   RTCAMINHR_L
000004a0   RTCCTL01
000004a1   RTCCTL01_H
000004a0   RTCCTL01_L
000004a2   RTCCTL23
000004a3   RTCCTL23_H
000004a2   RTCCTL23_L
000004b4   RTCDATE
000004b5   RTCDATE_H
000004b4   RTCDATE_L
000004ae   RTCIV
000004ac   RTCPS
000004a8   RTCPS0CTL
000004a9   RTCPS0CTL_H
000004a8   RTCPS0CTL_L
000004aa   RTCPS1CTL
000004ab   RTCPS1CTL_H
000004aa   RTCPS1CTL_L
000004ad   RTCPS_H
000004ac   RTCPS_L
000004b0   RTCTIM0
000004b1   RTCTIM0_H
000004b0   RTCTIM0_L
000004b2   RTCTIM1
000004b3   RTCTIM1_H
000004b2   RTCTIM1_L
000004b6   RTCYEAR
000004b7   RTCYEAR_H
000004b6   RTCYEAR_L
0001a2b8   ReadAllButtons
00016a86   Read_ADC_Voltage
00013c94   RunControllerFSM
00017e98   RunEventHandler
00000100   SFRIE1
00000101   SFRIE1_H
00000100   SFRIE1_L
00000102   SFRIFG1
00000103   SFRIFG1_H
00000102   SFRIFG1_L
00000104   SFRRPCR
00000105   SFRRPCR_H
00000104   SFRRPCR_L
0001b0ba   SFR_clearInterrupt
0001b134   SFR_enableInterrupt
000004ce   SUMEXT
000004cf   SUMEXT_H
000004ce   SUMEXT_L
00000124   SVSMHCTL
00000125   SVSMHCTL_H
00000124   SVSMHCTL_L
00000128   SVSMIO
00000129   SVSMIO_H
00000128   SVSMIO_L
00000126   SVSMLCTL
00000127   SVSMLCTL_H
00000126   SVSMLCTL_L
00000198   SYSBERRIV
00000199   SYSBERRIV_H
00000198   SYSBERRIV_L
00000182   SYSBSLC
00000183   SYSBSLC_H
00000182   SYSBSLC_L
00000180   SYSCTL
00000181   SYSCTL_H
00000180   SYSCTL_L
00000186   SYSJMBC
00000187   SYSJMBC_H
00000186   SYSJMBC_L
00000188   SYSJMBI0
00000189   SYSJMBI0_H
00000188   SYSJMBI0_L
0000018a   SYSJMBI1
0000018b   SYSJMBI1_H
0000018a   SYSJMBI1_L
0000018c   SYSJMBO0
0000018d   SYSJMBO0_H
0000018c   SYSJMBO0_L
0000018e   SYSJMBO1
0000018f   SYSJMBO1_H
0000018e   SYSJMBO1_L
0000019e   SYSRSTIV
0000019f   SYSRSTIV_H
0000019e   SYSRSTIV_L
0000019c   SYSSNIV
0000019d   SYSSNIV_H
0000019c   SYSSNIV_L
0000019a   SYSUNIV
0000019b   SYSUNIV_H
0000019a   SYSUNIV_L
00000352   TA0CCR0
00000354   TA0CCR1
00000356   TA0CCR2
00000358   TA0CCR3
0000035a   TA0CCR4
00000342   TA0CCTL0
00000344   TA0CCTL1
00000346   TA0CCTL2
00000348   TA0CCTL3
0000034a   TA0CCTL4
00000340   TA0CTL
00000360   TA0EX0
0000036e   TA0IV
00000350   TA0R
00000392   TA1CCR0
00000394   TA1CCR1
00000396   TA1CCR2
00000382   TA1CCTL0
00000384   TA1CCTL1
00000386   TA1CCTL2
00000380   TA1CTL
000003a0   TA1EX0
000003ae   TA1IV
00000390   TA1R
00000412   TA2CCR0
00000414   TA2CCR1
00000416   TA2CCR2
00000402   TA2CCTL0
00000404   TA2CCTL1
00000406   TA2CCTL2
00000400   TA2CTL
00000420   TA2EX0
0000042e   TA2IV
00000410   TA2R
000003d2   TB0CCR0
000003d4   TB0CCR1
000003d6   TB0CCR2
000003d8   TB0CCR3
000003da   TB0CCR4
000003dc   TB0CCR5
000003de   TB0CCR6
000003c2   TB0CCTL0
000003c4   TB0CCTL1
000003c6   TB0CCTL2
000003c8   TB0CCTL3
000003ca   TB0CCTL4
000003cc   TB0CCTL5
000003ce   TB0CCTL6
000003c0   TB0CTL
000003e0   TB0EX0
000003ee   TB0IV
000003d0   TB0R
00004ff6   TCU_LE_ACCEPT_t
00004ffe   TCU_LE_FATAL_ERROR_t
000050ba   TCU_LE_GATT_CLI_CHAR_VAL_NOTIFICATION_IND_EVENT_t
000050ae   TCU_LE_GATT_CLI_DISCOVER_CHAR_DECL_EVENT_t
000050aa   TCU_LE_GATT_CLI_DISCOVER_CHAR_DECL_REQ_t
0000510a   TCU_LE_GATT_CLI_DISCOVER_CHAR_DESP_EVENT_t
0000510e   TCU_LE_GATT_CLI_DISCOVER_CHAR_DESP_REQ_t
000050a6   TCU_LE_GATT_CLI_DISCOVER_PRIM_SVC_BY_UUID_EVENT_t
000050a2   TCU_LE_GATT_CLI_DISCOVER_PRIM_SVC_BY_UUID_REQ_t
0000509e   TCU_LE_GATT_CLI_EXG_MTU_EVENT_t
0000509a   TCU_LE_GATT_CLI_EXG_MTU_REQ_t
00005106   TCU_LE_GATT_CLI_INIT_RESP_t
000050b6   TCU_LE_GATT_CLI_READ_CHAR_VAL_EVENT_t
000050b2   TCU_LE_GATT_CLI_READ_CHAR_VAL_REQ_t
00005056   TCU_LE_GATT_SDB_ADD_CHAR_DECL_REQ_t
0000505a   TCU_LE_GATT_SDB_ADD_CHAR_DECL_RESP_t
0000505e   TCU_LE_GATT_SDB_ADD_CHAR_ELE_REQ_t
00005062   TCU_LE_GATT_SDB_ADD_CHAR_ELE_RESP_t
0000506e   TCU_LE_GATT_SDB_ADD_INC_SVC_REQ_t
00005072   TCU_LE_GATT_SDB_ADD_INC_SVC_RESP_t
00005046   TCU_LE_GATT_SDB_ADD_PRIM_SVC_REQ_t
0000504a   TCU_LE_GATT_SDB_ADD_PRIM_SVC_RESP_t
0000504e   TCU_LE_GATT_SDB_ADD_SEC_SVC_REQ_t
00005052   TCU_LE_GATT_SDB_ADD_SEC_SVC_RESP_t
00005076   TCU_LE_GATT_SDB_RET_END_GRP_HLE_REQ_t
0000507a   TCU_LE_GATT_SDB_RET_END_GRP_HLE_RESP_t
00005066   TCU_LE_GATT_SDB_UPD_CHAR_ELE_REQ_t
0000506a   TCU_LE_GATT_SDB_UPD_CHAR_ELE_RESP_t
000050fe   TCU_LE_GATT_SER_CHAR_VAL_INDICATION_EVENT_t
000050fa   TCU_LE_GATT_SER_CHAR_VAL_INDICATION_REQ_t
000050f6   TCU_LE_GATT_SER_CHAR_VAL_NOTIFICATION_EVENT_t
000050f2   TCU_LE_GATT_SER_CHAR_VAL_NOTIFICATION_REQ_t
000050c2   TCU_LE_GATT_SER_EXG_MTU_ACCEPT_REQ_t
000050c6   TCU_LE_GATT_SER_EXG_MTU_ACCEPT_RESP_t
000050be   TCU_LE_GATT_SER_EXG_MTU_EVENT_t
0000507e   TCU_LE_GATT_SER_INIT_REQ_t
00005082   TCU_LE_GATT_SER_INIT_RESP_t
000050de   TCU_LE_GATT_SER_READ_CHAR_DESP_ACCEPT_REQ_t
000050e2   TCU_LE_GATT_SER_READ_CHAR_DESP_ACCEPT_RESP_t
000050da   TCU_LE_GATT_SER_READ_CHAR_DESP_EVENT_t
00005092   TCU_LE_GATT_SER_READ_CHAR_VAL_ACCEPT_REQ_t
00005096   TCU_LE_GATT_SER_READ_CHAR_VAL_ACCEPT_RESP_t
000050ca   TCU_LE_GATT_SER_READ_CHAR_VAL_EVENT_t
000050ea   TCU_LE_GATT_SER_READ_MULTIPLE_ACCEPT_REQ_t
000050ee   TCU_LE_GATT_SER_READ_MULTIPLE_ACCEPT_RESP_t
000050e6   TCU_LE_GATT_SER_READ_MULTIPLE_EVENT_t
0000508a   TCU_LE_GATT_SER_WRITE_CHAR_DESP_ACCEPT_REQ_t
0000508e   TCU_LE_GATT_SER_WRITE_CHAR_DESP_ACCEPT_RESP_t
00005086   TCU_LE_GATT_SER_WRITE_CHAR_DESP_EVENT_t
000050d2   TCU_LE_GATT_SER_WRITE_CHAR_VAL_ACCEPT_REQ_t
000050d6   TCU_LE_GATT_SER_WRITE_CHAR_VAL_ACCEPT_RESP_t
000050ce   TCU_LE_GATT_SER_WRITE_CHAR_VAL_EVENT_t
00005102   TCU_LE_GATT_SER_WRITE_WITHOUT_RESPONSE_CMD_EVENT_t
00004ffa   TCU_LE_NOT_ACCEPT_t
00005012   TCU_MNG_LE_ADV_REPORT_EVENT_t
0000501a   TCU_MNG_LE_CONNECTION_COMPLETE_EVENT_t
0000501e   TCU_MNG_LE_CREATE_CONNECTION_CANCEL_REQ_t
00005022   TCU_MNG_LE_CREATE_CONNECTION_CANCEL_RESP_t
00005016   TCU_MNG_LE_CREATE_CONNECTION_REQ_t
0000503e   TCU_MNG_LE_DISABLE_ADVERTISE_REQ_t
00005042   TCU_MNG_LE_DISABLE_ADVERTISE_RESP_t
0000502a   TCU_MNG_LE_DISCONNECT_EVENT_t
00005026   TCU_MNG_LE_DISCONNECT_REQ_t
00005002   TCU_MNG_LE_INIT_REQ_t
00005006   TCU_MNG_LE_INIT_RESP_t
0000502e   TCU_MNG_LE_SET_SCAN_DISABLE_REQ_t
00005032   TCU_MNG_LE_SET_SCAN_DISABLE_RESP_t
0000500a   TCU_MNG_LE_SET_SCAN_ENABLE_REQ_t
0000500e   TCU_MNG_LE_SET_SCAN_ENABLE_RESP_t
00005036   TCU_MNG_LE_START_ADVERTISE_REQ_t
0000503a   TCU_MNG_LE_START_ADVERTISE_RESP_t
00002708   TIME_TO_SEND
000005d0   UCA0ABCTL
000005c6   UCA0BRW
000005c7   UCA0BRW_H
000005c6   UCA0BRW_L
000005c0   UCA0CTLW0
000005c1   UCA0CTLW0_H
000005c0   UCA0CTLW0_L
000005dc   UCA0ICTL
000005dd   UCA0ICTL_H
000005dc   UCA0ICTL_L
000005d2   UCA0IRCTL
000005d3   UCA0IRCTL_H
000005d2   UCA0IRCTL_L
000005de   UCA0IV
000005c8   UCA0MCTL
000005cc   UCA0RXBUF
000005ca   UCA0STAT
000005ce   UCA0TXBUF
00000610   UCA1ABCTL
00000606   UCA1BRW
00000607   UCA1BRW_H
00000606   UCA1BRW_L
00000600   UCA1CTLW0
00000601   UCA1CTLW0_H
00000600   UCA1CTLW0_L
0000061c   UCA1ICTL
0000061d   UCA1ICTL_H
0000061c   UCA1ICTL_L
00000612   UCA1IRCTL
00000613   UCA1IRCTL_H
00000612   UCA1IRCTL_L
0000061e   UCA1IV
00000608   UCA1MCTL
0000060c   UCA1RXBUF
0000060a   UCA1STAT
0000060e   UCA1TXBUF
000005e6   UCB0BRW
000005e7   UCB0BRW_H
000005e6   UCB0BRW_L
000005e0   UCB0CTLW0
000005e1   UCB0CTLW0_H
000005e0   UCB0CTLW0_L
000005f0   UCB0I2COA
000005f1   UCB0I2COA_H
000005f0   UCB0I2COA_L
000005f2   UCB0I2CSA
000005f3   UCB0I2CSA_H
000005f2   UCB0I2CSA_L
000005fc   UCB0ICTL
000005fd   UCB0ICTL_H
000005fc   UCB0ICTL_L
000005fe   UCB0IV
000005ec   UCB0RXBUF
000005ea   UCB0STAT
000005ee   UCB0TXBUF
00000626   UCB1BRW
00000627   UCB1BRW_H
00000626   UCB1BRW_L
00000620   UCB1CTLW0
00000621   UCB1CTLW0_H
00000620   UCB1CTLW0_L
00000630   UCB1I2COA
00000631   UCB1I2COA_H
00000630   UCB1I2COA_L
00000632   UCB1I2CSA
00000633   UCB1I2CSA_H
00000632   UCB1I2CSA_L
0000063c   UCB1ICTL
0000063d   UCB1ICTL_H
0000063c   UCB1ICTL_L
0000063e   UCB1IV
0000062c   UCB1RXBUF
0000062a   UCB1STAT
0000062e   UCB1TXBUF
00000160   UCSCTL0
00000161   UCSCTL0_H
00000160   UCSCTL0_L
00000162   UCSCTL1
00000163   UCSCTL1_H
00000162   UCSCTL1_L
00000164   UCSCTL2
00000165   UCSCTL2_H
00000164   UCSCTL2_L
00000166   UCSCTL3
00000167   UCSCTL3_H
00000166   UCSCTL3_L
00000168   UCSCTL4
00000169   UCSCTL4_H
00000168   UCSCTL4_L
0000016a   UCSCTL5
0000016b   UCSCTL5_H
0000016a   UCSCTL5_L
0000016c   UCSCTL6
0000016d   UCSCTL6_H
0000016c   UCSCTL6_L
0000016e   UCSCTL7
0000016f   UCSCTL7_H
0000016e   UCSCTL7_L
00000170   UCSCTL8
00000171   UCSCTL8_H
00000170   UCSCTL8_L
00017b2a   UCS_LFXT1Start
000026fa   UCS_XT1ClockFrequency
000026fe   UCS_XT2ClockFrequency
0001a8a4   UCS_clearAllOscFlagsWithTimeout
0001504a   UCS_clockSignalInit
0001aa72   UCS_getACLK
0001ad6e   UCS_getMCLK
0001ac74   UCS_getSMCLK
00014ad4   UCS_initFLL
0001a482   UCS_initFLLSettle
0001adc2   UCS_setExternalClockSource
000057a4   USCI_A0_ISR
000057de   USCI_A1_ISR
0001b064   USCI_UART_clearInterruptFlag
0001b13a   USCI_UART_enable
0001a91c   USCI_UART_enableInterrupt
00015b32   USCI_UART_initAdvance
0001b0c4   USCI_UART_queryStatusFlags
0001b110   USCI_UART_receiveData
0001b0ce   USCI_UART_transmitData
0000015c   WDTCTL
0000015d   WDTCTL_H
0000015c   WDTCTL_L
0000285c   _CIOBUF_
000194c0   _Dclass
00004400   __STACK_END
00000140   __STACK_SIZE
00000140   __SYSMEM_SIZE
00005906   __TI_CINIT_Base
0000591e   __TI_CINIT_Limit
000058ee   __TI_Handler_Table_Base
000058fa   __TI_Handler_Table_Limit
UNDEFED    __TI_INITARRAY_Base
UNDEFED    __TI_INITARRAY_Limit
0001b140   __TI_ISR_TRAP
00000001   __TI_args_main
0001a4b8   __TI_cleanup
0000241c   __TI_cleanup_ptr
00018516   __TI_closefile
0001af8e   __TI_decompress_none
0001b14c   __TI_decompress_rle24
00018c24   __TI_doflush
00002420   __TI_dtors_ptr
00000001   __TI_exit
00011cc8   __TI_frcaddd
00010520   __TI_frcdivd
00010d00   __TI_frcmpyd
00002718   __TI_ft_end
0000ffd2   __TI_int41
0000ffd4   __TI_int42
0000ffd6   __TI_int43
0000ffd8   __TI_int44
0000ffda   __TI_int45
0000ffdc   __TI_int46
0000ffde   __TI_int47
0000ffe0   __TI_int48
0000ffe2   __TI_int49
0000ffe4   __TI_int50
0000ffe6   __TI_int51
0000ffe8   __TI_int52
0000ffea   __TI_int53
0000ffec   __TI_int54
0000ffee   __TI_int55
0000fff0   __TI_int56
0000fff2   __TI_int57
0000fff4   __TI_int58
0000fff6   __TI_int59
0000fff8   __TI_int60
0000fffa   __TI_int61
0000fffc   __TI_int62
000129b4   __TI_printfi
0001a5f0   __TI_readmsg
000167c2   __TI_renormd
00002108   __TI_tmpnams
0001a4ee   __TI_writemsg
00017ba8   __TI_wrt_ok
0001aa96   __TI_zero_init
ffffffff   __binit__
ffffffff   __c_args__
000112c4   __mspabi_addd
00015eba   __mspabi_cmpd
0001236c   __mspabi_divd
0001756c   __mspabi_divf
0001a826   __mspabi_divi
0001a050   __mspabi_divli
0001aeb0   __mspabi_divu
00019318   __mspabi_divul
00010972   __mspabi_divull
00018a8c   __mspabi_fixdli
0001af7c   __mspabi_fixdu
00018a24   __mspabi_fixdul
00019cee   __mspabi_fixfu
00017176   __mspabi_fltlid
0001ab02   __mspabi_fltuf
0001159c   __mspabi_mpyd
0001670c   __mspabi_mpyf
0001aec6   __mspabi_mpyi_f5hw
0001ab8c   __mspabi_mpyl_f5hw
0001904a   __mspabi_mpyll_f5hw
0001a716   __mspabi_negd
0001a826   __mspabi_remi
0001a050   __mspabi_remli
0001aeb0   __mspabi_remu
00019318   __mspabi_remul
0001b0ec   __mspabi_slli
0001aff6   __mspabi_slll
0001a1c0   __mspabi_slll_1
0001a19c   __mspabi_slll_10
0001a198   __mspabi_slll_11
0001a194   __mspabi_slll_12
0001a190   __mspabi_slll_13
0001a18c   __mspabi_slll_14
0001a188   __mspabi_slll_15
0001a1bc   __mspabi_slll_2
0001a1b8   __mspabi_slll_3
0001a1b4   __mspabi_slll_4
0001a1b0   __mspabi_slll_5
0001a1ac   __mspabi_slll_6
0001a1a8   __mspabi_slll_7
0001a1a4   __mspabi_slll_8
0001a1a0   __mspabi_slll_9
0001a2f2   __mspabi_sllll
0001afe6   __mspabi_sral
0001a182   __mspabi_sral_1
0001a15e   __mspabi_sral_10
0001a15a   __mspabi_sral_11
0001a156   __mspabi_sral_12
0001a152   __mspabi_sral_13
0001a14e   __mspabi_sral_14
0001a14a   __mspabi_sral_15
0001a17e   __mspabi_sral_2
0001a17a   __mspabi_sral_3
0001a176   __mspabi_sral_4
0001a172   __mspabi_sral_5
0001a16e   __mspabi_sral_6
0001a16a   __mspabi_sral_7
0001a166   __mspabi_sral_8
0001a162   __mspabi_sral_9
0001b0f6   __mspabi_srli
0001b006   __mspabi_srll
0001a1fe   __mspabi_srll_1
0001a1da   __mspabi_srll_10
0001a1d6   __mspabi_srll_11
0001a1d2   __mspabi_srll_12
0001a1ce   __mspabi_srll_13
0001a1ca   __mspabi_srll_14
0001a1c6   __mspabi_srll_15
0001a1fa   __mspabi_srll_2
0001a1f6   __mspabi_srll_3
0001a1f2   __mspabi_srll_4
0001a1ee   __mspabi_srll_5
0001a1ea   __mspabi_srll_6
0001a1e6   __mspabi_srll_7
0001a1e2   __mspabi_srll_8
0001a1de   __mspabi_srll_9
0001a32c   __mspabi_srlll
0001a622   __mspabi_subd
000185f4   _auto_init_hold_wdt
0000582e   _c_int00
0000582e   _c_int00_noargs
00005112   _ctypes_
0000247a   _ftable
000026f2   _lock
0001b168   _nop
0000fffe   _reset_vector
000042c0   _stack
0000271c   _sys_memory
0001b15c   _system_pre_init
000026f6   _unlock
0001b160   abort
0001b0d8   abs
00018db2   atoi
00001e08   au8SendBuff
ffffffff   binit
00002702   btQueueEVENT
00015858   bt_uart_manager
00001f08   cSPP_DATA_RECEIVE_buff
000026ea   clockValue
000190a4   close
00002611   consolidatedAllButton
00019e00   dmp_enable_6x_lp_quat
00012146   dmp_enable_feature
00019a26   dmp_enable_gyro_cal
00019e44   dmp_enable_lp_quat
0001ae28   dmp_load_motion_driver_firmware
00010fe4   dmp_read_fifo
0001b118   dmp_register_android_orient_cb
0001b120   dmp_register_tap_cb
000183bc   dmp_set_fifo_rate
00013668   dmp_set_orientation
000193c6   dmp_set_shake_reject_thresh
0001a942   dmp_set_shake_reject_time
0001a968   dmp_set_shake_reject_timeout
0001a524   dmp_set_tap_axes
0001a8cc   dmp_set_tap_count
0001332e   dmp_set_tap_thresh
0001a98e   dmp_set_tap_time
0001a9b4   dmp_set_tap_time_multi
0001a7ce   eBleApiInit
00018006   eBleDeviceSrv_Init
0001a412   eBleExtractData
0001b152   eBleExtractDataEventGattCli
00014738   eBleExtractDataEventGattSer
00018af2   eBleExtractDataEventMng
0001946e   eBlePerif_StartAdv
0001af04   eBleRegisterCallback_CharDescUpdate
0001af18   eBleRegisterCallback_CharValUpdate
0001af2c   eBleRegisterCallback_MultiUpdate
0001af40   eBleRegisterCallback_UnexpEvnt
00014870   eBleSrv_AddCharacteristic
00017450   eBleSrv_AddIncludeToSvc
00018fee   eBleSrv_AddPrimServiceAttributes
0001b070   eBleSrv_ClientConnRequestHndlr
00017da0   eBleSrv_ClientMtuExchangeHndlr
00019732   eBleSrv_GetEndGroupHandle
00016bdc   eBleSrv_ReadCharDescriptorHndlr
00016c84   eBleSrv_ReadCharValHndlr
0001636c   eBleSrv_ReadMultiEventHndlr
00014382   eBleSrv_RegisterPrimaryService
000178a6   eBleSrv_SendNotification
0001a0ce   eBleSrv_UpdateCharacteristic
00016426   eBleSrv_WriteCharDescriptorHndlr
000164e0   eBleSrv_WriteCharValueHndlr
00017684   eBleWaitForSpecificEvent
00019e88   eGetLeAccept_Ack
0001aaba   eGetLeDisableAdvertise_Resp
000190fe   eGetLeDisconnect_Event
00014f3c   eGetLeMngConnComplete_Event
0001a366   eGetLeMngInit_Resp
0001aade   eGetLeStartAdvertise_Resp
000195ae   eGetSdbGattAddCharacterDecl_Resp
000195fc   eGetSdbGattAddCharacterEle_Resp
0001977e   eGetSdbGattAddInclSvc_Resp
000197ca   eGetSdbGattAddPrimaryService_Resp
00019816   eGetSdbGattReturnEndGroupHandle_Resp
0001a9da   eGetSdbGattUpdateCharacterEle_Resp
00019a6e   eGetServerGattExgMtuAccept_Req
00018662   eGetServerGattExgMtuAccept_Resp
00018c88   eGetServerGattExgMtu_Event
0001aa00   eGetServerGattInit_Resp
00019862   eGetServerGattReadCharDescriptorAccept_Resp
00018ed4   eGetServerGattReadCharDescriptor_Event
00018f32   eGetServerGattReadCharVal_Event
000198ae   eGetServerGattReadMultiAccept_Resp
0001781e   eGetServerGattReadMulti_Event
00019ca8   eGetServerGattValIndication_Event
0001a44a   eGetServerGattValNotify_Event
0001720a   eGetServerGattWriteCharDesc_Event
000198fa   eGetServerGattWriteCharDespAccept_Resp
00019946   eGetServerGattWriteCharValAccept_Resp
0001729c   eGetServerGattWriteCharVal_Event
0001732e   eGetServerGattWriteWithoutRespCmd_Event
0001ac94   eIsCmdMatching
0001807e   eMPAddDevIdentService
00015c16   eMPAddGAPDevName_Appearance_Service
00015cfa   eMPAdd_controller_Service
00017928   eMPInitialise
0001398a   eMPStartAdvertising
0001a7fa   eSendData
00019158   eSetLeMngInit_Req
00014d1a   eSetLeStartAdvertise_Req
000182d2   eSetSdbGattAddCharacterDecl_Req
000161ee   eSetSdbGattAddCharacterEle_Req
0001887e   eSetSdbGattAddInclSvc_Req
000191b2   eSetSdbGattAddPrimaryService_Req
0001a558   eSetSdbGattReturnEndGroupHandle_Req
000188e8   eSetSdbGattUpdateCharacterEle_Req
[...]
0000070e   ADC12IV
0000070e   ADC12IV_L
0000070f   ADC12IV_H
00000710   ADC12MCTL0
00000711   ADC12MCTL1
00000712   ADC12MCTL2
00000713   ADC12MCTL3
00000714   ADC12MCTL4
00000715   ADC12MCTL5
00000716   ADC12MCTL6
00000717   ADC12MCTL7
00000718   ADC12MCTL8
00000719   ADC12MCTL9
0000071a   ADC12MCTL10
0000071b   ADC12MCTL11
0000071c   ADC12MCTL12
0000071d   ADC12MCTL13
0000071e   ADC12MCTL14
0000071f   ADC12MCTL15
00000720   ADC12MEM0
00000720   ADC12MEM0_L
00000721   ADC12MEM0_H
00000722   ADC12MEM1
00000722   ADC12MEM1_L
00000723   ADC12MEM1_H
00000724   ADC12MEM2
00000724   ADC12MEM2_L
00000725   ADC12MEM2_H
00000726   ADC12MEM3
00000726   ADC12MEM3_L
00000727   ADC12MEM3_H
00000728   ADC12MEM4
00000728   ADC12MEM4_L
00000729   ADC12MEM4_H
0000072a   ADC12MEM5
0000072a   ADC12MEM5_L
0000072b   ADC12MEM5_H
0000072c   ADC12MEM6
0000072c   ADC12MEM6_L
0000072d   ADC12MEM6_H
0000072e   ADC12MEM7
0000072e   ADC12MEM7_L
0000072f   ADC12MEM7_H
00000730   ADC12MEM8
00000730   ADC12MEM8_L
00000731   ADC12MEM8_H
00000732   ADC12MEM9
00000732   ADC12MEM9_L
00000733   ADC12MEM9_H
00000734   ADC12MEM10
00000734   ADC12MEM10_L
00000735   ADC12MEM10_H
00000736   ADC12MEM11
00000736   ADC12MEM11_L
00000737   ADC12MEM11_H
00000738   ADC12MEM12
00000738   ADC12MEM12_L
00000739   ADC12MEM12_H
0000073a   ADC12MEM13
0000073a   ADC12MEM13_L
0000073b   ADC12MEM13_H
0000073c   ADC12MEM14
0000073c   ADC12MEM14_L
0000073d   ADC12MEM14_H
0000073e   ADC12MEM15
0000073e   ADC12MEM15_L
0000073f   ADC12MEM15_H
000008c0   CBCTL0
000008c0   CBCTL0_L
000008c1   CBCTL0_H
000008c2   CBCTL1
000008c2   CBCTL1_L
000008c3   CBCTL1_H
000008c4   CBCTL2
000008c4   CBCTL2_L
000008c5   CBCTL2_H
000008c6   CBCTL3
000008c6   CBCTL3_L
000008c7   CBCTL3_H
000008cc   CBINT
000008cc   CBINT_L
000008cd   CBINT_H
000008ce   CBIV
00000900   LDOKEYPID
00000900   LDOKEYPID_L
00000901   LDOKEYPID_H
00000904   PUCTL
00000904   PUCTL_L
00000905   PUCTL_H
00000908   LDOPWRCTL
00000908   LDOPWRCTL_L
00000909   LDOPWRCTL_H
00001c00   tcu_spp_connect_event
00001d06   tcu_mng_pin_request_event
00001e08   au8SendBuff
00001f08   cSPP_DATA_RECEIVE_buff
00002008   rxUARTbuff
00002108   __TI_tmpnams
000021a8   gasTimerInfo
00002202   stMPInit
0000224c   eventArray
00002274   tcu_mng_discover_remote_device_result_event
000022b8   gu8Rx0Buffer
000022d8   tcu_mng_connection_status_event
000022f4   mpu
00002328   stMyCharacteristic
00002342   stConnectInfo
0000235a   tcu_mng_discover_remote_service_event
00002372   tcu_mng_ssp_info_event
00002388   stDevIdService
00002396   stGAPService
000023a4   stMyService
000023be   tcu_mng_connection_request_event
000023ca   tcu_packet_format
000023d6   tcu_mng_init_req
000023e0   tcu_mng_init_resp
000023ea   tcu_mng_pin_write_resp
000023f4   tcu_spp_disconnect_event
00002406   tcu_event
0000240e   tcu_spp_data_receive_event
00002416   tcu_mng_tcu_accept
0000241c   __TI_cleanup_ptr
00002420   __TI_dtors_ptr
00002424   err
00002428   hci_event
0000242c   pCharDescUpdCallback
00002430   pCharValUpdCallback
00002434   pUpdMultiCallback
00002438   pt_hci_event
00002448   tcu_mng_connection_accept_resp
0000244c   tcu_mng_set_scan_resp
00002450   tcu_mng_standard_hci_set_resp
00002454   tcu_mng_tcu_non_accept
00002458   tcu_spp_line_notify_event
0000245c   tcu_spp_setup_resp
00002460   tcu_spp_shutdown_resp
00002464   tcu_spp_uuid_assign_resp
0000247a   _ftable
000025bc   gu8PowerOffMode
00002610   gu8InterruptCount
00002611   consolidatedAllButton
000026b0   my_data
000026e9   ADC_DATA_READY
000026ea   clockValue
000026ee   status
000026f2   _lock
000026f6   _unlock
000026fa   UCS_XT1ClockFrequency
000026fe   UCS_XT2ClockFrequency
00002702   btQueueEVENT
00002708   TIME_TO_SEND
0000270b   DATA_FROM_BLUETOOTH_UART
0000270c   ptUnexEvtCallBack
00002710   fMP_1HZ_tick
00002711   NOTIFY_CLIENT
00002712   CONNECTED
00002714   gu8RxData
00002715   gu8RxDataCount
00002716   BT_Mode
00002718   __TI_ft_end
0000271c   _sys_memory
0000285c   _CIOBUF_
000042c0   _stack
00004400   __STACK_END
00004ff6   TCU_LE_ACCEPT_t
00004ffa   TCU_LE_NOT_ACCEPT_t
00004ffe   TCU_LE_FATAL_ERROR_t
00005002   TCU_MNG_LE_INIT_REQ_t
00005006   TCU_MNG_LE_INIT_RESP_t
0000500a   TCU_MNG_LE_SET_SCAN_ENABLE_REQ_t
0000500e   TCU_MNG_LE_SET_SCAN_ENABLE_RESP_t
00005012   TCU_MNG_LE_ADV_REPORT_EVENT_t
00005016   TCU_MNG_LE_CREATE_CONNECTION_REQ_t
0000501a   TCU_MNG_LE_CONNECTION_COMPLETE_EVENT_t
0000501e   TCU_MNG_LE_CREATE_CONNECTION_CANCEL_REQ_t
00005022   TCU_MNG_LE_CREATE_CONNECTION_CANCEL_RESP_t
00005026   TCU_MNG_LE_DISCONNECT_REQ_t
0000502a   TCU_MNG_LE_DISCONNECT_EVENT_t
0000502e   TCU_MNG_LE_SET_SCAN_DISABLE_REQ_t
00005032   TCU_MNG_LE_SET_SCAN_DISABLE_RESP_t
00005036   TCU_MNG_LE_START_ADVERTISE_REQ_t
0000503a   TCU_MNG_LE_START_ADVERTISE_RESP_t
0000503e   TCU_MNG_LE_DISABLE_ADVERTISE_REQ_t
00005042   TCU_MNG_LE_DISABLE_ADVERTISE_RESP_t
00005046   TCU_LE_GATT_SDB_ADD_PRIM_SVC_REQ_t
0000504a   TCU_LE_GATT_SDB_ADD_PRIM_SVC_RESP_t
0000504e   TCU_LE_GATT_SDB_ADD_SEC_SVC_REQ_t
00005052   TCU_LE_GATT_SDB_ADD_SEC_SVC_RESP_t
00005056   TCU_LE_GATT_SDB_ADD_CHAR_DECL_REQ_t
0000505a   TCU_LE_GATT_SDB_ADD_CHAR_DECL_RESP_t
0000505e   TCU_LE_GATT_SDB_ADD_CHAR_ELE_REQ_t
00005062   TCU_LE_GATT_SDB_ADD_CHAR_ELE_RESP_t
00005066   TCU_LE_GATT_SDB_UPD_CHAR_ELE_REQ_t
0000506a   TCU_LE_GATT_SDB_UPD_CHAR_ELE_RESP_t
0000506e   TCU_LE_GATT_SDB_ADD_INC_SVC_REQ_t
00005072   TCU_LE_GATT_SDB_ADD_INC_SVC_RESP_t
00005076   TCU_LE_GATT_SDB_RET_END_GRP_HLE_REQ_t
0000507a   TCU_LE_GATT_SDB_RET_END_GRP_HLE_RESP_t
0000507e   TCU_LE_GATT_SER_INIT_REQ_t
00005082   TCU_LE_GATT_SER_INIT_RESP_t
00005086   TCU_LE_GATT_SER_WRITE_CHAR_DESP_EVENT_t
0000508a   TCU_LE_GATT_SER_WRITE_CHAR_DESP_ACCEPT_REQ_t
0000508e   TCU_LE_GATT_SER_WRITE_CHAR_DESP_ACCEPT_RESP_t
00005092   TCU_LE_GATT_SER_READ_CHAR_VAL_ACCEPT_REQ_t
00005096   TCU_LE_GATT_SER_READ_CHAR_VAL_ACCEPT_RESP_t
0000509a   TCU_LE_GATT_CLI_EXG_MTU_REQ_t
0000509e   TCU_LE_GATT_CLI_EXG_MTU_EVENT_t
000050a2   TCU_LE_GATT_CLI_DISCOVER_PRIM_SVC_BY_UUID_REQ_t
000050a6   TCU_LE_GATT_CLI_DISCOVER_PRIM_SVC_BY_UUID_EVENT_t
000050aa   TCU_LE_GATT_CLI_DISCOVER_CHAR_DECL_REQ_t
000050ae   TCU_LE_GATT_CLI_DISCOVER_CHAR_DECL_EVENT_t
000050b2   TCU_LE_GATT_CLI_READ_CHAR_VAL_REQ_t
000050b6   TCU_LE_GATT_CLI_READ_CHAR_VAL_EVENT_t
000050ba   TCU_LE_GATT_CLI_CHAR_VAL_NOTIFICATION_IND_EVENT_t
000050be   TCU_LE_GATT_SER_EXG_MTU_EVENT_t
000050c2   TCU_LE_GATT_SER_EXG_MTU_ACCEPT_REQ_t
000050c6   TCU_LE_GATT_SER_EXG_MTU_ACCEPT_RESP_t
000050ca   TCU_LE_GATT_SER_READ_CHAR_VAL_EVENT_t
000050ce   TCU_LE_GATT_SER_WRITE_CHAR_VAL_EVENT_t
000050d2   TCU_LE_GATT_SER_WRITE_CHAR_VAL_ACCEPT_REQ_t
000050d6   TCU_LE_GATT_SER_WRITE_CHAR_VAL_ACCEPT_RESP_t
000050da   TCU_LE_GATT_SER_READ_CHAR_DESP_EVENT_t
000050de   TCU_LE_GATT_SER_READ_CHAR_DESP_ACCEPT_REQ_t
000050e2   TCU_LE_GATT_SER_READ_CHAR_DESP_ACCEPT_RESP_t
000050e6   TCU_LE_GATT_SER_READ_MULTIPLE_EVENT_t
000050ea   TCU_LE_GATT_SER_READ_MULTIPLE_ACCEPT_REQ_t
000050ee   TCU_LE_GATT_SER_READ_MULTIPLE_ACCEPT_RESP_t
000050f2   TCU_LE_GATT_SER_CHAR_VAL_NOTIFICATION_REQ_t
000050f6   TCU_LE_GATT_SER_CHAR_VAL_NOTIFICATION_EVENT_t
000050fa   TCU_LE_GATT_SER_CHAR_VAL_INDICATION_REQ_t
000050fe   TCU_LE_GATT_SER_CHAR_VAL_INDICATION_EVENT_t
00005102   TCU_LE_GATT_SER_WRITE_WITHOUT_RESPONSE_CMD_EVENT_t
00005106   TCU_LE_GATT_CLI_INIT_RESP_t
0000510a   TCU_LE_GATT_CLI_DISCOVER_CHAR_DESP_EVENT_t
0000510e   TCU_LE_GATT_CLI_DISCOVER_CHAR_DESP_REQ_t
00005112   _ctypes_
00005306   reg
00005330   hw
0000533e   test
00005400   Device_Name
00005430   BD_ADDR
00005448   I2CB0_ISR
0000550e   ADC12_A_ISR
000055d0   P2_ISR
0000568a   CYC_SYS_TMR_Timer1ISR
00005726   P1_ISR
000057a4   USCI_A0_ISR
000057de   USCI_A1_ISR
00005808   NMI_ISR
0000582e   _c_int00
0000582e   _c_int00_noargs
0000584a   CYC_SYS_PWM_PWMTimer
000058ee   __TI_Handler_Table_Base
000058fa   __TI_Handler_Table_Limit
00005906   __TI_CINIT_Base
0000591e   __TI_CINIT_Limit
0000ffd2   __TI_int41
0000ffd4   __TI_int42
0000ffd6   __TI_int43
0000ffd8   __TI_int44
0000ffda   __TI_int45
0000ffdc   __TI_int46
0000ffde   __TI_int47
0000ffe0   __TI_int48
0000ffe2   __TI_int49
0000ffe4   __TI_int50
0000ffe6   __TI_int51
0000ffe8   __TI_int52
0000ffea   __TI_int53
0000ffec   __TI_int54
0000ffee   __TI_int55
0000fff0   __TI_int56
0000fff2   __TI_int57
0000fff4   __TI_int58
0000fff6   __TI_int59
0000fff8   __TI_int60
0000fffa   __TI_int61
0000fffc   __TI_int62
0000fffe   _reset_vector
00010000   processPaketTCU
00010520   __TI_frcdivd
00010972   __mspabi_divull
00010d00   __TI_frcmpyd
00010fe4   dmp_read_fifo
000112c4   __mspabi_addd
0001159c   __mspabi_mpyd
00011a74   processPaketHCI
00011cc8   __TI_frcaddd
00012146   dmp_enable_feature
0001236c   __mspabi_divd
000129b4   __TI_printfi
00012bb6   led_color_changer
00012fb0   mpu_reset_fifo
0001332e   dmp_set_tap_thresh
000134cc   CYC_IO_MOTS_Init
00013668   dmp_set_orientation
0001398a   eMPStartAdvertising
00013b12   PMM_setVCoreUp
00013c94   RunControllerFSM
00013e16   BT_hci_init
00013f8e   mpu_init
000140e2   mpu_set_sensors
00014382   eBleSrv_RegisterPrimaryService
000144c0   mpu_set_bypass
00014738   eBleExtractDataEventGattSer
00014870   eBleSrv_AddCharacteristic
000149a4   my_profile_DEMO
00014ad4   UCS_initFLL
00014d1a   eSetLeStartAdvertise_Req
00014e2e   MPMainRoutine
00014f3c   eGetLeMngConnComplete_Event
0001504a   UCS_clockSignalInit
00015262   mpu_lp_accel_mode
0001546e   errorCode
0001556c   PMM_setVCoreDown
00015760   CYC_SYS_ADC_Init
00015858   bt_uart_manager
0001594e   CYC_SYS_CLK_SetSystemClock
00015a42   fputs
00015b32   USCI_UART_initAdvance
00015c16   eMPAddGAPDevName_Appearance_Service
00015cfa   eMPAdd_controller_Service
00015dda   setvbuf
00015eba   __mspabi_cmpd
00015f92   msp430_reg_int_cb
0001606a   mpu_load_firmware
0001612c   mpu_read_fifo_stream
000161ee   eSetSdbGattAddCharacterEle_Req
000162ae   GPIO_setAsInputPin
0001636c   eBleSrv_ReadMultiEventHndlr
00016426   eBleSrv_WriteCharDescriptorHndlr
000164e0   eBleSrv_WriteCharValueHndlr
0001659a   malloc
00016654   CYC_SYS_I2CB0_Enable
0001670c   __mspabi_mpyf
000167c2   __TI_renormd
00016874   mpu_set_sample_rate
00016926   CYC_SYS_I2CB0_Read
000169d6   CYC_SYS_I2CB0_Write
00016a86   Read_ADC_Voltage
00016bdc   eBleSrv_ReadCharDescriptorHndlr
00016c84   eBleSrv_ReadCharValHndlr
00016d2c   hci_M2_SET_DeepSleep
00016dd2   CYC_SYS_UART1_Initialize
00016e72   HOSTlseek
00016f10   GPIO_setAsOutputPin
00016faa   GPIO_setAsPeripheralModuleFunctionInputPin
00017044   GPIO_setAsPeripheralModuleFunctionOutputPin
000170de   CYC_IO_JSTK_ReadJoystickData
00017176   __mspabi_fltlid
0001720a   eGetServerGattWriteCharDesc_Event
0001729c   eGetServerGattWriteCharVal_Event
0001732e   eGetServerGattWriteWithoutRespCmd_Event
000173c0   fputc
00017450   eBleSrv_AddIncludeToSvc
000174de   free
0001756c   __mspabi_divf
000175fa   CYC_SYS_UART0_Initialize
00017684   eBleWaitForSpecificEvent
0001781e   eGetServerGattReadMulti_Event
000178a6   eBleSrv_SendNotification
00017928   eMPInitialise
000179aa   get_mpu_data
00017a2a   ltoa
00017aaa   mpu_set_dmp_state
00017b2a   UCS_LFXT1Start
00017ba8   __TI_wrt_ok
00017d22   mpu_set_gyro_fsr
00017da0   eBleSrv_ClientMtuExchangeHndlr
00017e1c   mpu_set_lpf
00017e98   RunEventHandler
00017f12   mpu_read_mem
00017f8c   mpu_write_mem
00018006   eBleDeviceSrv_Init
0001807e   eMPAddDevIdentService
000180f6   mpu_set_accel_fsr
000181e6   GPIO_setOutputHighOnPin
0001825c   GPIO_setOutputLowOnPin
000182d2   eSetSdbGattAddCharacterDecl_Req
00018348   HOSTrename
000183bc   dmp_set_fifo_rate
000184a4   tcu_MNG_INIT_REQ
00018516   __TI_closefile
00018586   HOSTopen
000185f4   _auto_init_hold_wdt
00018662   eGetServerGattExgMtuAccept_Resp
000186d0   CYC_SYS_UART_TransmitData
0001873c   GPIO_getInputPinValue
000187a8   eSetServerGattCharValNotification_Req
00018814   HOSTwrite
0001887e   eSetSdbGattAddInclSvc_Req
000188e8   eSetSdbGattUpdateCharacterEle_Req
00018952   fseek
000189bc   HOSTread
00018a24   __mspabi_fixdul
00018a8c   __mspabi_fixdli
00018af2   eBleExtractDataEventMng
00018b58   eSetServerGattReadMultiAccept_Req
00018bbe   mpu_configure_fifo
00018c24   __TI_doflush
00018c88   eGetServerGattExgMtu_Event
00018cec   msp430_int_enable
00018db2   atoi
00018e14   CYC_SYS_PWM_InitPWMTimer
00018e74   mpu_set_int_latched
00018ed4   eGetServerGattReadCharDescriptor_Event
00018f32   eGetServerGattReadCharVal_Event
00018f90   eSetServerGattReadCharValAccept_Resp
00018fee   eBleSrv_AddPrimServiceAttributes
0001904a   __mspabi_mpyll_f5hw
000190a4   close
000190fe   eGetLeDisconnect_Event
00019158   eSetLeMngInit_Req
000191b2   eSetSdbGattAddPrimaryService_Req
00019266   mpu_set_compass_sample_rate
000192c0   ADC12_A_init
00019318   __mspabi_divul
00019318   __mspabi_remul
00019370   GPIO_interruptEdgeSelect
000193c6   dmp_set_shake_reject_thresh
0001941c   CYC_SYS_PWM_SetDutyCycle
0001946e   eBlePerif_StartAdv
000194c0   _Dclass
000195ae   eGetSdbGattAddCharacterDecl_Resp
000195fc   eGetSdbGattAddCharacterEle_Resp
0001964a   hci_Get_Version
00019698   init_bluetooth
000196e6   HOSTclose
00019732   eBleSrv_GetEndGroupHandle
0001977e   eGetSdbGattAddInclSvc_Resp
000197ca   eGetSdbGattAddPrimaryService_Resp
00019816   eGetSdbGattReturnEndGroupHandle_Resp
00019862   eGetServerGattReadCharDescriptorAccept_Resp
000198ae   eGetServerGattReadMultiAccept_Resp
000198fa   eGetServerGattWriteCharDespAccept_Resp
00019946   eGetServerGattWriteCharValAccept_Resp
00019992   CYC_IO_KEYS_InitializeUserButtons
000199dc   printf
00019a26   dmp_enable_gyro_cal
00019a6e   eGetServerGattExgMtuAccept_Req
00019ab6   eSetServerGattReadCharDescriptorAccept_Req
00019afe   eSetServerGattReadCharValAccept_Req
00019b46   eSetServerGattWriteCharDescAccept_Req
00019b8e   eSetServerGattWriteCharValAccept_Req
00019bd6   CYC_IO_KEYS_ReadUserButtonsStatus
00019c1c   HOSTunlink
00019ca8   eGetServerGattValIndication_Event
00019cee   __mspabi_fixfu
00019d34   GPIO_clearInterruptFlag
00019d78   GPIO_enableInterrupt
00019dbc   GetEventFromQueue
00019e00   dmp_enable_6x_lp_quat
00019e44   dmp_enable_lp_quat
00019e88   eGetLeAccept_Ack
00019ecc   CYC_SYS_TMR_EnableTimer1
00019f0e   minit
00019f50   ADC12_A_disableInterrupt
00019f90   ADC12_A_enableInterrupt
00019fd0   CYC_SYS_InitializeTarget
0001a010   mpu_get_accel_fsr
0001a050   __mspabi_divli
0001a050   __mspabi_remli
0001a090   CYC_SYS_TMR_DelayInMilliSeconds
0001a0ce   eBleSrv_UpdateCharacteristic
0001a10c   hci_Write_BD_ADDR
0001a14a   __mspabi_sral_15
0001a14e   __mspabi_sral_14
0001a152   __mspabi_sral_13
0001a156   __mspabi_sral_12
0001a15a   __mspabi_sral_11
0001a15e   __mspabi_sral_10
0001a162   __mspabi_sral_9
0001a166   __mspabi_sral_8
0001a16a   __mspabi_sral_7
0001a16e   __mspabi_sral_6
0001a172   __mspabi_sral_5
0001a176   __mspabi_sral_4
0001a17a   __mspabi_sral_3
0001a17e   __mspabi_sral_2
0001a182   __mspabi_sral_1
0001a188   __mspabi_slll_15
0001a18c   __mspabi_slll_14
0001a190   __mspabi_slll_13
0001a194   __mspabi_slll_12
0001a198   __mspabi_slll_11
0001a19c   __mspabi_slll_10
0001a1a0   __mspabi_slll_9
0001a1a4   __mspabi_slll_8
0001a1a8   __mspabi_slll_7
0001a1ac   __mspabi_slll_6
0001a1b0   __mspabi_slll_5
0001a1b4   __mspabi_slll_4
0001a1b8   __mspabi_slll_3
0001a1bc   __mspabi_slll_2
0001a1c0   __mspabi_slll_1
0001a1c6   __mspabi_srll_15
0001a1ca   __mspabi_srll_14
0001a1ce   __mspabi_srll_13
0001a1d2   __mspabi_srll_12
0001a1d6   __mspabi_srll_11
0001a1da   __mspabi_srll_10
0001a1de   __mspabi_srll_9
0001a1e2   __mspabi_srll_8
0001a1e6   __mspabi_srll_7
0001a1ea   __mspabi_srll_6
0001a1ee   __mspabi_srll_5
0001a1f2   __mspabi_srll_4
0001a1f6   __mspabi_srll_3
0001a1fa   __mspabi_srll_2
0001a1fe   __mspabi_srll_1
0001a204   lseek
0001a242   write
0001a27e   PMM_setVCore
0001a2b8   ReadAllButtons
0001a2f2   __mspabi_sllll
0001a32c   __mspabi_srlll
0001a366   eGetLeMngInit_Resp
0001a3a0   transmit_bluetooth_packet
0001a3da   AddEventToQueue
0001a412   eBleExtractData
0001a44a   eGetServerGattValNotify_Event
0001a482   UCS_initFLLSettle
0001a4b8   __TI_cleanup
0001a4ee   __TI_writemsg
0001a520   C$$IO$$
0001a524   dmp_set_tap_axes
0001a558   eSetSdbGattReturnEndGroupHandle_Req
0001a58c   ADC12_A_startConversion
0001a5be   CYC_SYS_TMR_InitTimer1
0001a5f0   __TI_readmsg
0001a622   __mspabi_subd
0001a654   hci_SET_MODE
0001a686   strncpy
0001a6b8   remove
0001a6b8   unlink
0001a6e8   InitTimer
0001a716   __mspabi_negd
0001a744   exit
0001a7a0   vCopyArrayParams
0001a7ce   eBleApiInit
0001a7fa   eSendData
0001a826   __mspabi_divi
0001a826   __mspabi_remi
0001a852   ADC12_A_memoryConfigure
0001a87c   ADC12_A_setupSamplingTimer
0001a8a4   UCS_clearAllOscFlagsWithTimeout
0001a8cc   dmp_set_tap_count
0001a8f4   main
0001a91c   USCI_UART_enableInterrupt
0001a942   dmp_set_shake_reject_time
0001a968   dmp_set_shake_reject_timeout
0001a98e   dmp_set_tap_time
0001a9b4   dmp_set_tap_time_multi
0001a9da   eGetSdbGattUpdateCharacterEle_Resp
0001aa00   eGetServerGattInit_Resp
0001aa26   memcmp
0001aa4c   u16SetCmdHeaderUserLen
0001aa72   UCS_getACLK
0001aa96   __TI_zero_init
0001aaba   eGetLeDisableAdvertise_Resp
0001aade   eGetLeStartAdvertise_Resp
0001ab02   __mspabi_fltuf
0001ab26   CYC_SYS_GPIO_GetInputPinStatus
0001ab48   CYC_SYS_I2CB0_Disable
0001ab6a   hci_RESET
0001ab8c   __mspabi_mpyl_f5hw
0001abae   u16AutoSetCmdHeader
0001abd0   vAppCallback
0001abf2   vWrite2Array_16
0001ac14   CYC_IO_KEYS_ReadNavButtonStatus
0001ac34   CYC_SYS_TMR_GetClockMs
0001ac54   InitSeebrightController
0001ac74   UCS_getSMCLK
0001ac94   eIsCmdMatching
0001acb4   hci_Patch13_RF_LE_param
0001acd4   hci_Patch14_RF_LE_param
0001acf4   hci_Patch15_RF_LE_param
0001ad14   memccpy
0001ad34   CYC_IO_KEYS_ReadTriggerButtonStatus
0001ad52   CYC_IO_LEDS_IntializeLEDs
0001ad6e   UCS_getMCLK
0001ad8a   eUpdateMulti
0001ada6   strcmp
0001adc2   UCS_setExternalClockSource
0001addc   eSetServerGattInit_Req
0001adf6   strchr
0001ae10   InitQueue
0001ae28   dmp_load_motion_driver_firmware
0001ae40   eUpdateCharValue
0001ae58   ADC12_A_setResolution
0001ae6e   IsTimerExpired
0001ae84   memchr
0001ae9a   memset
0001aeb0   __mspabi_divu
0001aeb0   __mspabi_remu
0001aec6   __mspabi_mpyi_f5hw
0001aedc   ADC12_A_setDataReadBackFormat
0001aef0   ClearTimerExpiredFlag
0001af04   eBleRegisterCallback_CharDescUpdate
0001af18   eBleRegisterCallback_CharValUpdate
0001af2c   eBleRegisterCallback_MultiUpdate
0001af40   eBleRegisterCallback_UnexpEvnt
0001af54   memcpy
0001af68   vSmartProcessPacket
0001af7c   __mspabi_fixdu
0001af8e   __TI_decompress_none
0001afa0   strcpy
0001afb2   toupper
0001afc4   vWrite2Array_8
0001afd6   ADC12_A_getResults
0001afe6   __mspabi_sral
0001aff6   __mspabi_slll
0001b006   __mspabi_srll
0001b016   send_tx
0001b024   strlen
0001b040   ADC12_A_clearInterrupt
0001b04c   CYC_IO_KEYS_InitializeNavButton
0001b058   InitEventHandler
0001b064   USCI_UART_clearInterruptFlag
0001b070   eBleSrv_ClientConnRequestHndlr
0001b07c   vSetCmdLength
0001b088   CYC_IO_KEYS_InitializeTriggerButton
0001b092   CYC_SYS_GPIO_InterruptEdgeSelect
0001b09c   CYC_SYS_GPIO_SetAsInputPin
0001b0a6   CYC_SYS_GPIO_SetPeripheralPinAsInput
0001b0b0   CYC_SYS_GPIO_SetPeripheralPinAsOutput
0001b0ba   SFR_clearInterrupt
0001b0c4   USCI_UART_queryStatusFlags
0001b0ce   USCI_UART_transmitData
0001b0d8   abs
0001b0ec   __mspabi_slli
0001b0f6   __mspabi_srli
0001b100   ADC12_A_enable
0001b108   CYC_SYS_RST_StopWatchdog
0001b110   USCI_UART_receiveData
0001b118   dmp_register_android_orient_cb
0001b120   dmp_register_tap_cb
0001b128   ClearMPU_9250InterruptFlag
0001b12e   GetMPU_9250FlagStatus
0001b134   SFR_enableInterrupt
0001b13a   USCI_UART_enable
0001b140   __TI_ISR_TRAP
0001b14c   __TI_decompress_rle24
0001b152   eBleExtractDataEventGattCli
0001b15c   _system_pre_init
0001b160   C$$EXIT
0001b160   abort
0001b164   eUpdateCharDescriptor
0001b168   _nop
0001b16c   vPrintUnexpectedCMD
ffffffff   __binit__
ffffffff   __c_args__
ffffffff   binit
UNDEFED    __TI_INITARRAY_Base
UNDEFED    __TI_INITARRAY_Limit

[1166 symbols]
