<?xml version="1.0"?>
<link_info>
   <banner>MSP430 Linker PC v4.3.3</banner>
   <copyright>Copyright (c) 2003-2014 Texas Instruments Incorporated</copyright>
   <link_time>0x5446bf0e</link_time>
   <link_errors>0x0</link_errors>
   <output_file>Demo_KEY_LED_BLE.out</output_file>
   <entry_point>
      <name>_c_int00</name>
      <address>0x4cb6</address>
   </entry_point>
   <input_file_list>
      <input_file id="fl-2">
         <path>.\driver development\</path>
         <kind>object</kind>
         <file>bluetooth.obj</file>
         <name>bluetooth.obj</name>
      </input_file>
      <input_file id="fl-3">
         <path>.\driver development\</path>
         <kind>object</kind>
         <file>eeprom.obj</file>
         <name>eeprom.obj</name>
      </input_file>
      <input_file id="fl-4">
         <path>.\driver development\</path>
         <kind>object</kind>
         <file>fuel_gauge.obj</file>
         <name>fuel_gauge.obj</name>
      </input_file>
      <input_file id="fl-5">
         <path>.\driver development\</path>
         <kind>object</kind>
         <file>mpu_9250.obj</file>
         <name>mpu_9250.obj</name>
      </input_file>
      <input_file id="fl-6">
         <path>.\driver development\bluetooth files\SPP_drv\source\</path>
         <kind>object</kind>
         <file>bt_OS.obj</file>
         <name>bt_OS.obj</name>
      </input_file>
      <input_file id="fl-7">
         <path>.\driver development\bluetooth files\SPP_drv\source\</path>
         <kind>object</kind>
         <file>bt_error.obj</file>
         <name>bt_error.obj</name>
      </input_file>
      <input_file id="fl-8">
         <path>.\driver development\bluetooth files\SPP_drv\source\</path>
         <kind>object</kind>
         <file>bt_hci_drv.obj</file>
         <name>bt_hci_drv.obj</name>
      </input_file>
      <input_file id="fl-9">
         <path>.\driver development\bluetooth files\SPP_drv\source\</path>
         <kind>object</kind>
         <file>bt_mng_drv.obj</file>
         <name>bt_mng_drv.obj</name>
      </input_file>
      <input_file id="fl-a">
         <path>.\driver development\bluetooth files\SPP_drv\source\</path>
         <kind>object</kind>
         <file>bt_spp_api.obj</file>
         <name>bt_spp_api.obj</name>
      </input_file>
      <input_file id="fl-b">
         <path>.\driver development\bluetooth files\SPP_drv\source\</path>
         <kind>object</kind>
         <file>bt_spp_drv.obj</file>
         <name>bt_spp_drv.obj</name>
      </input_file>
      <input_file id="fl-c">
         <path>.\driver development\bluetooth files\SPP_drv\source\</path>
         <kind>object</kind>
         <file>bt_uart_INT.obj</file>
         <name>bt_uart_INT.obj</name>
      </input_file>
      <input_file id="fl-d">
         <path>.\driver development\bluetooth files\BLE_drv\source\</path>
         <kind>object</kind>
         <file>ble_api.obj</file>
         <name>ble_api.obj</name>
      </input_file>
      <input_file id="fl-e">
         <path>.\driver development\bluetooth files\BLE_drv\source\</path>
         <kind>object</kind>
         <file>le_gatt_command.obj</file>
         <name>le_gatt_command.obj</name>
      </input_file>
      <input_file id="fl-f">
         <path>.\driver development\bluetooth files\BLE_drv\example app\</path>
         <kind>object</kind>
         <file>HeartRate.obj</file>
         <name>HeartRate.obj</name>
      </input_file>
      <input_file id="fl-10">
         <path>.\driver development\bluetooth files\BLE_drv\example app\</path>
         <kind>object</kind>
         <file>bt_le_peripherial_DEMO.obj</file>
         <name>bt_le_peripherial_DEMO.obj</name>
      </input_file>
      <input_file id="fl-11">
         <path>.\SYS\</path>
         <kind>object</kind>
         <file>CYC_SYS_ADC.obj</file>
         <name>CYC_SYS_ADC.obj</name>
      </input_file>
      <input_file id="fl-12">
         <path>.\SYS\</path>
         <kind>object</kind>
         <file>CYC_SYS_Clock.obj</file>
         <name>CYC_SYS_Clock.obj</name>
      </input_file>
      <input_file id="fl-13">
         <path>.\SYS\</path>
         <kind>object</kind>
         <file>CYC_SYS_GPIO.obj</file>
         <name>CYC_SYS_GPIO.obj</name>
      </input_file>
      <input_file id="fl-14">
         <path>.\SYS\</path>
         <kind>object</kind>
         <file>CYC_SYS_I2C.obj</file>
         <name>CYC_SYS_I2C.obj</name>
      </input_file>
      <input_file id="fl-15">
         <path>.\SYS\</path>
         <kind>object</kind>
         <file>CYC_SYS_Init.obj</file>
         <name>CYC_SYS_Init.obj</name>
      </input_file>
      <input_file id="fl-16">
         <path>.\SYS\</path>
         <kind>object</kind>
         <file>CYC_SYS_PWM.obj</file>
         <name>CYC_SYS_PWM.obj</name>
      </input_file>
      <input_file id="fl-17">
         <path>.\SYS\</path>
         <kind>object</kind>
         <file>CYC_SYS_Reset.obj</file>
         <name>CYC_SYS_Reset.obj</name>
      </input_file>
      <input_file id="fl-18">
         <path>.\SYS\</path>
         <kind>object</kind>
         <file>CYC_SYS_Timer.obj</file>
         <name>CYC_SYS_Timer.obj</name>
      </input_file>
      <input_file id="fl-19">
         <path>.\SYS\</path>
         <kind>object</kind>
         <file>CYC_SYS_UART.obj</file>
         <name>CYC_SYS_UART.obj</name>
      </input_file>
      <input_file id="fl-1a">
         <path>.\SYS\</path>
         <kind>object</kind>
         <file>msp430_interrupt.obj</file>
         <name>msp430_interrupt.obj</name>
      </input_file>
      <input_file id="fl-1b">
         <path>.\SYS\MSP430Ware\</path>
         <kind>object</kind>
         <file>adc12_a.obj</file>
         <name>adc12_a.obj</name>
      </input_file>
      <input_file id="fl-1c">
         <path>.\SYS\MSP430Ware\</path>
         <kind>object</kind>
         <file>dma.obj</file>
         <name>dma.obj</name>
      </input_file>
      <input_file id="fl-1d">
         <path>.\SYS\MSP430Ware\</path>
         <kind>object</kind>
         <file>flash.obj</file>
         <name>flash.obj</name>
      </input_file>
      <input_file id="fl-1e">
         <path>.\SYS\MSP430Ware\</path>
         <kind>object</kind>
         <file>gpio.obj</file>
         <name>gpio.obj</name>
      </input_file>
      <input_file id="fl-1f">
         <path>.\SYS\MSP430Ware\</path>
         <kind>object</kind>
         <file>pmm.obj</file>
         <name>pmm.obj</name>
      </input_file>
      <input_file id="fl-20">
         <path>.\SYS\MSP430Ware\</path>
         <kind>object</kind>
         <file>sfr.obj</file>
         <name>sfr.obj</name>
      </input_file>
      <input_file id="fl-21">
         <path>.\SYS\MSP430Ware\</path>
         <kind>object</kind>
         <file>sys.obj</file>
         <name>sys.obj</name>
      </input_file>
      <input_file id="fl-22">
         <path>.\SYS\MSP430Ware\</path>
         <kind>object</kind>
         <file>timer_a.obj</file>
         <name>timer_a.obj</name>
      </input_file>
      <input_file id="fl-23">
         <path>.\SYS\MSP430Ware\</path>
         <kind>object</kind>
         <file>timer_b.obj</file>
         <name>timer_b.obj</name>
      </input_file>
      <input_file id="fl-24">
         <path>.\SYS\MSP430Ware\</path>
         <kind>object</kind>
         <file>timer_d.obj</file>
         <name>timer_d.obj</name>
      </input_file>
      <input_file id="fl-25">
         <path>.\SYS\MSP430Ware\</path>
         <kind>object</kind>
         <file>ucs.obj</file>
         <name>ucs.obj</name>
      </input_file>
      <input_file id="fl-26">
         <path>.\SYS\MSP430Ware\</path>
         <kind>object</kind>
         <file>usci_b_i2c.obj</file>
         <name>usci_b_i2c.obj</name>
      </input_file>
      <input_file id="fl-27">
         <path>.\SYS\MSP430Ware\</path>
         <kind>object</kind>
         <file>usci_i2c.obj</file>
         <name>usci_i2c.obj</name>
      </input_file>
      <input_file id="fl-28">
         <path>.\SYS\MSP430Ware\</path>
         <kind>object</kind>
         <file>usci_uart.obj</file>
         <name>usci_uart.obj</name>
      </input_file>
      <input_file id="fl-29">
         <path>.\IO\eMPL\</path>
         <kind>object</kind>
         <file>inv_mpu.obj</file>
         <name>inv_mpu.obj</name>
      </input_file>
      <input_file id="fl-2a">
         <path>.\IO\eMPL\</path>
         <kind>object</kind>
         <file>inv_mpu_dmp_motion_driver.obj</file>
         <name>inv_mpu_dmp_motion_driver.obj</name>
      </input_file>
      <input_file id="fl-2b">
         <path>.\IO\</path>
         <kind>object</kind>
         <file>CYC_IO_JSTK.obj</file>
         <name>CYC_IO_JSTK.obj</name>
      </input_file>
      <input_file id="fl-2c">
         <path>.\IO\</path>
         <kind>object</kind>
         <file>CYC_IO_KEYS.obj</file>
         <name>CYC_IO_KEYS.obj</name>
      </input_file>
      <input_file id="fl-2d">
         <path>.\IO\</path>
         <kind>object</kind>
         <file>CYC_IO_LEDS.obj</file>
         <name>CYC_IO_LEDS.obj</name>
      </input_file>
      <input_file id="fl-2e">
         <path>.\IO\</path>
         <kind>object</kind>
         <file>CYC_IO_MOTS_Config.obj</file>
         <name>CYC_IO_MOTS_Config.obj</name>
      </input_file>
      <input_file id="fl-2f">
         <path>.\APP\</path>
         <kind>object</kind>
         <file>CYC_BBU_APP_Demo_v2.obj</file>
         <name>CYC_BBU_APP_Demo_v2.obj</name>
      </input_file>
      <input_file id="fl-5f">
         <path>c:\ti\ccsv6\tools\compiler\msp430_4.3.3\lib\</path>
         <kind>archive</kind>
         <file>rts430x_lc_rd_eabi.lib</file>
         <name>asr32.obj</name>
      </input_file>
      <input_file id="fl-60">
         <path>c:\ti\ccsv6\tools\compiler\msp430_4.3.3\lib\</path>
         <kind>archive</kind>
         <file>rts430x_lc_rd_eabi.lib</file>
         <name>boot.obj</name>
      </input_file>
      <input_file id="fl-61">
         <path>c:\ti\ccsv6\tools\compiler\msp430_4.3.3\lib\</path>
         <kind>archive</kind>
         <file>rts430x_lc_rd_eabi.lib</file>
         <name>copy_decompress_none.obj</name>
      </input_file>
      <input_file id="fl-62">
         <path>c:\ti\ccsv6\tools\compiler\msp430_4.3.3\lib\</path>
         <kind>archive</kind>
         <file>rts430x_lc_rd_eabi.lib</file>
         <name>copy_decompress_rle.obj</name>
      </input_file>
      <input_file id="fl-63">
         <path>c:\ti\ccsv6\tools\compiler\msp430_4.3.3\lib\</path>
         <kind>archive</kind>
         <file>rts430x_lc_rd_eabi.lib</file>
         <name>copy_zero_init.obj</name>
      </input_file>
      <input_file id="fl-64">
         <path>c:\ti\ccsv6\tools\compiler\msp430_4.3.3\lib\</path>
         <kind>archive</kind>
         <file>rts430x_lc_rd_eabi.lib</file>
         <name>div16s.obj</name>
      </input_file>
      <input_file id="fl-65">
         <path>c:\ti\ccsv6\tools\compiler\msp430_4.3.3\lib\</path>
         <kind>archive</kind>
         <file>rts430x_lc_rd_eabi.lib</file>
         <name>div16u.obj</name>
      </input_file>
      <input_file id="fl-66">
         <path>c:\ti\ccsv6\tools\compiler\msp430_4.3.3\lib\</path>
         <kind>archive</kind>
         <file>rts430x_lc_rd_eabi.lib</file>
         <name>div32s.obj</name>
      </input_file>
      <input_file id="fl-67">
         <path>c:\ti\ccsv6\tools\compiler\msp430_4.3.3\lib\</path>
         <kind>archive</kind>
         <file>rts430x_lc_rd_eabi.lib</file>
         <name>div32u.obj</name>
      </input_file>
      <input_file id="fl-68">
         <path>c:\ti\ccsv6\tools\compiler\msp430_4.3.3\lib\</path>
         <kind>archive</kind>
         <file>rts430x_lc_rd_eabi.lib</file>
         <name>exit.obj</name>
      </input_file>
      <input_file id="fl-69">
         <path>c:\ti\ccsv6\tools\compiler\msp430_4.3.3\lib\</path>
         <kind>archive</kind>
         <file>rts430x_lc_rd_eabi.lib</file>
         <name>fltuld.obj</name>
      </input_file>
      <input_file id="fl-6a">
         <path>c:\ti\ccsv6\tools\compiler\msp430_4.3.3\lib\</path>
         <kind>archive</kind>
         <file>rts430x_lc_rd_eabi.lib</file>
         <name>fs_add.obj</name>
      </input_file>
      <input_file id="fl-6b">
         <path>c:\ti\ccsv6\tools\compiler\msp430_4.3.3\lib\</path>
         <kind>archive</kind>
         <file>rts430x_lc_rd_eabi.lib</file>
         <name>fs_cmp.obj</name>
      </input_file>
      <input_file id="fl-6c">
         <path>c:\ti\ccsv6\tools\compiler\msp430_4.3.3\lib\</path>
         <kind>archive</kind>
         <file>rts430x_lc_rd_eabi.lib</file>
         <name>fs_div.obj</name>
      </input_file>
      <input_file id="fl-6d">
         <path>c:\ti\ccsv6\tools\compiler\msp430_4.3.3\lib\</path>
         <kind>archive</kind>
         <file>rts430x_lc_rd_eabi.lib</file>
         <name>fs_itof.obj</name>
      </input_file>
      <input_file id="fl-6e">
         <path>c:\ti\ccsv6\tools\compiler\msp430_4.3.3\lib\</path>
         <kind>archive</kind>
         <file>rts430x_lc_rd_eabi.lib</file>
         <name>fs_ltof.obj</name>
      </input_file>
      <input_file id="fl-6f">
         <path>c:\ti\ccsv6\tools\compiler\msp430_4.3.3\lib\</path>
         <kind>archive</kind>
         <file>rts430x_lc_rd_eabi.lib</file>
         <name>fs_mpy.obj</name>
      </input_file>
      <input_file id="fl-70">
         <path>c:\ti\ccsv6\tools\compiler\msp430_4.3.3\lib\</path>
         <kind>archive</kind>
         <file>rts430x_lc_rd_eabi.lib</file>
         <name>fs_tol.obj</name>
      </input_file>
      <input_file id="fl-71">
         <path>c:\ti\ccsv6\tools\compiler\msp430_4.3.3\lib\</path>
         <kind>archive</kind>
         <file>rts430x_lc_rd_eabi.lib</file>
         <name>fs_tou.obj</name>
      </input_file>
      <input_file id="fl-72">
         <path>c:\ti\ccsv6\tools\compiler\msp430_4.3.3\lib\</path>
         <kind>archive</kind>
         <file>rts430x_lc_rd_eabi.lib</file>
         <name>fs_ultof.obj</name>
      </input_file>
      <input_file id="fl-73">
         <path>c:\ti\ccsv6\tools\compiler\msp430_4.3.3\lib\</path>
         <kind>archive</kind>
         <file>rts430x_lc_rd_eabi.lib</file>
         <name>fs_utof.obj</name>
      </input_file>
      <input_file id="fl-74">
         <path>c:\ti\ccsv6\tools\compiler\msp430_4.3.3\lib\</path>
         <kind>archive</kind>
         <file>rts430x_lc_rd_eabi.lib</file>
         <name>int41.obj</name>
      </input_file>
      <input_file id="fl-75">
         <path>c:\ti\ccsv6\tools\compiler\msp430_4.3.3\lib\</path>
         <kind>archive</kind>
         <file>rts430x_lc_rd_eabi.lib</file>
         <name>int43.obj</name>
      </input_file>
      <input_file id="fl-76">
         <path>c:\ti\ccsv6\tools\compiler\msp430_4.3.3\lib\</path>
         <kind>archive</kind>
         <file>rts430x_lc_rd_eabi.lib</file>
         <name>int44.obj</name>
      </input_file>
      <input_file id="fl-77">
         <path>c:\ti\ccsv6\tools\compiler\msp430_4.3.3\lib\</path>
         <kind>archive</kind>
         <file>rts430x_lc_rd_eabi.lib</file>
         <name>int45.obj</name>
      </input_file>
      <input_file id="fl-78">
         <path>c:\ti\ccsv6\tools\compiler\msp430_4.3.3\lib\</path>
         <kind>archive</kind>
         <file>rts430x_lc_rd_eabi.lib</file>
         <name>int48.obj</name>
      </input_file>
      <input_file id="fl-79">
         <path>c:\ti\ccsv6\tools\compiler\msp430_4.3.3\lib\</path>
         <kind>archive</kind>
         <file>rts430x_lc_rd_eabi.lib</file>
         <name>int49.obj</name>
      </input_file>
      <input_file id="fl-7a">
         <path>c:\ti\ccsv6\tools\compiler\msp430_4.3.3\lib\</path>
         <kind>archive</kind>
         <file>rts430x_lc_rd_eabi.lib</file>
         <name>int50.obj</name>
      </input_file>
      <input_file id="fl-7b">
         <path>c:\ti\ccsv6\tools\compiler\msp430_4.3.3\lib\</path>
         <kind>archive</kind>
         <file>rts430x_lc_rd_eabi.lib</file>
         <name>int51.obj</name>
      </input_file>
      <input_file id="fl-7c">
         <path>c:\ti\ccsv6\tools\compiler\msp430_4.3.3\lib\</path>
         <kind>archive</kind>
         <file>rts430x_lc_rd_eabi.lib</file>
         <name>int53.obj</name>
      </input_file>
      <input_file id="fl-7d">
         <path>c:\ti\ccsv6\tools\compiler\msp430_4.3.3\lib\</path>
         <kind>archive</kind>
         <file>rts430x_lc_rd_eabi.lib</file>
         <name>int57.obj</name>
      </input_file>
      <input_file id="fl-7e">
         <path>c:\ti\ccsv6\tools\compiler\msp430_4.3.3\lib\</path>
         <kind>archive</kind>
         <file>rts430x_lc_rd_eabi.lib</file>
         <name>int58.obj</name>
      </input_file>
      <input_file id="fl-7f">
         <path>c:\ti\ccsv6\tools\compiler\msp430_4.3.3\lib\</path>
         <kind>archive</kind>
         <file>rts430x_lc_rd_eabi.lib</file>
         <name>int60.obj</name>
      </input_file>
      <input_file id="fl-80">
         <path>c:\ti\ccsv6\tools\compiler\msp430_4.3.3\lib\</path>
         <kind>archive</kind>
         <file>rts430x_lc_rd_eabi.lib</file>
         <name>int62.obj</name>
      </input_file>
      <input_file id="fl-81">
         <path>c:\ti\ccsv6\tools\compiler\msp430_4.3.3\lib\</path>
         <kind>archive</kind>
         <file>rts430x_lc_rd_eabi.lib</file>
         <name>isr_trap.obj</name>
      </input_file>
      <input_file id="fl-82">
         <path>c:\ti\ccsv6\tools\compiler\msp430_4.3.3\lib\</path>
         <kind>archive</kind>
         <file>rts430x_lc_rd_eabi.lib</file>
         <name>llmath.obj</name>
      </input_file>
      <input_file id="fl-83">
         <path>c:\ti\ccsv6\tools\compiler\msp430_4.3.3\lib\</path>
         <kind>archive</kind>
         <file>rts430x_lc_rd_eabi.lib</file>
         <name>lsl16.obj</name>
      </input_file>
      <input_file id="fl-84">
         <path>c:\ti\ccsv6\tools\compiler\msp430_4.3.3\lib\</path>
         <kind>archive</kind>
         <file>rts430x_lc_rd_eabi.lib</file>
         <name>lsl32.obj</name>
      </input_file>
      <input_file id="fl-85">
         <path>c:\ti\ccsv6\tools\compiler\msp430_4.3.3\lib\</path>
         <kind>archive</kind>
         <file>rts430x_lc_rd_eabi.lib</file>
         <name>lsr16.obj</name>
      </input_file>
      <input_file id="fl-86">
         <path>c:\ti\ccsv6\tools\compiler\msp430_4.3.3\lib\</path>
         <kind>archive</kind>
         <file>rts430x_lc_rd_eabi.lib</file>
         <name>lsr32.obj</name>
      </input_file>
      <input_file id="fl-87">
         <path>c:\ti\ccsv6\tools\compiler\msp430_4.3.3\lib\</path>
         <kind>archive</kind>
         <file>rts430x_lc_rd_eabi.lib</file>
         <name>memcmp.obj</name>
      </input_file>
      <input_file id="fl-88">
         <path>c:\ti\ccsv6\tools\compiler\msp430_4.3.3\lib\</path>
         <kind>archive</kind>
         <file>rts430x_lc_rd_eabi.lib</file>
         <name>memcpy.obj</name>
      </input_file>
      <input_file id="fl-89">
         <path>c:\ti\ccsv6\tools\compiler\msp430_4.3.3\lib\</path>
         <kind>archive</kind>
         <file>rts430x_lc_rd_eabi.lib</file>
         <name>memset.obj</name>
      </input_file>
      <input_file id="fl-8a">
         <path>c:\ti\ccsv6\tools\compiler\msp430_4.3.3\lib\</path>
         <kind>archive</kind>
         <file>rts430x_lc_rd_eabi.lib</file>
         <name>mpu_init.obj</name>
      </input_file>
      <input_file id="fl-8b">
         <path>c:\ti\ccsv6\tools\compiler\msp430_4.3.3\lib\</path>
         <kind>archive</kind>
         <file>rts430x_lc_rd_eabi.lib</file>
         <name>mult1632_f5hw.obj</name>
      </input_file>
      <input_file id="fl-8c">
         <path>c:\ti\ccsv6\tools\compiler\msp430_4.3.3\lib\</path>
         <kind>archive</kind>
         <file>rts430x_lc_rd_eabi.lib</file>
         <name>mult16_f5hw.obj</name>
      </input_file>
      <input_file id="fl-8d">
         <path>c:\ti\ccsv6\tools\compiler\msp430_4.3.3\lib\</path>
         <kind>archive</kind>
         <file>rts430x_lc_rd_eabi.lib</file>
         <name>mult32_f5hw.obj</name>
      </input_file>
      <input_file id="fl-8e">
         <path>c:\ti\ccsv6\tools\compiler\msp430_4.3.3\lib\</path>
         <kind>archive</kind>
         <file>rts430x_lc_rd_eabi.lib</file>
         <name>mult64_f5hw.obj</name>
      </input_file>
      <input_file id="fl-8f">
         <path>c:\ti\ccsv6\tools\compiler\msp430_4.3.3\lib\</path>
         <kind>archive</kind>
         <file>rts430x_lc_rd_eabi.lib</file>
         <name>pre_init.obj</name>
      </input_file>
      <input_file id="fl-90">
         <path>c:\ti\ccsv6\tools\compiler\msp430_4.3.3\lib\</path>
         <kind>archive</kind>
         <file>rts430x_lc_rd_eabi.lib</file>
         <name>printf.obj</name>
      </input_file>
      <input_file id="fl-91">
         <path>c:\ti\ccsv6\tools\compiler\msp430_4.3.3\lib\</path>
         <kind>archive</kind>
         <file>rts430x_lc_rd_eabi.lib</file>
         <name>strlen.obj</name>
      </input_file>
      <input_file id="fl-92">
         <path>c:\ti\ccsv6\tools\compiler\msp430_4.3.3\lib\</path>
         <kind>archive</kind>
         <file>rts430x_lc_rd_eabi.lib</file>
         <name>_lock.obj</name>
      </input_file>
      <input_file id="fl-93">
         <path>c:\ti\ccsv6\tools\compiler\msp430_4.3.3\lib\</path>
         <kind>archive</kind>
         <file>rts430x_lc_rd_eabi.lib</file>
         <name>_printfi.obj</name>
      </input_file>
      <input_file id="fl-94">
         <path>c:\ti\ccsv6\tools\compiler\msp430_4.3.3\lib\</path>
         <kind>archive</kind>
         <file>rts430x_lc_rd_eabi.lib</file>
         <name>args_main.obj</name>
      </input_file>
      <input_file id="fl-95">
         <path>c:\ti\ccsv6\tools\compiler\msp430_4.3.3\lib\</path>
         <kind>archive</kind>
         <file>rts430x_lc_rd_eabi.lib</file>
         <name>atoi.obj</name>
      </input_file>
      <input_file id="fl-96">
         <path>c:\ti\ccsv6\tools\compiler\msp430_4.3.3\lib\</path>
         <kind>archive</kind>
         <file>rts430x_lc_rd_eabi.lib</file>
         <name>autoinit.obj</name>
      </input_file>
      <input_file id="fl-97">
         <path>c:\ti\ccsv6\tools\compiler\msp430_4.3.3\lib\</path>
         <kind>archive</kind>
         <file>rts430x_lc_rd_eabi.lib</file>
         <name>cmpd.obj</name>
      </input_file>
      <input_file id="fl-98">
         <path>c:\ti\ccsv6\tools\compiler\msp430_4.3.3\lib\</path>
         <kind>archive</kind>
         <file>rts430x_lc_rd_eabi.lib</file>
         <name>ctype.obj</name>
      </input_file>
      <input_file id="fl-99">
         <path>c:\ti\ccsv6\tools\compiler\msp430_4.3.3\lib\</path>
         <kind>archive</kind>
         <file>rts430x_lc_rd_eabi.lib</file>
         <name>defs.obj</name>
      </input_file>
      <input_file id="fl-9a">
         <path>c:\ti\ccsv6\tools\compiler\msp430_4.3.3\lib\</path>
         <kind>archive</kind>
         <file>rts430x_lc_rd_eabi.lib</file>
         <name>divd.obj</name>
      </input_file>
      <input_file id="fl-9b">
         <path>c:\ti\ccsv6\tools\compiler\msp430_4.3.3\lib\</path>
         <kind>archive</kind>
         <file>rts430x_lc_rd_eabi.lib</file>
         <name>fixdli.obj</name>
      </input_file>
      <input_file id="fl-9c">
         <path>c:\ti\ccsv6\tools\compiler\msp430_4.3.3\lib\</path>
         <kind>archive</kind>
         <file>rts430x_lc_rd_eabi.lib</file>
         <name>fixdu.obj</name>
      </input_file>
      <input_file id="fl-9d">
         <path>c:\ti\ccsv6\tools\compiler\msp430_4.3.3\lib\</path>
         <kind>archive</kind>
         <file>rts430x_lc_rd_eabi.lib</file>
         <name>fixdul.obj</name>
      </input_file>
      <input_file id="fl-9e">
         <path>c:\ti\ccsv6\tools\compiler\msp430_4.3.3\lib\</path>
         <kind>archive</kind>
         <file>rts430x_lc_rd_eabi.lib</file>
         <name>fltlid.obj</name>
      </input_file>
      <input_file id="fl-9f">
         <path>c:\ti\ccsv6\tools\compiler\msp430_4.3.3\lib\</path>
         <kind>archive</kind>
         <file>rts430x_lc_rd_eabi.lib</file>
         <name>fputc.obj</name>
      </input_file>
      <input_file id="fl-a0">
         <path>c:\ti\ccsv6\tools\compiler\msp430_4.3.3\lib\</path>
         <kind>archive</kind>
         <file>rts430x_lc_rd_eabi.lib</file>
         <name>fputs.obj</name>
      </input_file>
      <input_file id="fl-a1">
         <path>c:\ti\ccsv6\tools\compiler\msp430_4.3.3\lib\</path>
         <kind>archive</kind>
         <file>rts430x_lc_rd_eabi.lib</file>
         <name>frcdivd.obj</name>
      </input_file>
      <input_file id="fl-a2">
         <path>c:\ti\ccsv6\tools\compiler\msp430_4.3.3\lib\</path>
         <kind>archive</kind>
         <file>rts430x_lc_rd_eabi.lib</file>
         <name>llabs.obj</name>
      </input_file>
      <input_file id="fl-a3">
         <path>c:\ti\ccsv6\tools\compiler\msp430_4.3.3\lib\</path>
         <kind>archive</kind>
         <file>rts430x_lc_rd_eabi.lib</file>
         <name>lowlev.obj</name>
      </input_file>
      <input_file id="fl-a4">
         <path>c:\ti\ccsv6\tools\compiler\msp430_4.3.3\lib\</path>
         <kind>archive</kind>
         <file>rts430x_lc_rd_eabi.lib</file>
         <name>ltoa.obj</name>
      </input_file>
      <input_file id="fl-a5">
         <path>c:\ti\ccsv6\tools\compiler\msp430_4.3.3\lib\</path>
         <kind>archive</kind>
         <file>rts430x_lc_rd_eabi.lib</file>
         <name>memccpy.obj</name>
      </input_file>
      <input_file id="fl-a6">
         <path>c:\ti\ccsv6\tools\compiler\msp430_4.3.3\lib\</path>
         <kind>archive</kind>
         <file>rts430x_lc_rd_eabi.lib</file>
         <name>memchr.obj</name>
      </input_file>
      <input_file id="fl-a7">
         <path>c:\ti\ccsv6\tools\compiler\msp430_4.3.3\lib\</path>
         <kind>archive</kind>
         <file>rts430x_lc_rd_eabi.lib</file>
         <name>mpyd.obj</name>
      </input_file>
      <input_file id="fl-a8">
         <path>c:\ti\ccsv6\tools\compiler\msp430_4.3.3\lib\</path>
         <kind>archive</kind>
         <file>rts430x_lc_rd_eabi.lib</file>
         <name>negd.obj</name>
      </input_file>
      <input_file id="fl-a9">
         <path>c:\ti\ccsv6\tools\compiler\msp430_4.3.3\lib\</path>
         <kind>archive</kind>
         <file>rts430x_lc_rd_eabi.lib</file>
         <name>strchr.obj</name>
      </input_file>
      <input_file id="fl-aa">
         <path>c:\ti\ccsv6\tools\compiler\msp430_4.3.3\lib\</path>
         <kind>archive</kind>
         <file>rts430x_lc_rd_eabi.lib</file>
         <name>strcmp.obj</name>
      </input_file>
      <input_file id="fl-ab">
         <path>c:\ti\ccsv6\tools\compiler\msp430_4.3.3\lib\</path>
         <kind>archive</kind>
         <file>rts430x_lc_rd_eabi.lib</file>
         <name>strncpy.obj</name>
      </input_file>
      <input_file id="fl-ac">
         <path>c:\ti\ccsv6\tools\compiler\msp430_4.3.3\lib\</path>
         <kind>archive</kind>
         <file>rts430x_lc_rd_eabi.lib</file>
         <name>subd.obj</name>
      </input_file>
      <input_file id="fl-ad">
         <path>c:\ti\ccsv6\tools\compiler\msp430_4.3.3\lib\</path>
         <kind>archive</kind>
         <file>rts430x_lc_rd_eabi.lib</file>
         <name>toupper.obj</name>
      </input_file>
      <input_file id="fl-ae">
         <path>c:\ti\ccsv6\tools\compiler\msp430_4.3.3\lib\</path>
         <kind>archive</kind>
         <file>rts430x_lc_rd_eabi.lib</file>
         <name>trgdrv.obj</name>
      </input_file>
      <input_file id="fl-af">
         <path>c:\ti\ccsv6\tools\compiler\msp430_4.3.3\lib\</path>
         <kind>archive</kind>
         <file>rts430x_lc_rd_eabi.lib</file>
         <name>trgmsg.obj</name>
      </input_file>
      <input_file id="fl-b0">
         <path>c:\ti\ccsv6\tools\compiler\msp430_4.3.3\lib\</path>
         <kind>archive</kind>
         <file>rts430x_lc_rd_eabi.lib</file>
         <name>xdclass.obj</name>
      </input_file>
      <input_file id="fl-b1">
         <path>c:\ti\ccsv6\tools\compiler\msp430_4.3.3\lib\</path>
         <kind>archive</kind>
         <file>rts430x_lc_rd_eabi.lib</file>
         <name>_io_perm.obj</name>
      </input_file>
      <input_file id="fl-b2">
         <path>c:\ti\ccsv6\tools\compiler\msp430_4.3.3\lib\</path>
         <kind>archive</kind>
         <file>rts430x_lc_rd_eabi.lib</file>
         <name>abs.obj</name>
      </input_file>
      <input_file id="fl-b3">
         <path>c:\ti\ccsv6\tools\compiler\msp430_4.3.3\lib\</path>
         <kind>archive</kind>
         <file>rts430x_lc_rd_eabi.lib</file>
         <name>addd.obj</name>
      </input_file>
      <input_file id="fl-b4">
         <path>c:\ti\ccsv6\tools\compiler\msp430_4.3.3\lib\</path>
         <kind>archive</kind>
         <file>rts430x_lc_rd_eabi.lib</file>
         <name>fflush.obj</name>
      </input_file>
      <input_file id="fl-b5">
         <path>c:\ti\ccsv6\tools\compiler\msp430_4.3.3\lib\</path>
         <kind>archive</kind>
         <file>rts430x_lc_rd_eabi.lib</file>
         <name>frcaddd.obj</name>
      </input_file>
      <input_file id="fl-b6">
         <path>c:\ti\ccsv6\tools\compiler\msp430_4.3.3\lib\</path>
         <kind>archive</kind>
         <file>rts430x_lc_rd_eabi.lib</file>
         <name>frcmpyd.obj</name>
      </input_file>
      <input_file id="fl-b7">
         <path>c:\ti\ccsv6\tools\compiler\msp430_4.3.3\lib\</path>
         <kind>archive</kind>
         <file>rts430x_lc_rd_eabi.lib</file>
         <name>fseek.obj</name>
      </input_file>
      <input_file id="fl-b8">
         <path>c:\ti\ccsv6\tools\compiler\msp430_4.3.3\lib\</path>
         <kind>archive</kind>
         <file>rts430x_lc_rd_eabi.lib</file>
         <name>renormd.obj</name>
      </input_file>
      <input_file id="fl-b9">
         <path>c:\ti\ccsv6\tools\compiler\msp430_4.3.3\lib\</path>
         <kind>archive</kind>
         <file>rts430x_lc_rd_eabi.lib</file>
         <name>setvbuf.obj</name>
      </input_file>
      <input_file id="fl-ba">
         <path>c:\ti\ccsv6\tools\compiler\msp430_4.3.3\lib\</path>
         <kind>archive</kind>
         <file>rts430x_lc_rd_eabi.lib</file>
         <name>strcpy.obj</name>
      </input_file>
      <input_file id="fl-bb">
         <path>c:\ti\ccsv6\tools\compiler\msp430_4.3.3\lib\</path>
         <kind>archive</kind>
         <file>rts430x_lc_rd_eabi.lib</file>
         <name>fopen.obj</name>
      </input_file>
      <input_file id="fl-bc">
         <path>c:\ti\ccsv6\tools\compiler\msp430_4.3.3\lib\</path>
         <kind>archive</kind>
         <file>rts430x_lc_rd_eabi.lib</file>
         <name>memory.obj</name>
      </input_file>
      <input_file id="fl-bd">
         <path>c:\ti\ccsv6\tools\compiler\msp430_4.3.3\lib\</path>
         <kind>archive</kind>
         <file>rts430x_lc_rd_eabi.lib</file>
         <name>fclose.obj</name>
      </input_file>
      <input_file id="fl-be">
         <path>c:\ti\ccsv6\tools\compiler\msp430_4.3.3\lib\</path>
         <kind>archive</kind>
         <file>rts430x_lc_rd_eabi.lib</file>
         <name>remove.obj</name>
      </input_file>
   </input_file_list>
   <object_component_list>
      <object_component id="oc-9b">
         <name>.sysmem</name>
         <uninitialized>true</uninitialized>
         <run_address>0x25bc</run_address>
         <size>0x6</size>
         <input_file_ref idref="fl-bc"/>
      </object_component>
      <object_component id="oc-cac">
         <name>.sysmem</name>
         <uninitialized>true</uninitialized>
         <run_address>0x25bc</run_address>
         <size>0x0</size>
      </object_component>
      <object_component id="oc-97">
         <name>.stack</name>
         <uninitialized>true</uninitialized>
         <run_address>0x4360</run_address>
         <size>0x4</size>
         <input_file_ref idref="fl-60"/>
      </object_component>
      <object_component id="oc-cab">
         <name>.stack</name>
         <uninitialized>true</uninitialized>
         <run_address>0x4360</run_address>
         <size>0x0</size>
      </object_component>
      <object_component id="oc-1e0">
         <name>.text:processPaketTCU</name>
         <load_address>0x4cd4</load_address>
         <run_address>0x4cd4</run_address>
         <size>0x520</size>
         <input_file_ref idref="fl-c"/>
      </object_component>
      <object_component id="oc-b0b">
         <name>.text:__TI_frcdivd</name>
         <load_address>0x51f4</load_address>
         <run_address>0x51f4</run_address>
         <size>0x452</size>
         <input_file_ref idref="fl-a1"/>
      </object_component>
      <object_component id="oc-ad4">
         <name>.text:__mspabi_divull</name>
         <load_address>0x5646</load_address>
         <run_address>0x5646</run_address>
         <size>0x38e</size>
         <input_file_ref idref="fl-82"/>
      </object_component>
      <object_component id="oc-b03">
         <name>.text:__TI_frcmpyd</name>
         <load_address>0x59d4</load_address>
         <run_address>0x59d4</run_address>
         <size>0x2e4</size>
         <input_file_ref idref="fl-b6"/>
      </object_component>
      <object_component id="oc-b9f">
         <name>.text:__mspabi_addd</name>
         <load_address>0x5cb8</load_address>
         <run_address>0x5cb8</run_address>
         <size>0x2d8</size>
         <input_file_ref idref="fl-b3"/>
      </object_component>
      <object_component id="oc-a6b">
         <name>.text:__mspabi_mpyd</name>
         <load_address>0x5f90</load_address>
         <run_address>0x5f90</run_address>
         <size>0x282</size>
         <input_file_ref idref="fl-a7"/>
      </object_component>
      <object_component id="oc-810">
         <name>.text:_setfield</name>
         <load_address>0x6212</load_address>
         <run_address>0x6212</run_address>
         <size>0x256</size>
         <input_file_ref idref="fl-93"/>
      </object_component>
      <object_component id="oc-1f9">
         <name>.text:processPaketHCI</name>
         <load_address>0x6468</load_address>
         <run_address>0x6468</run_address>
         <size>0x254</size>
         <input_file_ref idref="fl-c"/>
      </object_component>
      <object_component id="oc-bde">
         <name>.text:__TI_frcaddd</name>
         <load_address>0x66bc</load_address>
         <run_address>0x66bc</run_address>
         <size>0x252</size>
         <input_file_ref idref="fl-b5"/>
      </object_component>
      <object_component id="oc-a4b">
         <name>.text:ecvt</name>
         <load_address>0x690e</load_address>
         <run_address>0x690e</run_address>
         <size>0x22c</size>
         <input_file_ref idref="fl-93"/>
      </object_component>
      <object_component id="oc-a71">
         <name>.text:__mspabi_divd</name>
         <load_address>0x6b3a</load_address>
         <run_address>0x6b3a</run_address>
         <size>0x222</size>
         <input_file_ref idref="fl-9a"/>
      </object_component>
      <object_component id="oc-a5e">
         <name>.text:fcvt</name>
         <load_address>0x6d5c</load_address>
         <run_address>0x6d5c</run_address>
         <size>0x21a</size>
         <input_file_ref idref="fl-93"/>
      </object_component>
      <object_component id="oc-72d">
         <name>.text:__TI_printfi</name>
         <load_address>0x6f76</load_address>
         <run_address>0x6f76</run_address>
         <size>0x202</size>
         <input_file_ref idref="fl-93"/>
      </object_component>
      <object_component id="oc-93d">
         <name>.text:_pproc_fge</name>
         <load_address>0x7178</load_address>
         <run_address>0x7178</run_address>
         <size>0x1f8</size>
         <input_file_ref idref="fl-93"/>
      </object_component>
      <object_component id="oc-9e3">
         <name>.text:_pconv_e</name>
         <load_address>0x7370</load_address>
         <run_address>0x7370</run_address>
         <size>0x1aa</size>
         <input_file_ref idref="fl-93"/>
      </object_component>
      <object_component id="oc-9b8">
         <name>.text:_getarg_diouxp</name>
         <load_address>0x751a</load_address>
         <run_address>0x751a</run_address>
         <size>0x188</size>
         <input_file_ref idref="fl-93"/>
      </object_component>
      <object_component id="oc-3ef">
         <name>.text:PMM_setVCoreUp</name>
         <load_address>0x76a2</load_address>
         <run_address>0x76a2</run_address>
         <size>0x182</size>
         <input_file_ref idref="fl-1f"/>
      </object_component>
      <object_component id="oc-248">
         <name>.text:BT_hci_init</name>
         <load_address>0x7824</load_address>
         <run_address>0x7824</run_address>
         <size>0x178</size>
         <input_file_ref idref="fl-a"/>
      </object_component>
      <object_component id="oc-25c">
         <name>.text:eHRStartAdvertising</name>
         <load_address>0x799c</load_address>
         <run_address>0x799c</run_address>
         <size>0x16a</size>
         <input_file_ref idref="fl-f"/>
      </object_component>
      <object_component id="oc-937">
         <name>.text:_pproc_diouxp</name>
         <load_address>0x7b06</load_address>
         <run_address>0x7b06</run_address>
         <size>0x14c</size>
         <input_file_ref idref="fl-93"/>
      </object_component>
      <object_component id="oc-66d">
         <name>.text:eBleSrv_RegisterPrimaryService</name>
         <load_address>0x7c52</load_address>
         <run_address>0x7c52</run_address>
         <size>0x13e</size>
         <input_file_ref idref="fl-d"/>
      </object_component>
      <object_component id="oc-6f8">
         <name>.text:privateUCSSourceClockFromDCO</name>
         <load_address>0x7d90</load_address>
         <run_address>0x7d90</run_address>
         <size>0x13c</size>
         <input_file_ref idref="fl-25"/>
      </object_component>
      <object_component id="oc-781">
         <name>.text:eBleSrv_AddCharacteristic</name>
         <load_address>0x7ecc</load_address>
         <run_address>0x7ecc</run_address>
         <size>0x134</size>
         <input_file_ref idref="fl-d"/>
      </object_component>
      <object_component id="oc-153">
         <name>.text:app_BT_BLE_peripherial_DEMO</name>
         <load_address>0x8000</load_address>
         <run_address>0x8000</run_address>
         <size>0x12a</size>
         <input_file_ref idref="fl-10"/>
      </object_component>
      <object_component id="oc-79d">
         <name>.text:eBleExtractDataEventGattSer</name>
         <load_address>0x812a</load_address>
         <run_address>0x812a</run_address>
         <size>0x12a</size>
         <input_file_ref idref="fl-d"/>
      </object_component>
      <object_component id="oc-573">
         <name>.text:UCS_initFLL</name>
         <load_address>0x8254</load_address>
         <run_address>0x8254</run_address>
         <size>0x128</size>
         <input_file_ref idref="fl-25"/>
      </object_component>
      <object_component id="oc-57d">
         <name>.text:privateUCSComputeCLKFrequency</name>
         <load_address>0x837c</load_address>
         <run_address>0x837c</run_address>
         <size>0x11e</size>
         <input_file_ref idref="fl-25"/>
      </object_component>
      <object_component id="oc-69d">
         <name>.text:eSetLeStartAdvertise_Req</name>
         <load_address>0x849a</load_address>
         <run_address>0x849a</run_address>
         <size>0x114</size>
         <input_file_ref idref="fl-e"/>
      </object_component>
      <object_component id="oc-902">
         <name>.text:eGetLeMngConnComplete_Event</name>
         <load_address>0x85ae</load_address>
         <run_address>0x85ae</run_address>
         <size>0x10e</size>
         <input_file_ref idref="fl-e"/>
      </object_component>
      <object_component id="oc-40e">
         <name>.text:UCS_clockSignalInit</name>
         <load_address>0x86bc</load_address>
         <run_address>0x86bc</run_address>
         <size>0x10c</size>
         <input_file_ref idref="fl-25"/>
      </object_component>
      <object_component id="oc-9d7">
         <name>.text:_pconv_g</name>
         <load_address>0x87c8</load_address>
         <run_address>0x87c8</run_address>
         <size>0x10c</size>
         <input_file_ref idref="fl-93"/>
      </object_component>
      <object_component id="oc-9be">
         <name>.text:_ltostr</name>
         <load_address>0x88d4</load_address>
         <run_address>0x88d4</run_address>
         <size>0x102</size>
         <input_file_ref idref="fl-93"/>
      </object_component>
      <object_component id="oc-4d2">
         <name>.text:errorCode</name>
         <load_address>0x89d6</load_address>
         <run_address>0x89d6</run_address>
         <size>0xfe</size>
         <input_file_ref idref="fl-7"/>
      </object_component>
      <object_component id="oc-3f5">
         <name>.text:PMM_setVCoreDown</name>
         <load_address>0x8ad4</load_address>
         <run_address>0x8ad4</run_address>
         <size>0xfa</size>
         <input_file_ref idref="fl-1f"/>
      </object_component>
      <object_component id="oc-80a">
         <name>.text:_pproc_fwp</name>
         <load_address>0x8bce</load_address>
         <run_address>0x8bce</run_address>
         <size>0xfa</size>
         <input_file_ref idref="fl-93"/>
      </object_component>
      <object_component id="oc-135">
         <name>.text:bt_uart_manager</name>
         <load_address>0x8cc8</load_address>
         <run_address>0x8cc8</run_address>
         <size>0xf6</size>
         <input_file_ref idref="fl-c"/>
      </object_component>
      <object_component id="oc-217">
         <name>.text:CYC_SYS_CLK_SetSystemClock</name>
         <load_address>0x8dbe</load_address>
         <run_address>0x8dbe</run_address>
         <size>0xf4</size>
         <input_file_ref idref="fl-12"/>
      </object_component>
      <object_component id="oc-7f0">
         <name>.text:fputs</name>
         <load_address>0x8eb2</load_address>
         <run_address>0x8eb2</run_address>
         <size>0xf0</size>
         <input_file_ref idref="fl-a0"/>
      </object_component>
      <object_component id="oc-518">
         <name>.text:eHRAddHeartRateService</name>
         <load_address>0x8fa2</load_address>
         <run_address>0x8fa2</run_address>
         <size>0xee</size>
         <input_file_ref idref="fl-f"/>
      </object_component>
      <object_component id="oc-45d">
         <name>.text:USCI_UART_initAdvance</name>
         <load_address>0x9090</load_address>
         <run_address>0x9090</run_address>
         <size>0xe4</size>
         <input_file_ref idref="fl-28"/>
      </object_component>
      <object_component id="oc-50c">
         <name>.text:eHRAddGAPDevName_Appearance_Service</name>
         <load_address>0x9174</load_address>
         <run_address>0x9174</run_address>
         <size>0xe4</size>
         <input_file_ref idref="fl-f"/>
      </object_component>
      <object_component id="oc-262">
         <name>.text:HRMainRoutine</name>
         <load_address>0x9258</load_address>
         <run_address>0x9258</run_address>
         <size>0xe0</size>
         <input_file_ref idref="fl-f"/>
      </object_component>
      <object_component id="oc-99c">
         <name>.text:setvbuf</name>
         <load_address>0x9338</load_address>
         <run_address>0x9338</run_address>
         <size>0xe0</size>
         <input_file_ref idref="fl-b9"/>
      </object_component>
      <object_component id="oc-9e9">
         <name>.text:__mspabi_cmpd</name>
         <load_address>0x9418</load_address>
         <run_address>0x9418</run_address>
         <size>0xd8</size>
         <input_file_ref idref="fl-97"/>
      </object_component>
      <object_component id="oc-85b">
         <name>.text:eSetSdbGattAddCharacterEle_Req</name>
         <load_address>0x94f0</load_address>
         <run_address>0x94f0</run_address>
         <size>0xc0</size>
         <input_file_ref idref="fl-e"/>
      </object_component>
      <object_component id="oc-709">
         <name>.text:GPIO_setAsInputPin</name>
         <load_address>0x95b0</load_address>
         <run_address>0x95b0</run_address>
         <size>0xbe</size>
         <input_file_ref idref="fl-1e"/>
      </object_component>
      <object_component id="oc-534">
         <name>.text:eBleSrv_ReadMultiEventHndlr</name>
         <load_address>0x966e</load_address>
         <run_address>0x966e</run_address>
         <size>0xba</size>
         <input_file_ref idref="fl-d"/>
      </object_component>
      <object_component id="oc-52b">
         <name>.text:eBleSrv_WriteCharDescriptorHndlr</name>
         <load_address>0x9728</load_address>
         <run_address>0x9728</run_address>
         <size>0xba</size>
         <input_file_ref idref="fl-d"/>
      </object_component>
      <object_component id="oc-a09">
         <name>.text:malloc</name>
         <load_address>0x97e2</load_address>
         <run_address>0x97e2</run_address>
         <size>0xba</size>
         <input_file_ref idref="fl-bc"/>
      </object_component>
      <object_component id="oc-c18">
         <name>.text:__TI_renormd</name>
         <load_address>0x989c</load_address>
         <run_address>0x989c</run_address>
         <size>0xb2</size>
         <input_file_ref idref="fl-b8"/>
      </object_component>
      <object_component id="oc-816">
         <name>.text:_pproc_str</name>
         <load_address>0x994e</load_address>
         <run_address>0x994e</run_address>
         <size>0xa8</size>
         <input_file_ref idref="fl-93"/>
      </object_component>
      <object_component id="oc-53a">
         <name>.text:eBleSrv_ReadCharDescriptorHndlr</name>
         <load_address>0x99f6</load_address>
         <run_address>0x99f6</run_address>
         <size>0xa8</size>
         <input_file_ref idref="fl-d"/>
      </object_component>
      <object_component id="oc-540">
         <name>.text:eBleSrv_ReadCharValHndlr</name>
         <load_address>0x9a9e</load_address>
         <run_address>0x9a9e</run_address>
         <size>0xa8</size>
         <input_file_ref idref="fl-d"/>
      </object_component>
      <object_component id="oc-4ac">
         <name>.text:hci_M2_SET_DeepSleep</name>
         <load_address>0x9b46</load_address>
         <run_address>0x9b46</run_address>
         <size>0xa6</size>
         <input_file_ref idref="fl-8"/>
      </object_component>
      <object_component id="oc-596">
         <name>.text:CYC_SYS_UART1_Initialize</name>
         <load_address>0x9bec</load_address>
         <run_address>0x9bec</run_address>
         <size>0xa0</size>
         <input_file_ref idref="fl-19"/>
      </object_component>
      <object_component id="oc-ab8">
         <name>.text:HOSTlseek</name>
         <load_address>0x9c8c</load_address>
         <run_address>0x9c8c</run_address>
         <size>0x9e</size>
         <input_file_ref idref="fl-ae"/>
      </object_component>
      <object_component id="oc-59c">
         <name>.text:GPIO_setAsOutputPin</name>
         <load_address>0x9d2a</load_address>
         <run_address>0x9d2a</run_address>
         <size>0x9a</size>
         <input_file_ref idref="fl-1e"/>
      </object_component>
      <object_component id="oc-457">
         <name>.text:GPIO_setAsPeripheralModuleFunctionInputPin</name>
         <load_address>0x9dc4</load_address>
         <run_address>0x9dc4</run_address>
         <size>0x9a</size>
         <input_file_ref idref="fl-1e"/>
      </object_component>
      <object_component id="oc-451">
         <name>.text:GPIO_setAsPeripheralModuleFunctionOutputPin</name>
         <load_address>0x9e5e</load_address>
         <run_address>0x9e5e</run_address>
         <size>0x9a</size>
         <input_file_ref idref="fl-1e"/>
      </object_component>
      <object_component id="oc-ae6">
         <name>.text:__mspabi_fltlid</name>
         <load_address>0x9ef8</load_address>
         <run_address>0x9ef8</run_address>
         <size>0x94</size>
         <input_file_ref idref="fl-9e"/>
      </object_component>
      <object_component id="oc-876">
         <name>.text:eGetServerGattWriteCharDesc_Event</name>
         <load_address>0x9f8c</load_address>
         <run_address>0x9f8c</run_address>
         <size>0x92</size>
         <input_file_ref idref="fl-e"/>
      </object_component>
      <object_component id="oc-86a">
         <name>.text:eGetServerGattWriteWithoutRespCmd_Event</name>
         <load_address>0xa01e</load_address>
         <run_address>0xa01e</run_address>
         <size>0x92</size>
         <input_file_ref idref="fl-e"/>
      </object_component>
      <object_component id="oc-7f7">
         <name>.text:fputc</name>
         <load_address>0xa0b0</load_address>
         <run_address>0xa0b0</run_address>
         <size>0x90</size>
         <input_file_ref idref="fl-9f"/>
      </object_component>
      <object_component id="oc-776">
         <name>.text:eBleSrv_AddIncludeToSvc</name>
         <load_address>0xa140</load_address>
         <run_address>0xa140</run_address>
         <size>0x8e</size>
         <input_file_ref idref="fl-d"/>
      </object_component>
      <object_component id="oc-a03">
         <name>.text:free</name>
         <load_address>0xa1ce</load_address>
         <run_address>0xa1ce</run_address>
         <size>0x8e</size>
         <input_file_ref idref="fl-bc"/>
      </object_component>
      <object_component id="oc-229">
         <name>.text:CYC_SYS_UART0_Initialize</name>
         <load_address>0xa25c</load_address>
         <run_address>0xa25c</run_address>
         <size>0x8a</size>
         <input_file_ref idref="fl-19"/>
      </object_component>
      <object_component id="oc-644">
         <name>.text:eBleWaitForSpecificEvent</name>
         <load_address>0xa2e6</load_address>
         <run_address>0xa2e6</run_address>
         <size>0x8a</size>
         <input_file_ref idref="fl-d"/>
      </object_component>
      <object_component id="oc-a3a">
         <name>.text:_div</name>
         <load_address>0xa370</load_address>
         <run_address>0xa370</run_address>
         <size>0x88</size>
         <input_file_ref idref="fl-93"/>
      </object_component>
      <object_component id="oc-a51">
         <name>.text:_ecpy</name>
         <load_address>0xa3f8</load_address>
         <run_address>0xa3f8</run_address>
         <size>0x88</size>
         <input_file_ref idref="fl-93"/>
      </object_component>
      <object_component id="oc-864">
         <name>.text:eGetServerGattReadMulti_Event</name>
         <load_address>0xa480</load_address>
         <run_address>0xa480</run_address>
         <size>0x88</size>
         <input_file_ref idref="fl-e"/>
      </object_component>
      <object_component id="oc-559">
         <name>.text:eBleSrv_SendNotification</name>
         <load_address>0xa508</load_address>
         <run_address>0xa508</run_address>
         <size>0x84</size>
         <input_file_ref idref="fl-d"/>
      </object_component>
      <object_component id="oc-256">
         <name>.text:eHRInitialise</name>
         <load_address>0xa58c</load_address>
         <run_address>0xa58c</run_address>
         <size>0x82</size>
         <input_file_ref idref="fl-f"/>
      </object_component>
      <object_component id="oc-ae0">
         <name>.text:ltoa</name>
         <load_address>0xa60e</load_address>
         <run_address>0xa60e</run_address>
         <size>0x80</size>
         <input_file_ref idref="fl-a4"/>
      </object_component>
      <object_component id="oc-408">
         <name>.text:UCS_LFXT1Start</name>
         <load_address>0xa68e</load_address>
         <run_address>0xa68e</run_address>
         <size>0x7e</size>
         <input_file_ref idref="fl-25"/>
      </object_component>
      <object_component id="oc-910">
         <name>.text:__TI_wrt_ok</name>
         <load_address>0xa70c</load_address>
         <run_address>0xa70c</run_address>
         <size>0x7e</size>
         <input_file_ref idref="fl-b1"/>
      </object_component>
      <object_component id="oc-a57">
         <name>.text:_mcpy</name>
         <load_address>0xa78a</load_address>
         <run_address>0xa78a</run_address>
         <size>0x7e</size>
         <input_file_ref idref="fl-93"/>
      </object_component>
      <object_component id="oc-9dd">
         <name>.text:_pconv_f</name>
         <load_address>0xa808</load_address>
         <run_address>0xa808</run_address>
         <size>0x7e</size>
         <input_file_ref idref="fl-93"/>
      </object_component>
      <object_component id="oc-546">
         <name>.text:eBleSrv_ClientMtuExchangeHndlr</name>
         <load_address>0xa886</load_address>
         <run_address>0xa886</run_address>
         <size>0x7c</size>
         <input_file_ref idref="fl-d"/>
      </object_component>
      <object_component id="oc-506">
         <name>.text:eBleDeviceSrv_Init</name>
         <load_address>0xa902</load_address>
         <run_address>0xa902</run_address>
         <size>0x78</size>
         <input_file_ref idref="fl-d"/>
      </object_component>
      <object_component id="oc-512">
         <name>.text:eHRAddDevIdentService</name>
         <load_address>0xa97a</load_address>
         <run_address>0xa97a</run_address>
         <size>0x78</size>
         <input_file_ref idref="fl-f"/>
      </object_component>
      <object_component id="oc-1c5">
         <name>.text:privateGPIOGetBaseAddress</name>
         <load_address>0xa9f2</load_address>
         <run_address>0xa9f2</run_address>
         <size>0x78</size>
         <input_file_ref idref="fl-1e"/>
      </object_component>
      <object_component id="oc-129">
         <name>.text:GPIO_setOutputHighOnPin</name>
         <load_address>0xaa6a</load_address>
         <run_address>0xaa6a</run_address>
         <size>0x76</size>
         <input_file_ref idref="fl-1e"/>
      </object_component>
      <object_component id="oc-13b">
         <name>.text:GPIO_setOutputLowOnPin</name>
         <load_address>0xaae0</load_address>
         <run_address>0xaae0</run_address>
         <size>0x76</size>
         <input_file_ref idref="fl-1e"/>
      </object_component>
      <object_component id="oc-855">
         <name>.text:eSetSdbGattAddCharacterDecl_Req</name>
         <load_address>0xab56</load_address>
         <run_address>0xab56</run_address>
         <size>0x76</size>
         <input_file_ref idref="fl-e"/>
      </object_component>
      <object_component id="oc-ac4">
         <name>.text:HOSTrename</name>
         <load_address>0xabcc</load_address>
         <run_address>0xabcc</run_address>
         <size>0x74</size>
         <input_file_ref idref="fl-ae"/>
      </object_component>
      <object_component id="oc-4c2">
         <name>.text:tcu_MNG_INIT_REQ</name>
         <load_address>0xac40</load_address>
         <run_address>0xac40</run_address>
         <size>0x72</size>
         <input_file_ref idref="fl-9"/>
      </object_component>
      <object_component id="oc-a94">
         <name>.text:__TI_closefile</name>
         <load_address>0xacb2</load_address>
         <run_address>0xacb2</run_address>
         <size>0x70</size>
         <input_file_ref idref="fl-bd"/>
      </object_component>
      <object_component id="oc-aa0">
         <name>.text:HOSTopen</name>
         <load_address>0xad22</load_address>
         <run_address>0xad22</run_address>
         <size>0x6e</size>
         <input_file_ref idref="fl-ae"/>
      </object_component>
      <object_component id="oc-bb">
         <name>.text:_auto_init_hold_wdt</name>
         <load_address>0xad90</load_address>
         <run_address>0xad90</run_address>
         <size>0x6e</size>
         <input_file_ref idref="fl-96"/>
      </object_component>
      <object_component id="oc-8ca">
         <name>.text:eGetServerGattExgMtuAccept_Resp</name>
         <load_address>0xadfe</load_address>
         <run_address>0xadfe</run_address>
         <size>0x6e</size>
         <input_file_ref idref="fl-e"/>
      </object_component>
      <object_component id="oc-711">
         <name>.text:CYC_SYS_UART_TransmitData</name>
         <load_address>0xae6c</load_address>
         <run_address>0xae6c</run_address>
         <size>0x6c</size>
         <input_file_ref idref="fl-19"/>
      </object_component>
      <object_component id="oc-7d9">
         <name>.text:GPIO_getInputPinValue</name>
         <load_address>0xaed8</load_address>
         <run_address>0xaed8</run_address>
         <size>0x6c</size>
         <input_file_ref idref="fl-1e"/>
      </object_component>
      <object_component id="oc-6e6">
         <name>.text:eSetServerGattCharValNotification_Req</name>
         <load_address>0xaf44</load_address>
         <run_address>0xaf44</run_address>
         <size>0x6c</size>
         <input_file_ref idref="fl-e"/>
      </object_component>
      <object_component id="oc-ab2">
         <name>.text:HOSTwrite</name>
         <load_address>0xafb0</load_address>
         <run_address>0xafb0</run_address>
         <size>0x6a</size>
         <input_file_ref idref="fl-ae"/>
      </object_component>
      <object_component id="oc-84d">
         <name>.text:eSetSdbGattAddInclSvc_Req</name>
         <load_address>0xb01a</load_address>
         <run_address>0xb01a</run_address>
         <size>0x6a</size>
         <input_file_ref idref="fl-e"/>
      </object_component>
      <object_component id="oc-6ad">
         <name>.text:eSetSdbGattUpdateCharacterEle_Req</name>
         <load_address>0xb084</load_address>
         <run_address>0xb084</run_address>
         <size>0x6a</size>
         <input_file_ref idref="fl-e"/>
      </object_component>
      <object_component id="oc-996">
         <name>.text:fseek</name>
         <load_address>0xb0ee</load_address>
         <run_address>0xb0ee</run_address>
         <size>0x6a</size>
         <input_file_ref idref="fl-b7"/>
      </object_component>
      <object_component id="oc-aac">
         <name>.text:HOSTread</name>
         <load_address>0xb158</load_address>
         <run_address>0xb158</run_address>
         <size>0x68</size>
         <input_file_ref idref="fl-ae"/>
      </object_component>
      <object_component id="oc-ba7">
         <name>.text:__mspabi_fixdul</name>
         <load_address>0xb1c0</load_address>
         <run_address>0xb1c0</run_address>
         <size>0x68</size>
         <input_file_ref idref="fl-9d"/>
      </object_component>
      <object_component id="oc-af8">
         <name>.text:__mspabi_fixdli</name>
         <load_address>0xb228</load_address>
         <run_address>0xb228</run_address>
         <size>0x66</size>
         <input_file_ref idref="fl-9b"/>
      </object_component>
      <object_component id="oc-7a9">
         <name>.text:eBleExtractDataEventMng</name>
         <load_address>0xb28e</load_address>
         <run_address>0xb28e</run_address>
         <size>0x66</size>
         <input_file_ref idref="fl-d"/>
      </object_component>
      <object_component id="oc-6bf">
         <name>.text:eSetServerGattReadMultiAccept_Req</name>
         <load_address>0xb2f4</load_address>
         <run_address>0xb2f4</run_address>
         <size>0x66</size>
         <input_file_ref idref="fl-e"/>
      </object_component>
      <object_component id="oc-91c">
         <name>.text:__TI_doflush</name>
         <load_address>0xb35a</load_address>
         <run_address>0xb35a</run_address>
         <size>0x64</size>
         <input_file_ref idref="fl-b4"/>
      </object_component>
      <object_component id="oc-882">
         <name>.text:eGetServerGattExgMtu_Event</name>
         <load_address>0xb3be</load_address>
         <run_address>0xb3be</run_address>
         <size>0x64</size>
         <input_file_ref idref="fl-e"/>
      </object_component>
      <object_component id="oc-106">
         <name>.text:__TI_decompress_rle_core</name>
         <load_address>0xb422</load_address>
         <run_address>0xb422</run_address>
         <size>0x62</size>
         <input_file_ref idref="fl-62"/>
      </object_component>
      <object_component id="oc-92f">
         <name>.text:atoi</name>
         <load_address>0xb484</load_address>
         <run_address>0xb484</run_address>
         <size>0x62</size>
         <input_file_ref idref="fl-95"/>
      </object_component>
      <object_component id="oc-235">
         <name>.text:CYC_SYS_PWM_InitPWMTimer</name>
         <load_address>0xb4e6</load_address>
         <run_address>0xb4e6</run_address>
         <size>0x60</size>
         <input_file_ref idref="fl-16"/>
      </object_component>
      <object_component id="oc-4ee">
         <name>.text:vPrintUnexpectedCMD</name>
         <load_address>0xb546</load_address>
         <run_address>0xb546</run_address>
         <size>0x60</size>
         <input_file_ref idref="fl-f"/>
      </object_component>
      <object_component id="oc-870">
         <name>.text:eGetServerGattReadCharDescriptor_Event</name>
         <load_address>0xb5a6</load_address>
         <run_address>0xb5a6</run_address>
         <size>0x5e</size>
         <input_file_ref idref="fl-e"/>
      </object_component>
      <object_component id="oc-87c">
         <name>.text:eGetServerGattReadCharVal_Event</name>
         <load_address>0xb604</load_address>
         <run_address>0xb604</run_address>
         <size>0x5e</size>
         <input_file_ref idref="fl-e"/>
      </object_component>
      <object_component id="oc-8c4">
         <name>.text:eSetServerGattReadCharValAccept_Resp</name>
         <load_address>0xb662</load_address>
         <run_address>0xb662</run_address>
         <size>0x5e</size>
         <input_file_ref idref="fl-e"/>
      </object_component>
      <object_component id="oc-770">
         <name>.text:eBleSrv_AddPrimServiceAttributes</name>
         <load_address>0xb6c0</load_address>
         <run_address>0xb6c0</run_address>
         <size>0x5c</size>
         <input_file_ref idref="fl-d"/>
      </object_component>
      <object_component id="oc-a40">
         <name>.text:__mpyll</name>
         <load_address>0xb71c</load_address>
         <run_address>0xb71c</run_address>
         <size>0x5a</size>
         <input_file_ref idref="fl-8e"/>
      </object_component>
      <object_component id="oc-b1d">
         <name>.text:close</name>
         <load_address>0xb776</load_address>
         <run_address>0xb776</run_address>
         <size>0x5a</size>
         <input_file_ref idref="fl-a3"/>
      </object_component>
      <object_component id="oc-8ea">
         <name>.text:eGetLeDisconnect_Event</name>
         <load_address>0xb7d0</load_address>
         <run_address>0xb7d0</run_address>
         <size>0x5a</size>
         <input_file_ref idref="fl-e"/>
      </object_component>
      <object_component id="oc-63b">
         <name>.text:eSetLeMngInit_Req</name>
         <load_address>0xb82a</load_address>
         <run_address>0xb82a</run_address>
         <size>0x5a</size>
         <input_file_ref idref="fl-e"/>
      </object_component>
      <object_component id="oc-840">
         <name>.text:eSetSdbGattAddPrimaryService_Req</name>
         <load_address>0xb884</load_address>
         <run_address>0xb884</run_address>
         <size>0x5a</size>
         <input_file_ref idref="fl-e"/>
      </object_component>
      <object_component id="oc-bbf">
         <name>.text:getdevice</name>
         <load_address>0xb8de</load_address>
         <run_address>0xb8de</run_address>
         <size>0x5a</size>
         <input_file_ref idref="fl-a3"/>
      </object_component>
      <object_component id="oc-448">
         <name>.text</name>
         <load_address>0xb938</load_address>
         <run_address>0xb938</run_address>
         <size>0x58</size>
         <input_file_ref idref="fl-67"/>
      </object_component>
      <object_component id="oc-521">
         <name>.text:eBlePerif_StartAdv</name>
         <load_address>0xb990</load_address>
         <run_address>0xb990</run_address>
         <size>0x52</size>
         <input_file_ref idref="fl-d"/>
      </object_component>
      <object_component id="oc-9cb">
         <name>.text:_Dclass</name>
         <load_address>0xb9e2</load_address>
         <run_address>0xb9e2</run_address>
         <size>0x50</size>
         <input_file_ref idref="fl-b0"/>
      </object_component>
      <object_component id="oc-a64">
         <name>.text:_fcpy</name>
         <load_address>0xba32</load_address>
         <run_address>0xba32</run_address>
         <size>0x4e</size>
         <input_file_ref idref="fl-93"/>
      </object_component>
      <object_component id="oc-8a0">
         <name>.text:eGetSdbGattAddCharacterDecl_Resp</name>
         <load_address>0xba80</load_address>
         <run_address>0xba80</run_address>
         <size>0x4e</size>
         <input_file_ref idref="fl-e"/>
      </object_component>
      <object_component id="oc-89a">
         <name>.text:eGetSdbGattAddCharacterEle_Resp</name>
         <load_address>0xbace</load_address>
         <run_address>0xbace</run_address>
         <size>0x4e</size>
         <input_file_ref idref="fl-e"/>
      </object_component>
      <object_component id="oc-4c8">
         <name>.text:hci_Get_Version</name>
         <load_address>0xbb1c</load_address>
         <run_address>0xbb1c</run_address>
         <size>0x4e</size>
         <input_file_ref idref="fl-8"/>
      </object_component>
      <object_component id="oc-486">
         <name>.text:init_bluetooth</name>
         <load_address>0xbb6a</load_address>
         <run_address>0xbb6a</run_address>
         <size>0x4e</size>
         <input_file_ref idref="fl-2"/>
      </object_component>
      <object_component id="oc-aa6">
         <name>.text:HOSTclose</name>
         <load_address>0xbbb8</load_address>
         <run_address>0xbbb8</run_address>
         <size>0x4c</size>
         <input_file_ref idref="fl-ae"/>
      </object_component>
      <object_component id="oc-847">
         <name>.text:eBleSrv_GetEndGroupHandle</name>
         <load_address>0xbc04</load_address>
         <run_address>0xbc04</run_address>
         <size>0x4c</size>
         <input_file_ref idref="fl-d"/>
      </object_component>
      <object_component id="oc-894">
         <name>.text:eGetSdbGattAddInclSvc_Resp</name>
         <load_address>0xbc50</load_address>
         <run_address>0xbc50</run_address>
         <size>0x4c</size>
         <input_file_ref idref="fl-e"/>
      </object_component>
      <object_component id="oc-8a6">
         <name>.text:eGetSdbGattAddPrimaryService_Resp</name>
         <load_address>0xbc9c</load_address>
         <run_address>0xbc9c</run_address>
         <size>0x4c</size>
         <input_file_ref idref="fl-e"/>
      </object_component>
      <object_component id="oc-888">
         <name>.text:eGetSdbGattReturnEndGroupHandle_Resp</name>
         <load_address>0xbce8</load_address>
         <run_address>0xbce8</run_address>
         <size>0x4c</size>
         <input_file_ref idref="fl-e"/>
      </object_component>
      <object_component id="oc-8b2">
         <name>.text:eGetServerGattReadCharDescriptorAccept_Resp</name>
         <load_address>0xbd34</load_address>
         <run_address>0xbd34</run_address>
         <size>0x4c</size>
         <input_file_ref idref="fl-e"/>
      </object_component>
      <object_component id="oc-8ac">
         <name>.text:eGetServerGattReadMultiAccept_Resp</name>
         <load_address>0xbd80</load_address>
         <run_address>0xbd80</run_address>
         <size>0x4c</size>
         <input_file_ref idref="fl-e"/>
      </object_component>
      <object_component id="oc-8b8">
         <name>.text:eGetServerGattWriteCharDespAccept_Resp</name>
         <load_address>0xbdcc</load_address>
         <run_address>0xbdcc</run_address>
         <size>0x4c</size>
         <input_file_ref idref="fl-e"/>
      </object_component>
      <object_component id="oc-8be">
         <name>.text:eGetServerGattWriteCharValAccept_Resp</name>
         <load_address>0xbe18</load_address>
         <run_address>0xbe18</run_address>
         <size>0x4c</size>
         <input_file_ref idref="fl-e"/>
      </object_component>
      <object_component id="oc-618">
         <name>.text:printf</name>
         <load_address>0xbe64</load_address>
         <run_address>0xbe64</run_address>
         <size>0x4a</size>
         <input_file_ref idref="fl-90"/>
      </object_component>
      <object_component id="oc-6db">
         <name>.text:eGetServerGattExgMtuAccept_Req</name>
         <load_address>0xbeae</load_address>
         <run_address>0xbeae</run_address>
         <size>0x48</size>
         <input_file_ref idref="fl-e"/>
      </object_component>
      <object_component id="oc-6c9">
         <name>.text:eSetServerGattReadCharDescriptorAccept_Req</name>
         <load_address>0xbef6</load_address>
         <run_address>0xbef6</run_address>
         <size>0x48</size>
         <input_file_ref idref="fl-e"/>
      </object_component>
      <object_component id="oc-6d3">
         <name>.text:eSetServerGattReadCharValAccept_Req</name>
         <load_address>0xbf3e</load_address>
         <run_address>0xbf3e</run_address>
         <size>0x48</size>
         <input_file_ref idref="fl-e"/>
      </object_component>
      <object_component id="oc-6b3">
         <name>.text:eSetServerGattWriteCharDescAccept_Req</name>
         <load_address>0xbf86</load_address>
         <run_address>0xbf86</run_address>
         <size>0x48</size>
         <input_file_ref idref="fl-e"/>
      </object_component>
      <object_component id="oc-c1">
         <name>.text:main</name>
         <load_address>0xbfce</load_address>
         <run_address>0xbfce</run_address>
         <size>0x48</size>
         <input_file_ref idref="fl-2f"/>
      </object_component>
      <object_component id="oc-abe">
         <name>.text:HOSTunlink</name>
         <load_address>0xc016</load_address>
         <run_address>0xc016</run_address>
         <size>0x46</size>
         <input_file_ref idref="fl-ae"/>
      </object_component>
      <object_component id="oc-804">
         <name>.text:_pproc_fflags</name>
         <load_address>0xc05c</load_address>
         <run_address>0xc05c</run_address>
         <size>0x46</size>
         <input_file_ref idref="fl-93"/>
      </object_component>
      <object_component id="oc-8d6">
         <name>.text:eGetServerGattValIndication_Event</name>
         <load_address>0xc0a2</load_address>
         <run_address>0xc0a2</run_address>
         <size>0x46</size>
         <input_file_ref idref="fl-e"/>
      </object_component>
      <object_component id="oc-8e4">
         <name>.text:eGetLeAccept_Ack</name>
         <load_address>0xc0e8</load_address>
         <run_address>0xc0e8</run_address>
         <size>0x44</size>
         <input_file_ref idref="fl-e"/>
      </object_component>
      <object_component id="oc-223">
         <name>.text:CYC_SYS_TMR_EnableTimer1</name>
         <load_address>0xc12c</load_address>
         <run_address>0xc12c</run_address>
         <size>0x42</size>
         <input_file_ref idref="fl-18"/>
      </object_component>
      <object_component id="oc-a8a">
         <name>.text:minit</name>
         <load_address>0xc16e</load_address>
         <run_address>0xc16e</run_address>
         <size>0x42</size>
         <input_file_ref idref="fl-bc"/>
      </object_component>
      <object_component id="oc-6fe">
         <name>.text</name>
         <load_address>0xc1b0</load_address>
         <run_address>0xc1b0</run_address>
         <size>0x40</size>
         <input_file_ref idref="fl-66"/>
      </object_component>
      <object_component id="oc-4b8">
         <name>.text:CYC_SYS_TMR_DelayInMilliSeconds</name>
         <load_address>0xc1f0</load_address>
         <run_address>0xc1f0</run_address>
         <size>0x3e</size>
         <input_file_ref idref="fl-18"/>
      </object_component>
      <object_component id="oc-4b2">
         <name>.text:hci_Write_BD_ADDR</name>
         <load_address>0xc22e</load_address>
         <run_address>0xc22e</run_address>
         <size>0x3e</size>
         <input_file_ref idref="fl-8"/>
      </object_component>
      <object_component id="oc-bb1">
         <name>.text:l_asr_const</name>
         <load_address>0xc26c</load_address>
         <run_address>0xc26c</run_address>
         <size>0x3e</size>
         <input_file_ref idref="fl-5f"/>
      </object_component>
      <object_component id="oc-b6e">
         <name>.text:l_lsl_const</name>
         <load_address>0xc2aa</load_address>
         <run_address>0xc2aa</run_address>
         <size>0x3e</size>
         <input_file_ref idref="fl-84"/>
      </object_component>
      <object_component id="oc-b61">
         <name>.text:l_lsr_const</name>
         <load_address>0xc2e8</load_address>
         <run_address>0xc2e8</run_address>
         <size>0x3e</size>
         <input_file_ref idref="fl-86"/>
      </object_component>
      <object_component id="oc-9fb">
         <name>.text:lseek</name>
         <load_address>0xc326</load_address>
         <run_address>0xc326</run_address>
         <size>0x3e</size>
         <input_file_ref idref="fl-a3"/>
      </object_component>
      <object_component id="oc-922">
         <name>.text:write</name>
         <load_address>0xc364</load_address>
         <run_address>0xc364</run_address>
         <size>0x3c</size>
         <input_file_ref idref="fl-a3"/>
      </object_component>
      <object_component id="oc-211">
         <name>.text:PMM_setVCore</name>
         <load_address>0xc3a0</load_address>
         <run_address>0xc3a0</run_address>
         <size>0x3a</size>
         <input_file_ref idref="fl-1f"/>
      </object_component>
      <object_component id="oc-b88">
         <name>.text:__mspabi_sllll</name>
         <load_address>0xc3da</load_address>
         <run_address>0xc3da</run_address>
         <size>0x3a</size>
         <input_file_ref idref="fl-82"/>
      </object_component>
      <object_component id="oc-ace">
         <name>.text:__mspabi_srlll</name>
         <load_address>0xc414</load_address>
         <run_address>0xc414</run_address>
         <size>0x3a</size>
         <input_file_ref idref="fl-82"/>
      </object_component>
      <object_component id="oc-8fc">
         <name>.text:eGetLeMngInit_Resp</name>
         <load_address>0xc44e</load_address>
         <run_address>0xc44e</run_address>
         <size>0x3a</size>
         <input_file_ref idref="fl-e"/>
      </object_component>
      <object_component id="oc-6a7">
         <name>.text:eBleExtractData</name>
         <load_address>0xc488</load_address>
         <run_address>0xc488</run_address>
         <size>0x38</size>
         <input_file_ref idref="fl-d"/>
      </object_component>
      <object_component id="oc-8dc">
         <name>.text:eGetServerGattValNotify_Event</name>
         <load_address>0xc4c0</load_address>
         <run_address>0xc4c0</run_address>
         <size>0x38</size>
         <input_file_ref idref="fl-e"/>
      </object_component>
      <object_component id="oc-414">
         <name>.text:UCS_initFLLSettle</name>
         <load_address>0xc4f8</load_address>
         <run_address>0xc4f8</run_address>
         <size>0x36</size>
         <input_file_ref idref="fl-25"/>
      </object_component>
      <object_component id="oc-a0f">
         <name>.text:__TI_cleanup</name>
         <load_address>0xc52e</load_address>
         <run_address>0xc52e</run_address>
         <size>0x36</size>
         <input_file_ref idref="fl-bb"/>
      </object_component>
      <object_component id="oc-b35">
         <name>.text:__TI_writemsg</name>
         <load_address>0xc564</load_address>
         <run_address>0xc564</run_address>
         <size>0x36</size>
         <input_file_ref idref="fl-af"/>
      </object_component>
      <object_component id="oc-95d">
         <name>.text:eSetSdbGattReturnEndGroupHandle_Req</name>
         <load_address>0xc59a</load_address>
         <run_address>0xc59a</run_address>
         <size>0x34</size>
         <input_file_ref idref="fl-e"/>
      </object_component>
      <object_component id="oc-21d">
         <name>.text:CYC_SYS_TMR_InitTimer1</name>
         <load_address>0xc5ce</load_address>
         <run_address>0xc5ce</run_address>
         <size>0x32</size>
         <input_file_ref idref="fl-18"/>
      </object_component>
      <object_component id="oc-b3c">
         <name>.text:__TI_readmsg</name>
         <load_address>0xc600</load_address>
         <run_address>0xc600</run_address>
         <size>0x32</size>
         <input_file_ref idref="fl-af"/>
      </object_component>
      <object_component id="oc-aec">
         <name>.text:__mspabi_subd</name>
         <load_address>0xc632</load_address>
         <run_address>0xc632</run_address>
         <size>0x32</size>
         <input_file_ref idref="fl-ac"/>
      </object_component>
      <object_component id="oc-494">
         <name>.text:hci_SET_MODE</name>
         <load_address>0xc664</load_address>
         <run_address>0xc664</run_address>
         <size>0x32</size>
         <input_file_ref idref="fl-8"/>
      </object_component>
      <object_component id="oc-bf9">
         <name>.text:strncpy</name>
         <load_address>0xc696</load_address>
         <run_address>0xc696</run_address>
         <size>0x32</size>
         <input_file_ref idref="fl-ab"/>
      </object_component>
      <object_component id="oc-14d">
         <name>.text:CYC_SYS_InitializeTarget</name>
         <load_address>0xc6c8</load_address>
         <run_address>0xc6c8</run_address>
         <size>0x30</size>
         <input_file_ref idref="fl-15"/>
      </object_component>
      <object_component id="oc-b24">
         <name>.text:unlink</name>
         <load_address>0xc6f8</load_address>
         <run_address>0xc6f8</run_address>
         <size>0x30</size>
         <input_file_ref idref="fl-a3"/>
      </object_component>
      <object_component id="oc-9d1">
         <name>.text:__mspabi_negd</name>
         <load_address>0xc728</load_address>
         <run_address>0xc728</run_address>
         <size>0x2e</size>
         <input_file_ref idref="fl-a8"/>
      </object_component>
      <object_component id="oc-c7">
         <name>.text:exit</name>
         <load_address>0xc756</load_address>
         <run_address>0xc756</run_address>
         <size>0x2e</size>
         <input_file_ref idref="fl-68"/>
      </object_component>
      <object_component id="oc-bff">
         <name>.text:finddevice</name>
         <load_address>0xc784</load_address>
         <run_address>0xc784</run_address>
         <size>0x2e</size>
         <input_file_ref idref="fl-a3"/>
      </object_component>
      <object_component id="oc-748">
         <name>.text:vCopyArrayParams</name>
         <load_address>0xc7b2</load_address>
         <run_address>0xc7b2</run_address>
         <size>0x2e</size>
         <input_file_ref idref="fl-e"/>
      </object_component>
      <object_component id="oc-552">
         <name>.text:vSmartWaitForAnyEvent</name>
         <load_address>0xc7e0</load_address>
         <run_address>0xc7e0</run_address>
         <size>0x2e</size>
         <input_file_ref idref="fl-d"/>
      </object_component>
      <object_component id="oc-500">
         <name>.text:eBleApiInit</name>
         <load_address>0xc80e</load_address>
         <run_address>0xc80e</run_address>
         <size>0x2c</size>
         <input_file_ref idref="fl-d"/>
      </object_component>
      <object_component id="oc-74f">
         <name>.text:eSendData</name>
         <load_address>0xc83a</load_address>
         <run_address>0xc83a</run_address>
         <size>0x2c</size>
         <input_file_ref idref="fl-e"/>
      </object_component>
      <object_component id="oc-703">
         <name>.text</name>
         <load_address>0xc866</load_address>
         <run_address>0xc866</run_address>
         <size>0x2c</size>
         <input_file_ref idref="fl-64"/>
      </object_component>
      <object_component id="oc-192">
[...]
      </symbol>
      <symbol id="sm-c3c">
         <name>__mspabi_remul</name>
         <value>0xb938</value>
         <object_component_ref idref="oc-448"/>
      </symbol>
      <symbol id="sm-c3d">
         <name>__mspabi_divul</name>
         <value>0xb938</value>
         <object_component_ref idref="oc-448"/>
      </symbol>
      <symbol id="sm-c53">
         <name>C$$EXIT</name>
         <value>0xce58</value>
         <object_component_ref idref="oc-169"/>
      </symbol>
      <symbol id="sm-c54">
         <name>abort</name>
         <value>0xce58</value>
         <object_component_ref idref="oc-169"/>
      </symbol>
      <symbol id="sm-c55">
         <name>exit</name>
         <value>0xc756</value>
         <object_component_ref idref="oc-c7"/>
      </symbol>
      <symbol id="sm-c68">
         <name>__TI_int41</name>
         <value>0xffd2</value>
         <object_component_ref idref="oc-69"/>
      </symbol>
      <symbol id="sm-c6b">
         <name>__TI_int43</name>
         <value>0xffd6</value>
         <object_component_ref idref="oc-6b"/>
      </symbol>
      <symbol id="sm-c6e">
         <name>__TI_int44</name>
         <value>0xffd8</value>
         <object_component_ref idref="oc-6c"/>
      </symbol>
      <symbol id="sm-c71">
         <name>__TI_int45</name>
         <value>0xffda</value>
         <object_component_ref idref="oc-6d"/>
      </symbol>
      <symbol id="sm-c74">
         <name>__TI_int48</name>
         <value>0xffe0</value>
         <object_component_ref idref="oc-70"/>
      </symbol>
      <symbol id="sm-c77">
         <name>__TI_int49</name>
         <value>0xffe2</value>
         <object_component_ref idref="oc-71"/>
      </symbol>
      <symbol id="sm-c7a">
         <name>__TI_int50</name>
         <value>0xffe4</value>
         <object_component_ref idref="oc-78"/>
      </symbol>
      <symbol id="sm-c7d">
         <name>__TI_int51</name>
         <value>0xffe6</value>
         <object_component_ref idref="oc-79"/>
      </symbol>
      <symbol id="sm-c80">
         <name>__TI_int53</name>
         <value>0xffea</value>
         <object_component_ref idref="oc-7b"/>
      </symbol>
      <symbol id="sm-c83">
         <name>__TI_int57</name>
         <value>0xfff2</value>
         <object_component_ref idref="oc-7f"/>
      </symbol>
      <symbol id="sm-c86">
         <name>__TI_int58</name>
         <value>0xfff4</value>
         <object_component_ref idref="oc-80"/>
      </symbol>
      <symbol id="sm-c89">
         <name>__TI_int60</name>
         <value>0xfff8</value>
         <object_component_ref idref="oc-82"/>
      </symbol>
      <symbol id="sm-c8c">
         <name>__TI_int62</name>
         <value>0xfffc</value>
         <object_component_ref idref="oc-84"/>
      </symbol>
      <symbol id="sm-c94">
         <name>__TI_ISR_TRAP</name>
         <value>0xce38</value>
         <object_component_ref idref="oc-9e"/>
      </symbol>
      <symbol id="sm-cde">
         <name>__mspabi_srlll</name>
         <value>0xc414</value>
         <object_component_ref idref="oc-ace"/>
      </symbol>
      <symbol id="sm-cdf">
         <name>__mspabi_sllll</name>
         <value>0xc3da</value>
         <object_component_ref idref="oc-b88"/>
      </symbol>
      <symbol id="sm-ce0">
         <name>__mspabi_divull</name>
         <value>0x5646</value>
         <object_component_ref idref="oc-ad4"/>
      </symbol>
      <symbol id="sm-ce9">
         <name>__mspabi_slli</name>
         <value>0xce12</value>
         <object_component_ref idref="oc-11f"/>
      </symbol>
      <symbol id="sm-cf9">
         <name>__mspabi_slll_9</name>
         <value>0xc2c2</value>
         <object_component_ref idref="oc-b6e"/>
      </symbol>
      <symbol id="sm-cfa">
         <name>__mspabi_slll_8</name>
         <value>0xc2c6</value>
         <object_component_ref idref="oc-b6e"/>
      </symbol>
      <symbol id="sm-cfb">
         <name>__mspabi_slll_7</name>
         <value>0xc2ca</value>
         <object_component_ref idref="oc-b6e"/>
      </symbol>
      <symbol id="sm-cfc">
         <name>__mspabi_slll_6</name>
         <value>0xc2ce</value>
         <object_component_ref idref="oc-b6e"/>
      </symbol>
      <symbol id="sm-cfd">
         <name>__mspabi_slll_5</name>
         <value>0xc2d2</value>
         <object_component_ref idref="oc-b6e"/>
      </symbol>
      <symbol id="sm-cfe">
         <name>__mspabi_slll_4</name>
         <value>0xc2d6</value>
         <object_component_ref idref="oc-b6e"/>
      </symbol>
      <symbol id="sm-cff">
         <name>__mspabi_slll_3</name>
         <value>0xc2da</value>
         <object_component_ref idref="oc-b6e"/>
      </symbol>
      <symbol id="sm-d00">
         <name>__mspabi_slll_2</name>
         <value>0xc2de</value>
         <object_component_ref idref="oc-b6e"/>
      </symbol>
      <symbol id="sm-d01">
         <name>__mspabi_slll_1</name>
         <value>0xc2e2</value>
         <object_component_ref idref="oc-b6e"/>
      </symbol>
      <symbol id="sm-d02">
         <name>__mspabi_slll</name>
         <value>0xcd74</value>
         <object_component_ref idref="oc-c0e"/>
      </symbol>
      <symbol id="sm-d03">
         <name>__mspabi_slll_15</name>
         <value>0xc2aa</value>
         <object_component_ref idref="oc-b6e"/>
      </symbol>
      <symbol id="sm-d04">
         <name>__mspabi_slll_14</name>
         <value>0xc2ae</value>
         <object_component_ref idref="oc-b6e"/>
      </symbol>
      <symbol id="sm-d05">
         <name>__mspabi_slll_13</name>
         <value>0xc2b2</value>
         <object_component_ref idref="oc-b6e"/>
      </symbol>
      <symbol id="sm-d06">
         <name>__mspabi_slll_12</name>
         <value>0xc2b6</value>
         <object_component_ref idref="oc-b6e"/>
      </symbol>
      <symbol id="sm-d07">
         <name>__mspabi_slll_11</name>
         <value>0xc2ba</value>
         <object_component_ref idref="oc-b6e"/>
      </symbol>
      <symbol id="sm-d08">
         <name>__mspabi_slll_10</name>
         <value>0xc2be</value>
         <object_component_ref idref="oc-b6e"/>
      </symbol>
      <symbol id="sm-d19">
         <name>__mspabi_srll_8</name>
         <value>0xc304</value>
         <object_component_ref idref="oc-b61"/>
      </symbol>
      <symbol id="sm-d1a">
         <name>__mspabi_srll_9</name>
         <value>0xc300</value>
         <object_component_ref idref="oc-b61"/>
      </symbol>
      <symbol id="sm-d1b">
         <name>__mspabi_srll_6</name>
         <value>0xc30c</value>
         <object_component_ref idref="oc-b61"/>
      </symbol>
      <symbol id="sm-d1c">
         <name>__mspabi_srll_7</name>
         <value>0xc308</value>
         <object_component_ref idref="oc-b61"/>
      </symbol>
      <symbol id="sm-d1d">
         <name>__mspabi_srll_4</name>
         <value>0xc314</value>
         <object_component_ref idref="oc-b61"/>
      </symbol>
      <symbol id="sm-d1e">
         <name>__mspabi_srll_5</name>
         <value>0xc310</value>
         <object_component_ref idref="oc-b61"/>
      </symbol>
      <symbol id="sm-d1f">
         <name>__mspabi_srll_2</name>
         <value>0xc31c</value>
         <object_component_ref idref="oc-b61"/>
      </symbol>
      <symbol id="sm-d20">
         <name>__mspabi_srll_3</name>
         <value>0xc318</value>
         <object_component_ref idref="oc-b61"/>
      </symbol>
      <symbol id="sm-d21">
         <name>__mspabi_srll_1</name>
         <value>0xc320</value>
         <object_component_ref idref="oc-b61"/>
      </symbol>
      <symbol id="sm-d22">
         <name>__mspabi_srll_15</name>
         <value>0xc2e8</value>
         <object_component_ref idref="oc-b61"/>
      </symbol>
      <symbol id="sm-d23">
         <name>__mspabi_srll_14</name>
         <value>0xc2ec</value>
         <object_component_ref idref="oc-b61"/>
      </symbol>
      <symbol id="sm-d24">
         <name>__mspabi_srll_13</name>
         <value>0xc2f0</value>
         <object_component_ref idref="oc-b61"/>
      </symbol>
      <symbol id="sm-d25">
         <name>__mspabi_srll_12</name>
         <value>0xc2f4</value>
         <object_component_ref idref="oc-b61"/>
      </symbol>
      <symbol id="sm-d26">
         <name>__mspabi_srll_11</name>
         <value>0xc2f8</value>
         <object_component_ref idref="oc-b61"/>
      </symbol>
      <symbol id="sm-d27">
         <name>__mspabi_srll_10</name>
         <value>0xc2fc</value>
         <object_component_ref idref="oc-b61"/>
      </symbol>
      <symbol id="sm-d28">
         <name>__mspabi_srll</name>
         <value>0xcd84</value>
         <object_component_ref idref="oc-b8e"/>
      </symbol>
      <symbol id="sm-d37">
         <name>memcpy</name>
         <value>0xcce2</value>
         <object_component_ref idref="oc-f2"/>
      </symbol>
      <symbol id="sm-d45">
         <name>memset</name>
         <value>0xcc50</value>
         <object_component_ref idref="oc-651"/>
      </symbol>
      <symbol id="sm-d4f">
         <name>__mspabi_mpyi_f5hw</name>
         <value>0xcc7c</value>
         <object_component_ref idref="oc-77c"/>
      </symbol>
      <symbol id="sm-d57">
         <name>__mspabi_mpyl_f5hw</name>
         <value>0xca04</value>
         <object_component_ref idref="oc-7cb"/>
      </symbol>
      <symbol id="sm-d5f">
         <name>__mspabi_mpyll_f5hw</name>
         <value>0xb71c</value>
         <object_component_ref idref="oc-a40"/>
      </symbol>
      <symbol id="sm-d68">
         <name>_system_pre_init</name>
         <value>0xce54</value>
         <object_component_ref idref="oc-b5"/>
      </symbol>
      <symbol id="sm-d8b">
         <name>printf</name>
         <value>0xbe64</value>
         <object_component_ref idref="oc-618"/>
      </symbol>
      <symbol id="sm-d98">
         <name>strlen</name>
         <value>0xcda2</value>
         <object_component_ref idref="oc-7fe"/>
      </symbol>
      <symbol id="sm-da9">
         <name>_nop</name>
         <value>0xce5c</value>
         <object_component_ref idref="oc-275"/>
      </symbol>
      <symbol id="sm-daa">
         <name>_lock</name>
         <value>0x2598</value>
         <object_component_ref idref="oc-160"/>
      </symbol>
      <symbol id="sm-dab">
         <name>_unlock</name>
         <value>0x259c</value>
         <object_component_ref idref="oc-160"/>
      </symbol>
      <symbol id="sm-f3e">
         <name>__TI_printfi</name>
         <value>0x6f76</value>
         <object_component_ref idref="oc-72d"/>
      </symbol>
      <symbol id="sm-f52">
         <name>atoi</name>
         <value>0xb484</value>
         <object_component_ref idref="oc-92f"/>
      </symbol>
      <symbol id="sm-f69">
         <name>_auto_init_hold_wdt</name>
         <value>0xad90</value>
         <object_component_ref idref="oc-bb"/>
      </symbol>
      <symbol id="sm-f86">
         <name>__mspabi_cmpd</name>
         <value>0x9418</value>
         <object_component_ref idref="oc-9e9"/>
      </symbol>
      <symbol id="sm-f90">
         <name>_ctypes_</name>
         <value>0x467a</value>
         <object_component_ref idref="oc-9b3"/>
      </symbol>
      <symbol id="sm-fa0">
         <name>__TI_tmpnams</name>
         <value>0x2108</value>
      </symbol>
      <symbol id="sm-fa1">
         <name>_ftable</name>
         <value>0x23a6</value>
         <object_component_ref idref="oc-71e"/>
      </symbol>
      <symbol id="sm-fa2">
         <name>__TI_ft_end</name>
         <value>0x25b6</value>
         <object_component_ref idref="oc-a9a"/>
      </symbol>
      <symbol id="sm-fc3">
         <name>__mspabi_divd</name>
         <value>0x6b3a</value>
         <object_component_ref idref="oc-a71"/>
      </symbol>
      <symbol id="sm-fd5">
         <name>__mspabi_fixdli</name>
         <value>0xb228</value>
         <object_component_ref idref="oc-af8"/>
      </symbol>
      <symbol id="sm-fe3">
         <name>__mspabi_fixdu</name>
         <value>0xcd0a</value>
         <object_component_ref idref="oc-af2"/>
      </symbol>
      <symbol id="sm-ff6">
         <name>__mspabi_fixdul</name>
         <value>0xb1c0</value>
         <object_component_ref idref="oc-ba7"/>
      </symbol>
      <symbol id="sm-100e">
         <name>__mspabi_fltlid</name>
         <value>0x9ef8</value>
         <object_component_ref idref="oc-ae6"/>
      </symbol>
      <symbol id="sm-1021">
         <name>fputc</name>
         <value>0xa0b0</value>
         <object_component_ref idref="oc-7f7"/>
      </symbol>
      <symbol id="sm-1039">
         <name>fputs</name>
         <value>0x8eb2</value>
         <object_component_ref idref="oc-7f0"/>
      </symbol>
      <symbol id="sm-1054">
         <name>__TI_frcdivd</name>
         <value>0x51f4</value>
         <object_component_ref idref="oc-b0b"/>
      </symbol>
      <symbol id="sm-10ad">
         <name>lseek</name>
         <value>0xc326</value>
         <object_component_ref idref="oc-9fb"/>
      </symbol>
      <symbol id="sm-10ae">
         <name>write</name>
         <value>0xc364</value>
         <object_component_ref idref="oc-922"/>
      </symbol>
      <symbol id="sm-10af">
         <name>close</name>
         <value>0xb776</value>
         <object_component_ref idref="oc-b1d"/>
      </symbol>
      <symbol id="sm-10b0">
         <name>unlink</name>
         <value>0xc6f8</value>
         <object_component_ref idref="oc-b24"/>
      </symbol>
      <symbol id="sm-10bf">
         <name>ltoa</name>
         <value>0xa60e</value>
         <object_component_ref idref="oc-ae0"/>
      </symbol>
      <symbol id="sm-10ce">
         <name>memccpy</name>
         <value>0xcb2c</value>
         <object_component_ref idref="oc-943"/>
      </symbol>
      <symbol id="sm-10dd">
         <name>memchr</name>
         <value>0xcc3a</value>
         <object_component_ref idref="oc-916"/>
      </symbol>
      <symbol id="sm-10fd">
         <name>__mspabi_mpyd</name>
         <value>0x5f90</value>
         <object_component_ref idref="oc-a6b"/>
      </symbol>
      <symbol id="sm-1106">
         <name>__mspabi_negd</name>
         <value>0xc728</value>
         <object_component_ref idref="oc-9d1"/>
      </symbol>
      <symbol id="sm-1115">
         <name>strchr</name>
         <value>0xcbf0</value>
         <object_component_ref idref="oc-bf3"/>
      </symbol>
      <symbol id="sm-1123">
         <name>strcmp</name>
         <value>0xcba0</value>
         <object_component_ref idref="oc-c28"/>
      </symbol>
      <symbol id="sm-1133">
         <name>strncpy</name>
         <value>0xc696</value>
         <object_component_ref idref="oc-bf9"/>
      </symbol>
      <symbol id="sm-113f">
         <name>__mspabi_subd</name>
         <value>0xc632</value>
         <object_component_ref idref="oc-aec"/>
      </symbol>
      <symbol id="sm-114c">
         <name>toupper</name>
         <value>0xcd40</value>
         <object_component_ref idref="oc-9c5"/>
      </symbol>
      <symbol id="sm-1187">
         <name>HOSTrename</name>
         <value>0xabcc</value>
         <object_component_ref idref="oc-ac4"/>
      </symbol>
      <symbol id="sm-1188">
         <name>HOSTclose</name>
         <value>0xbbb8</value>
         <object_component_ref idref="oc-aa6"/>
      </symbol>
      <symbol id="sm-1189">
         <name>HOSTunlink</name>
         <value>0xc016</value>
         <object_component_ref idref="oc-abe"/>
      </symbol>
      <symbol id="sm-118a">
         <name>HOSTlseek</name>
         <value>0x9c8c</value>
         <object_component_ref idref="oc-ab8"/>
      </symbol>
      <symbol id="sm-118b">
         <name>HOSTopen</name>
         <value>0xad22</value>
         <object_component_ref idref="oc-aa0"/>
      </symbol>
      <symbol id="sm-118c">
         <name>HOSTwrite</name>
         <value>0xafb0</value>
         <object_component_ref idref="oc-ab2"/>
      </symbol>
      <symbol id="sm-118d">
         <name>HOSTread</name>
         <value>0xb158</value>
         <object_component_ref idref="oc-aac"/>
      </symbol>
      <symbol id="sm-11ab">
         <name>__TI_readmsg</name>
         <value>0xc600</value>
         <object_component_ref idref="oc-b3c"/>
      </symbol>
      <symbol id="sm-11ac">
         <name>C$$IO$$</name>
         <value>0xc596</value>
         <object_component_ref idref="oc-b35"/>
      </symbol>
      <symbol id="sm-11ad">
         <name>_CIOBUF_</name>
         <value>0x26fc</value>
         <object_component_ref idref="oc-bca"/>
      </symbol>
      <symbol id="sm-11ae">
         <name>__TI_writemsg</name>
         <value>0xc564</value>
         <object_component_ref idref="oc-b35"/>
      </symbol>
      <symbol id="sm-11bf">
         <name>_Dclass</name>
         <value>0xb9e2</value>
         <object_component_ref idref="oc-9cb"/>
      </symbol>
      <symbol id="sm-11d7">
         <name>__TI_wrt_ok</name>
         <value>0xa70c</value>
         <object_component_ref idref="oc-910"/>
      </symbol>
      <symbol id="sm-11e4">
         <name>abs</name>
         <value>0xce08</value>
         <object_component_ref idref="oc-b95"/>
      </symbol>
      <symbol id="sm-1206">
         <name>__mspabi_addd</name>
         <value>0x5cb8</value>
         <object_component_ref idref="oc-b9f"/>
      </symbol>
      <symbol id="sm-1217">
         <name>__TI_doflush</name>
         <value>0xb35a</value>
         <object_component_ref idref="oc-91c"/>
      </symbol>
      <symbol id="sm-1238">
         <name>__TI_frcaddd</name>
         <value>0x66bc</value>
         <object_component_ref idref="oc-bde"/>
      </symbol>
      <symbol id="sm-1249">
         <name>__TI_frcmpyd</name>
         <value>0x59d4</value>
         <object_component_ref idref="oc-b03"/>
      </symbol>
      <symbol id="sm-1259">
         <name>fseek</name>
         <value>0xb0ee</value>
         <object_component_ref idref="oc-996"/>
      </symbol>
      <symbol id="sm-126d">
         <name>__TI_renormd</name>
         <value>0x989c</value>
         <object_component_ref idref="oc-c18"/>
      </symbol>
      <symbol id="sm-1285">
         <name>setvbuf</name>
         <value>0x9338</value>
         <object_component_ref idref="oc-99c"/>
      </symbol>
      <symbol id="sm-1292">
         <name>strcpy</name>
         <value>0xcd2e</value>
         <object_component_ref idref="oc-b7c"/>
      </symbol>
      <symbol id="sm-129e">
         <name>__TI_cleanup</name>
         <value>0xc52e</value>
         <object_component_ref idref="oc-a0f"/>
      </symbol>
      <symbol id="sm-12e9">
         <name>_sys_memory</name>
         <value>0x25bc</value>
         <object_component_ref idref="oc-9b"/>
      </symbol>
      <symbol id="sm-12ea">
         <name>free</name>
         <value>0xa1ce</value>
         <object_component_ref idref="oc-a03"/>
      </symbol>
      <symbol id="sm-12eb">
         <name>malloc</name>
         <value>0x97e2</value>
         <object_component_ref idref="oc-a09"/>
      </symbol>
      <symbol id="sm-12ec">
         <name>minit</name>
         <value>0xc16e</value>
         <object_component_ref idref="oc-a8a"/>
      </symbol>
      <symbol id="sm-12fd">
         <name>__TI_closefile</name>
         <value>0xacb2</value>
         <object_component_ref idref="oc-a94"/>
      </symbol>
      <symbol id="sm-12ff">
         <name>__TI_exit</name>
         <value>0x1</value>
      </symbol>
      <symbol id="sm-1300">
         <name>__TI_args_main</name>
         <value>0x1</value>
      </symbol>
      <symbol id="sm-1301">
         <name>__TI_INITARRAY_Base</name>
         <value>0x0</value>
      </symbol>
      <symbol id="sm-1302">
         <name>__TI_INITARRAY_Limit</name>
         <value>0x0</value>
      </symbol>
      <symbol id="sm-1305">
         <name>remove</name>
         <value>0xc6f8</value>
      </symbol>
   </symbol_table>
   <title>Link successful</title>
</link_info>
